Archive member included to satisfy reference by file (symbol)

c:/st/stm32cubeide_1.5.1/stm32cubeide/plugins/com.st.stm32cube.ide.mcu.externaltools.gnu-tools-for-stm32.7-2018-q2-update.win32_1.5.0.202011040924/tools/bin/../lib/gcc/arm-none-eabi/7.3.1/../../../../arm-none-eabi/lib/thumb/v7-m\libc_nano.a(lib_a-errno.o)
                              Core/Src/syscalls.o (__errno)
c:/st/stm32cubeide_1.5.1/stm32cubeide/plugins/com.st.stm32cube.ide.mcu.externaltools.gnu-tools-for-stm32.7-2018-q2-update.win32_1.5.0.202011040924/tools/bin/../lib/gcc/arm-none-eabi/7.3.1/../../../../arm-none-eabi/lib/thumb/v7-m\libc_nano.a(lib_a-exit.o)
                              c:/st/stm32cubeide_1.5.1/stm32cubeide/plugins/com.st.stm32cube.ide.mcu.externaltools.gnu-tools-for-stm32.7-2018-q2-update.win32_1.5.0.202011040924/tools/bin/../lib/gcc/arm-none-eabi/7.3.1/../../../../arm-none-eabi/lib/thumb/v7-m/crt0.o (exit)
c:/st/stm32cubeide_1.5.1/stm32cubeide/plugins/com.st.stm32cube.ide.mcu.externaltools.gnu-tools-for-stm32.7-2018-q2-update.win32_1.5.0.202011040924/tools/bin/../lib/gcc/arm-none-eabi/7.3.1/../../../../arm-none-eabi/lib/thumb/v7-m\libc_nano.a(lib_a-impure.o)
                              c:/st/stm32cubeide_1.5.1/stm32cubeide/plugins/com.st.stm32cube.ide.mcu.externaltools.gnu-tools-for-stm32.7-2018-q2-update.win32_1.5.0.202011040924/tools/bin/../lib/gcc/arm-none-eabi/7.3.1/../../../../arm-none-eabi/lib/thumb/v7-m\libc_nano.a(lib_a-exit.o) (_global_impure_ptr)
c:/st/stm32cubeide_1.5.1/stm32cubeide/plugins/com.st.stm32cube.ide.mcu.externaltools.gnu-tools-for-stm32.7-2018-q2-update.win32_1.5.0.202011040924/tools/bin/../lib/gcc/arm-none-eabi/7.3.1/../../../../arm-none-eabi/lib/thumb/v7-m\libc_nano.a(lib_a-init.o)
                              c:/st/stm32cubeide_1.5.1/stm32cubeide/plugins/com.st.stm32cube.ide.mcu.externaltools.gnu-tools-for-stm32.7-2018-q2-update.win32_1.5.0.202011040924/tools/bin/../lib/gcc/arm-none-eabi/7.3.1/../../../../arm-none-eabi/lib/thumb/v7-m/crt0.o (__libc_init_array)
c:/st/stm32cubeide_1.5.1/stm32cubeide/plugins/com.st.stm32cube.ide.mcu.externaltools.gnu-tools-for-stm32.7-2018-q2-update.win32_1.5.0.202011040924/tools/bin/../lib/gcc/arm-none-eabi/7.3.1/../../../../arm-none-eabi/lib/thumb/v7-m\libc_nano.a(lib_a-malloc.o)
                              Middlewares/ST/STM32_USB_Device_Library/Class/CDC/Src/usbd_cdc.o (malloc)
c:/st/stm32cubeide_1.5.1/stm32cubeide/plugins/com.st.stm32cube.ide.mcu.externaltools.gnu-tools-for-stm32.7-2018-q2-update.win32_1.5.0.202011040924/tools/bin/../lib/gcc/arm-none-eabi/7.3.1/../../../../arm-none-eabi/lib/thumb/v7-m\libc_nano.a(lib_a-memcpy-stub.o)
                              Core/Src/main.o (memcpy)
c:/st/stm32cubeide_1.5.1/stm32cubeide/plugins/com.st.stm32cube.ide.mcu.externaltools.gnu-tools-for-stm32.7-2018-q2-update.win32_1.5.0.202011040924/tools/bin/../lib/gcc/arm-none-eabi/7.3.1/../../../../arm-none-eabi/lib/thumb/v7-m\libc_nano.a(lib_a-memset.o)
                              c:/st/stm32cubeide_1.5.1/stm32cubeide/plugins/com.st.stm32cube.ide.mcu.externaltools.gnu-tools-for-stm32.7-2018-q2-update.win32_1.5.0.202011040924/tools/bin/../lib/gcc/arm-none-eabi/7.3.1/../../../../arm-none-eabi/lib/thumb/v7-m/crt0.o (memset)
c:/st/stm32cubeide_1.5.1/stm32cubeide/plugins/com.st.stm32cube.ide.mcu.externaltools.gnu-tools-for-stm32.7-2018-q2-update.win32_1.5.0.202011040924/tools/bin/../lib/gcc/arm-none-eabi/7.3.1/../../../../arm-none-eabi/lib/thumb/v7-m\libc_nano.a(lib_a-nano-freer.o)
                              c:/st/stm32cubeide_1.5.1/stm32cubeide/plugins/com.st.stm32cube.ide.mcu.externaltools.gnu-tools-for-stm32.7-2018-q2-update.win32_1.5.0.202011040924/tools/bin/../lib/gcc/arm-none-eabi/7.3.1/../../../../arm-none-eabi/lib/thumb/v7-m\libc_nano.a(lib_a-malloc.o) (_free_r)
c:/st/stm32cubeide_1.5.1/stm32cubeide/plugins/com.st.stm32cube.ide.mcu.externaltools.gnu-tools-for-stm32.7-2018-q2-update.win32_1.5.0.202011040924/tools/bin/../lib/gcc/arm-none-eabi/7.3.1/../../../../arm-none-eabi/lib/thumb/v7-m\libc_nano.a(lib_a-nano-mallocr.o)
                              c:/st/stm32cubeide_1.5.1/stm32cubeide/plugins/com.st.stm32cube.ide.mcu.externaltools.gnu-tools-for-stm32.7-2018-q2-update.win32_1.5.0.202011040924/tools/bin/../lib/gcc/arm-none-eabi/7.3.1/../../../../arm-none-eabi/lib/thumb/v7-m\libc_nano.a(lib_a-malloc.o) (_malloc_r)
c:/st/stm32cubeide_1.5.1/stm32cubeide/plugins/com.st.stm32cube.ide.mcu.externaltools.gnu-tools-for-stm32.7-2018-q2-update.win32_1.5.0.202011040924/tools/bin/../lib/gcc/arm-none-eabi/7.3.1/../../../../arm-none-eabi/lib/thumb/v7-m\libc_nano.a(lib_a-sbrkr.o)
                              c:/st/stm32cubeide_1.5.1/stm32cubeide/plugins/com.st.stm32cube.ide.mcu.externaltools.gnu-tools-for-stm32.7-2018-q2-update.win32_1.5.0.202011040924/tools/bin/../lib/gcc/arm-none-eabi/7.3.1/../../../../arm-none-eabi/lib/thumb/v7-m\libc_nano.a(lib_a-nano-mallocr.o) (_sbrk_r)
[...]
Memory Configuration

Name             Origin             Length             Attributes
RAM              0x0000000020000000 0x0000000000020000 xrw
FLASH            0x0000000008000000 0x0000000000100000 xr
*default*        0x0000000000000000 0xffffffffffffffff

Linker script and memory map

LOAD c:/st/stm32cubeide_1.5.1/stm32cubeide/plugins/com.st.stm32cube.ide.mcu.externaltools.gnu-tools-for-stm32.7-2018-q2-update.win32_1.5.0.202011040924/tools/bin/../lib/gcc/arm-none-eabi/7.3.1/thumb/v7-m/crti.o
LOAD c:/st/stm32cubeide_1.5.1/stm32cubeide/plugins/com.st.stm32cube.ide.mcu.externaltools.gnu-tools-for-stm32.7-2018-q2-update.win32_1.5.0.202011040924/tools/bin/../lib/gcc/arm-none-eabi/7.3.1/thumb/v7-m/crtbegin.o
LOAD c:/st/stm32cubeide_1.5.1/stm32cubeide/plugins/com.st.stm32cube.ide.mcu.externaltools.gnu-tools-for-stm32.7-2018-q2-update.win32_1.5.0.202011040924/tools/bin/../lib/gcc/arm-none-eabi/7.3.1/../../../../arm-none-eabi/lib/thumb/v7-m/crt0.o
LOAD Core/Src/main.o
LOAD Core/Src/stm32f2xx_hal_msp.o
LOAD Core/Src/stm32f2xx_it.o
LOAD Core/Src/syscalls.o
LOAD Core/Src/sysmem.o
LOAD Core/Src/system_stm32f2xx.o
LOAD Core/Startup/startup_stm32f207zgtx.o
LOAD Drivers/STM32F2xx_HAL_Driver/Src/stm32f2xx_hal.o
LOAD Drivers/STM32F2xx_HAL_Driver/Src/stm32f2xx_hal_cortex.o
LOAD Drivers/STM32F2xx_HAL_Driver/Src/stm32f2xx_hal_dma.o
LOAD Drivers/STM32F2xx_HAL_Driver/Src/stm32f2xx_hal_dma_ex.o
LOAD Drivers/STM32F2xx_HAL_Driver/Src/stm32f2xx_hal_eth.o
LOAD Drivers/STM32F2xx_HAL_Driver/Src/stm32f2xx_hal_exti.o
LOAD Drivers/STM32F2xx_HAL_Driver/Src/stm32f2xx_hal_flash.o
LOAD Drivers/STM32F2xx_HAL_Driver/Src/stm32f2xx_hal_flash_ex.o
LOAD Drivers/STM32F2xx_HAL_Driver/Src/stm32f2xx_hal_gpio.o
LOAD Drivers/STM32F2xx_HAL_Driver/Src/stm32f2xx_hal_pcd.o
LOAD Drivers/STM32F2xx_HAL_Driver/Src/stm32f2xx_hal_pcd_ex.o
LOAD Drivers/STM32F2xx_HAL_Driver/Src/stm32f2xx_hal_pwr.o
LOAD Drivers/STM32F2xx_HAL_Driver/Src/stm32f2xx_hal_pwr_ex.o
LOAD Drivers/STM32F2xx_HAL_Driver/Src/stm32f2xx_hal_rcc.o
LOAD Drivers/STM32F2xx_HAL_Driver/Src/stm32f2xx_hal_rcc_ex.o
LOAD Drivers/STM32F2xx_HAL_Driver/Src/stm32f2xx_hal_sd.o
LOAD Drivers/STM32F2xx_HAL_Driver/Src/stm32f2xx_hal_tim.o
LOAD Drivers/STM32F2xx_HAL_Driver/Src/stm32f2xx_hal_tim_ex.o
LOAD Drivers/STM32F2xx_HAL_Driver/Src/stm32f2xx_hal_uart.o
LOAD Drivers/STM32F2xx_HAL_Driver/Src/stm32f2xx_ll_sdmmc.o
LOAD Drivers/STM32F2xx_HAL_Driver/Src/stm32f2xx_ll_usb.o
LOAD FATFS/App/fatfs.o
LOAD FATFS/Target/bsp_driver_sd.o
LOAD FATFS/Target/fatfs_platform.o
LOAD Middlewares/ST/STM32_USB_Device_Library/Class/CDC/Src/usbd_cdc.o
LOAD Middlewares/ST/STM32_USB_Device_Library/Core/Src/usbd_core.o
LOAD Middlewares/ST/STM32_USB_Device_Library/Core/Src/usbd_ctlreq.o
LOAD Middlewares/ST/STM32_USB_Device_Library/Core/Src/usbd_ioreq.o
LOAD Middlewares/Third_Party/FatFs/src/diskio.o
LOAD Middlewares/Third_Party/FatFs/src/ff.o
LOAD Middlewares/Third_Party/FatFs/src/ff_gen_drv.o
LOAD Middlewares/Third_Party/FatFs/src/drivers/sd_diskio.o
LOAD Middlewares/Third_Party/FatFs/src/option/cc949.o
LOAD Middlewares/Third_Party/FatFs/src/option/syscall.o
LOAD USB_DEVICE/App/usb_device.o
LOAD USB_DEVICE/App/usbd_cdc_if.o
LOAD USB_DEVICE/App/usbd_desc.o
LOAD USB_DEVICE/Target/usbd_conf.o
START GROUP
LOAD c:/st/stm32cubeide_1.5.1/stm32cubeide/plugins/com.st.stm32cube.ide.mcu.externaltools.gnu-tools-for-stm32.7-2018-q2-update.win32_1.5.0.202011040924/tools/bin/../lib/gcc/arm-none-eabi/7.3.1/../../../../arm-none-eabi/lib/thumb/v7-m\libc_nano.a
LOAD c:/st/stm32cubeide_1.5.1/stm32cubeide/plugins/com.st.stm32cube.ide.mcu.externaltools.gnu-tools-for-stm32.7-2018-q2-update.win32_1.5.0.202011040924/tools/bin/../lib/gcc/arm-none-eabi/7.3.1/../../../../arm-none-eabi/lib/thumb/v7-m\libm.a
END GROUP
START GROUP
LOAD c:/st/stm32cubeide_1.5.1/stm32cubeide/plugins/com.st.stm32cube.ide.mcu.externaltools.gnu-tools-for-stm32.7-2018-q2-update.win32_1.5.0.202011040924/tools/bin/../lib/gcc/arm-none-eabi/7.3.1/thumb/v7-m\libgcc.a
LOAD c:/st/stm32cubeide_1.5.1/stm32cubeide/plugins/com.st.stm32cube.ide.mcu.externaltools.gnu-tools-for-stm32.7-2018-q2-update.win32_1.5.0.202011040924/tools/bin/../lib/gcc/arm-none-eabi/7.3.1/../../../../arm-none-eabi/lib/thumb/v7-m\libc_nano.a
END GROUP
START GROUP
LOAD c:/st/stm32cubeide_1.5.1/stm32cubeide/plugins/com.st.stm32cube.ide.mcu.externaltools.gnu-tools-for-stm32.7-2018-q2-update.win32_1.5.0.202011040924/tools/bin/../lib/gcc/arm-none-eabi/7.3.1/thumb/v7-m\libgcc.a
LOAD c:/st/stm32cubeide_1.5.1/stm32cubeide/plugins/com.st.stm32cube.ide.mcu.externaltools.gnu-tools-for-stm32.7-2018-q2-update.win32_1.5.0.202011040924/tools/bin/../lib/gcc/arm-none-eabi/7.3.1/../../../../arm-none-eabi/lib/thumb/v7-m\libc_nano.a
LOAD c:/st/stm32cubeide_1.5.1/stm32cubeide/plugins/com.st.stm32cube.ide.mcu.externaltools.gnu-tools-for-stm32.7-2018-q2-update.win32_1.5.0.202011040924/tools/bin/../lib/gcc/arm-none-eabi/7.3.1/../../../../arm-none-eabi/lib/thumb/v7-m\libnosys.a
END GROUP
START GROUP
LOAD c:/st/stm32cubeide_1.5.1/stm32cubeide/plugins/com.st.stm32cube.ide.mcu.externaltools.gnu-tools-for-stm32.7-2018-q2-update.win32_1.5.0.202011040924/tools/bin/../lib/gcc/arm-none-eabi/7.3.1/thumb/v7-m\libgcc.a
LOAD c:/st/stm32cubeide_1.5.1/stm32cubeide/plugins/com.st.stm32cube.ide.mcu.externaltools.gnu-tools-for-stm32.7-2018-q2-update.win32_1.5.0.202011040924/tools/bin/../lib/gcc/arm-none-eabi/7.3.1/../../../../arm-none-eabi/lib/thumb/v7-m\libc_nano.a
LOAD c:/st/stm32cubeide_1.5.1/stm32cubeide/plugins/com.st.stm32cube.ide.mcu.externaltools.gnu-tools-for-stm32.7-2018-q2-update.win32_1.5.0.202011040924/tools/bin/../lib/gcc/arm-none-eabi/7.3.1/../../../../arm-none-eabi/lib/thumb/v7-m\libnosys.a
END GROUP
LOAD c:/st/stm32cubeide_1.5.1/stm32cubeide/plugins/com.st.stm32cube.ide.mcu.externaltools.gnu-tools-for-stm32.7-2018-q2-update.win32_1.5.0.202011040924/tools/bin/../lib/gcc/arm-none-eabi/7.3.1/thumb/v7-m/crtend.o
LOAD c:/st/stm32cubeide_1.5.1/stm32cubeide/plugins/com.st.stm32cube.ide.mcu.externaltools.gnu-tools-for-stm32.7-2018-q2-update.win32_1.5.0.202011040924/tools/bin/../lib/gcc/arm-none-eabi/7.3.1/thumb/v7-m/crtn.o
                0x0000000020020000                _estack = (ORIGIN (RAM) + LENGTH (RAM))
                0x0000000000000200                _Min_Heap_Size = 0x200
                0x0000000000000400                _Min_Stack_Size = 0x400

.isr_vector     0x0000000008000000      0x184
                0x0000000008000000                . = ALIGN (0x4)
 *(.isr_vector)
 .isr_vector    0x0000000008000000      0x184 Core/Startup/startup_stm32f207zgtx.o
                0x0000000008000000                g_pfnVectors
                0x0000000008000184                . = ALIGN (0x4)

.text           0x0000000008000184     0xd670
                0x0000000008000184                . = ALIGN (0x4)
 *(.text)
 .text          0x0000000008000184       0x40 c:/st/stm32cubeide_1.5.1/stm32cubeide/plugins/com.st.stm32cube.ide.mcu.externaltools.gnu-tools-for-stm32.7-2018-q2-update.win32_1.5.0.202011040924/tools/bin/../lib/gcc/arm-none-eabi/7.3.1/thumb/v7-m/crtbegin.o
 .text          0x00000000080001c4       0x10 c:/st/stm32cubeide_1.5.1/stm32cubeide/plugins/com.st.stm32cube.ide.mcu.externaltools.gnu-tools-for-stm32.7-2018-q2-update.win32_1.5.0.202011040924/tools/bin/../lib/gcc/arm-none-eabi/7.3.1/../../../../arm-none-eabi/lib/thumb/v7-m\libc_nano.a(lib_a-strlen.o)
                0x00000000080001c4                strlen
 .text          0x00000000080001d4       0x30 c:/st/stm32cubeide_1.5.1/stm32cubeide/plugins/com.st.stm32cube.ide.mcu.externaltools.gnu-tools-for-stm32.7-2018-q2-update.win32_1.5.0.202011040924/tools/bin/../lib/gcc/arm-none-eabi/7.3.1/thumb/v7-m\libgcc.a(_aeabi_uldivmod.o)
                0x00000000080001d4                __aeabi_uldivmod
 .text          0x0000000008000204      0x2d0 c:/st/stm32cubeide_1.5.1/stm32cubeide/plugins/com.st.stm32cube.ide.mcu.externaltools.gnu-tools-for-stm32.7-2018-q2-update.win32_1.5.0.202011040924/tools/bin/../lib/gcc/arm-none-eabi/7.3.1/thumb/v7-m\libgcc.a(_udivmoddi4.o)
                0x0000000008000204                __udivmoddi4
 .text          0x00000000080004d4        0x4 c:/st/stm32cubeide_1.5.1/stm32cubeide/plugins/com.st.stm32cube.ide.mcu.externaltools.gnu-tools-for-stm32.7-2018-q2-update.win32_1.5.0.202011040924/tools/bin/../lib/gcc/arm-none-eabi/7.3.1/thumb/v7-m\libgcc.a(_dvmd_tls.o)
                0x00000000080004d4                __aeabi_idiv0
                0x00000000080004d4                __aeabi_ldiv0
 *(.text*)
 .text.ITM_SendChar
                0x00000000080004d8       0x4c Core/Src/main.o
 .text.HAL_GPIO_EXTI_Callback
                0x0000000008000524       0x84 Core/Src/main.o
                0x0000000008000524                HAL_GPIO_EXTI_Callback
 .text.ITM_SendStr
                0x00000000080005a8       0x2a Core/Src/main.o
                0x00000000080005a8                ITM_SendStr
 *fill*         0x00000000080005d2        0x2 
 .text.main     0x00000000080005d4       0xe8 Core/Src/main.o
                0x00000000080005d4                main
 .text.SystemClock_Config
                0x00000000080006bc       0x8e Core/Src/main.o
                0x00000000080006bc                SystemClock_Config
 *fill*         0x000000000800074a        0x2 
 .text.MX_ETH_Init
                0x000000000800074c       0x90 Core/Src/main.o
 .text.MX_SDIO_SD_Init
                0x00000000080007dc       0x40 Core/Src/main.o
 .text.MX_USART3_UART_Init
                0x000000000800081c       0x54 Core/Src/main.o
 .text.MX_DMA_Init
                0x0000000008000870       0x50 Core/Src/main.o
 .text.MX_GPIO_Init
                0x00000000080008c0      0x1d0 Core/Src/main.o
 .text.Error_Handler
                0x0000000008000a90        0xc Core/Src/main.o
                0x0000000008000a90                Error_Handler
 .text.HAL_MspInit
                0x0000000008000a9c       0x4c Core/Src/stm32f2xx_hal_msp.o
                0x0000000008000a9c                HAL_MspInit
 .text.HAL_ETH_MspInit
                0x0000000008000ae8      0x18c Core/Src/stm32f2xx_hal_msp.o
                0x0000000008000ae8                HAL_ETH_MspInit
 .text.HAL_SD_MspInit
                0x0000000008000c74      0x1e0 Core/Src/stm32f2xx_hal_msp.o
                0x0000000008000c74                HAL_SD_MspInit
 .text.HAL_UART_MspInit
                0x0000000008000e54       0x90 Core/Src/stm32f2xx_hal_msp.o
                0x0000000008000e54                HAL_UART_MspInit
 .text.NMI_Handler
                0x0000000008000ee4        0xc Core/Src/stm32f2xx_it.o
                0x0000000008000ee4                NMI_Handler
 .text.HardFault_Handler
                0x0000000008000ef0        0x6 Core/Src/stm32f2xx_it.o
                0x0000000008000ef0                HardFault_Handler
 .text.MemManage_Handler
                0x0000000008000ef6        0x6 Core/Src/stm32f2xx_it.o
                0x0000000008000ef6                MemManage_Handler
 .text.BusFault_Handler
                0x0000000008000efc        0x6 Core/Src/stm32f2xx_it.o
                0x0000000008000efc                BusFault_Handler
 .text.UsageFault_Handler
                0x0000000008000f02        0x6 Core/Src/stm32f2xx_it.o
                0x0000000008000f02                UsageFault_Handler
 .text.SVC_Handler
                0x0000000008000f08        0xc Core/Src/stm32f2xx_it.o
                0x0000000008000f08                SVC_Handler
 .text.DebugMon_Handler
                0x0000000008000f14        0xc Core/Src/stm32f2xx_it.o
                0x0000000008000f14                DebugMon_Handler
 .text.PendSV_Handler
                0x0000000008000f20        0xc Core/Src/stm32f2xx_it.o
                0x0000000008000f20                PendSV_Handler
 .text.SysTick_Handler
                0x0000000008000f2c        0xc Core/Src/stm32f2xx_it.o
                0x0000000008000f2c                SysTick_Handler
 .text.EXTI9_5_IRQHandler
                0x0000000008000f38       0x14 Core/Src/stm32f2xx_it.o
                0x0000000008000f38                EXTI9_5_IRQHandler
 .text.EXTI15_10_IRQHandler
                0x0000000008000f4c       0x28 Core/Src/stm32f2xx_it.o
                0x0000000008000f4c                EXTI15_10_IRQHandler
 .text.SDIO_IRQHandler
                0x0000000008000f74       0x14 Core/Src/stm32f2xx_it.o
                0x0000000008000f74                SDIO_IRQHandler
 .text.DMA2_Stream3_IRQHandler
                0x0000000008000f88       0x14 Core/Src/stm32f2xx_it.o
                0x0000000008000f88                DMA2_Stream3_IRQHandler
 .text.OTG_FS_IRQHandler
                0x0000000008000f9c       0x14 Core/Src/stm32f2xx_it.o
                0x0000000008000f9c                OTG_FS_IRQHandler
 .text.DMA2_Stream6_IRQHandler
                0x0000000008000fb0       0x14 Core/Src/stm32f2xx_it.o
                0x0000000008000fb0                DMA2_Stream6_IRQHandler
 .text._sbrk    0x0000000008000fc4       0x6c Core/Src/sysmem.o
                0x0000000008000fc4                _sbrk
 .text.SystemInit
                0x0000000008001030       0x5c Core/Src/system_stm32f2xx.o
                0x0000000008001030                SystemInit
 .text.Reset_Handler
                0x000000000800108c       0x50 Core/Startup/startup_stm32f207zgtx.o
                0x000000000800108c                Reset_Handler
 .text.Default_Handler
                0x00000000080010dc        0x2 Core/Startup/startup_stm32f207zgtx.o
                0x00000000080010dc                RTC_Alarm_IRQHandler
                0x00000000080010dc                HASH_RNG_IRQHandler
                0x00000000080010dc                EXTI2_IRQHandler
                0x00000000080010dc                TIM8_CC_IRQHandler
                0x00000000080010dc                TIM1_CC_IRQHandler
                0x00000000080010dc                DMA2_Stream5_IRQHandler
                0x00000000080010dc                DMA1_Stream5_IRQHandler
                0x00000000080010dc                PVD_IRQHandler
                0x00000000080010dc                TAMP_STAMP_IRQHandler
                0x00000000080010dc                CAN2_RX1_IRQHandler
                0x00000000080010dc                EXTI3_IRQHandler
                0x00000000080010dc                TIM8_TRG_COM_TIM14_IRQHandler
                0x00000000080010dc                TIM1_UP_TIM10_IRQHandler
                0x00000000080010dc                TIM8_UP_TIM13_IRQHandler
                0x00000000080010dc                I2C3_ER_IRQHandler
                0x00000000080010dc                EXTI0_IRQHandler
                0x00000000080010dc                I2C2_EV_IRQHandler
                0x00000000080010dc                DMA1_Stream2_IRQHandler
                0x00000000080010dc                CAN1_RX0_IRQHandler
                0x00000000080010dc                OTG_HS_WKUP_IRQHandler
                0x00000000080010dc                CAN2_SCE_IRQHandler
                0x00000000080010dc                DMA2_Stream2_IRQHandler
                0x00000000080010dc                SPI1_IRQHandler
                0x00000000080010dc                TIM6_DAC_IRQHandler
                0x00000000080010dc                TIM1_BRK_TIM9_IRQHandler
                0x00000000080010dc                DCMI_IRQHandler
                0x00000000080010dc                CAN2_RX0_IRQHandler
                0x00000000080010dc                USART6_IRQHandler
                0x00000000080010dc                USART3_IRQHandler
                0x00000000080010dc                CAN1_RX1_IRQHandler
                0x00000000080010dc                UART5_IRQHandler
                0x00000000080010dc                DMA2_Stream0_IRQHandler
                0x00000000080010dc                TIM4_IRQHandler
                0x00000000080010dc                I2C1_EV_IRQHandler
                0x00000000080010dc                DMA1_Stream6_IRQHandler
                0x00000000080010dc                DMA1_Stream1_IRQHandler
                0x00000000080010dc                UART4_IRQHandler
                0x00000000080010dc                TIM3_IRQHandler
                0x00000000080010dc                RCC_IRQHandler
                0x00000000080010dc                TIM8_BRK_TIM12_IRQHandler
                0x00000000080010dc                Default_Handler
                0x00000000080010dc                ADC_IRQHandler
                0x00000000080010dc                DMA1_Stream7_IRQHandler
                0x00000000080010dc                TIM7_IRQHandler
                0x00000000080010dc                CAN2_TX_IRQHandler
                0x00000000080010dc                TIM5_IRQHandler
                0x00000000080010dc                DMA2_Stream7_IRQHandler
                0x00000000080010dc                I2C3_EV_IRQHandler
                0x00000000080010dc                RTC_WKUP_IRQHandler
                0x00000000080010dc                ETH_WKUP_IRQHandler
                0x00000000080010dc                SPI2_IRQHandler
                0x00000000080010dc                OTG_HS_EP1_IN_IRQHandler
                0x00000000080010dc                DMA1_Stream0_IRQHandler
                0x00000000080010dc                CAN1_TX_IRQHandler
                0x00000000080010dc                EXTI4_IRQHandler
                0x00000000080010dc                FSMC_IRQHandler
                0x00000000080010dc                ETH_IRQHandler
                0x00000000080010dc                OTG_HS_EP1_OUT_IRQHandler
                0x00000000080010dc                WWDG_IRQHandler
                0x00000000080010dc                TIM2_IRQHandler
                0x00000000080010dc                OTG_FS_WKUP_IRQHandler
                0x00000000080010dc                TIM1_TRG_COM_TIM11_IRQHandler
                0x00000000080010dc                OTG_HS_IRQHandler
                0x00000000080010dc                EXTI1_IRQHandler
                0x00000000080010dc                USART2_IRQHandler
                0x00000000080010dc                I2C2_ER_IRQHandler
                0x00000000080010dc                DMA2_Stream1_IRQHandler
                0x00000000080010dc                CAN1_SCE_IRQHandler
                0x00000000080010dc                FLASH_IRQHandler
                0x00000000080010dc                DMA2_Stream4_IRQHandler
                0x00000000080010dc                USART1_IRQHandler
                0x00000000080010dc                SPI3_IRQHandler
                0x00000000080010dc                DMA1_Stream4_IRQHandler
                0x00000000080010dc                I2C1_ER_IRQHandler
                0x00000000080010dc                DMA1_Stream3_IRQHandler
 *fill*         0x00000000080010de        0x2 
 .text.HAL_Init
                0x00000000080010e0       0x44 Drivers/STM32F2xx_HAL_Driver/Src/stm32f2xx_hal.o
                0x00000000080010e0                HAL_Init
 .text.HAL_InitTick
                0x0000000008001124       0x60 Drivers/STM32F2xx_HAL_Driver/Src/stm32f2xx_hal.o
                0x0000000008001124                HAL_InitTick
 .text.HAL_IncTick
                0x0000000008001184       0x24 Drivers/STM32F2xx_HAL_Driver/Src/stm32f2xx_hal.o
                0x0000000008001184                HAL_IncTick
 .text.HAL_GetTick
                0x00000000080011a8       0x14 Drivers/STM32F2xx_HAL_Driver/Src/stm32f2xx_hal.o
                0x00000000080011a8                HAL_GetTick
 .text.HAL_Delay
                0x00000000080011bc       0x44 Drivers/STM32F2xx_HAL_Driver/Src/stm32f2xx_hal.o
                0x00000000080011bc                HAL_Delay
 .text.__NVIC_SetPriorityGrouping
                0x0000000008001200       0x48 Drivers/STM32F2xx_HAL_Driver/Src/stm32f2xx_hal_cortex.o
 .text.__NVIC_GetPriorityGrouping
                0x0000000008001248       0x1c Drivers/STM32F2xx_HAL_Driver/Src/stm32f2xx_hal_cortex.o
 .text.__NVIC_EnableIRQ
                0x0000000008001264       0x38 Drivers/STM32F2xx_HAL_Driver/Src/stm32f2xx_hal_cortex.o
 .text.__NVIC_SetPriority
                0x000000000800129c       0x54 Drivers/STM32F2xx_HAL_Driver/Src/stm32f2xx_hal_cortex.o
 .text.NVIC_EncodePriority
                0x00000000080012f0       0x64 Drivers/STM32F2xx_HAL_Driver/Src/stm32f2xx_hal_cortex.o
 .text.SysTick_Config
                0x0000000008001354       0x44 Drivers/STM32F2xx_HAL_Driver/Src/stm32f2xx_hal_cortex.o
 .text.HAL_NVIC_SetPriorityGrouping
                0x0000000008001398       0x16 Drivers/STM32F2xx_HAL_Driver/Src/stm32f2xx_hal_cortex.o
                0x0000000008001398                HAL_NVIC_SetPriorityGrouping
 .text.HAL_NVIC_SetPriority
                0x00000000080013ae       0x38 Drivers/STM32F2xx_HAL_Driver/Src/stm32f2xx_hal_cortex.o
                0x00000000080013ae                HAL_NVIC_SetPriority
 .text.HAL_NVIC_EnableIRQ
                0x00000000080013e6       0x1c Drivers/STM32F2xx_HAL_Driver/Src/stm32f2xx_hal_cortex.o
                0x00000000080013e6                HAL_NVIC_EnableIRQ
 .text.HAL_SYSTICK_Config
                0x0000000008001402       0x18 Drivers/STM32F2xx_HAL_Driver/Src/stm32f2xx_hal_cortex.o
                0x0000000008001402                HAL_SYSTICK_Config
 *fill*         0x000000000800141a        0x2 
 .text.HAL_DMA_Init
                0x000000000800141c      0x15c Drivers/STM32F2xx_HAL_Driver/Src/stm32f2xx_hal_dma.o
                0x000000000800141c                HAL_DMA_Init
 .text.HAL_DMA_Abort_IT
                0x0000000008001578       0x42 Drivers/STM32F2xx_HAL_Driver/Src/stm32f2xx_hal_dma.o
                0x0000000008001578                HAL_DMA_Abort_IT
 *fill*         0x00000000080015ba        0x2 
 .text.HAL_DMA_IRQHandler
                0x00000000080015bc      0x314 Drivers/STM32F2xx_HAL_Driver/Src/stm32f2xx_hal_dma.o
                0x00000000080015bc                HAL_DMA_IRQHandler
 .text.DMA_CalcBaseAndBitshift
                0x00000000080018d0       0x68 Drivers/STM32F2xx_HAL_Driver/Src/stm32f2xx_hal_dma.o
 .text.DMA_CheckFifoParam
                0x0000000008001938       0xf4 Drivers/STM32F2xx_HAL_Driver/Src/stm32f2xx_hal_dma.o
 .text.HAL_ETH_Init
                0x0000000008001a2c      0x31c Drivers/STM32F2xx_HAL_Driver/Src/stm32f2xx_hal_eth.o
                0x0000000008001a2c                HAL_ETH_Init
 .text.HAL_ETH_ReadPHYRegister
                0x0000000008001d48       0xd0 Drivers/STM32F2xx_HAL_Driver/Src/stm32f2xx_hal_eth.o
                0x0000000008001d48                HAL_ETH_ReadPHYRegister
 .text.HAL_ETH_WritePHYRegister
                0x0000000008001e18       0xcc Drivers/STM32F2xx_HAL_Driver/Src/stm32f2xx_hal_eth.o
                0x0000000008001e18                HAL_ETH_WritePHYRegister
 .text.ETH_MACDMAConfig
                0x0000000008001ee4      0x394 Drivers/STM32F2xx_HAL_Driver/Src/stm32f2xx_hal_eth.o
 .text.ETH_MACAddressConfig
                0x0000000008002278       0x6c Drivers/STM32F2xx_HAL_Driver/Src/stm32f2xx_hal_eth.o
 .text.HAL_GPIO_Init
                0x00000000080022e4      0x33c Drivers/STM32F2xx_HAL_Driver/Src/stm32f2xx_hal_gpio.o
                0x00000000080022e4                HAL_GPIO_Init
 .text.HAL_GPIO_ReadPin
                0x0000000008002620       0x2e Drivers/STM32F2xx_HAL_Driver/Src/stm32f2xx_hal_gpio.o
                0x0000000008002620                HAL_GPIO_ReadPin
 .text.HAL_GPIO_WritePin
                0x000000000800264e       0x30 Drivers/STM32F2xx_HAL_Driver/Src/stm32f2xx_hal_gpio.o
                0x000000000800264e                HAL_GPIO_WritePin
 .text.HAL_GPIO_TogglePin
                0x000000000800267e       0x32 Drivers/STM32F2xx_HAL_Driver/Src/stm32f2xx_hal_gpio.o
                0x000000000800267e                HAL_GPIO_TogglePin
 .text.HAL_GPIO_EXTI_IRQHandler
                0x00000000080026b0       0x30 Drivers/STM32F2xx_HAL_Driver/Src/stm32f2xx_hal_gpio.o
                0x00000000080026b0                HAL_GPIO_EXTI_IRQHandler
 .text.HAL_PCD_Init
                0x00000000080026e0      0x23a Drivers/STM32F2xx_HAL_Driver/Src/stm32f2xx_hal_pcd.o
                0x00000000080026e0                HAL_PCD_Init
 .text.HAL_PCD_Start
                0x000000000800291a       0x44 Drivers/STM32F2xx_HAL_Driver/Src/stm32f2xx_hal_pcd.o
                0x000000000800291a                HAL_PCD_Start
 .text.HAL_PCD_IRQHandler
                0x000000000800295e      0x748 Drivers/STM32F2xx_HAL_Driver/Src/stm32f2xx_hal_pcd.o
                0x000000000800295e                HAL_PCD_IRQHandler
 .text.HAL_PCD_SetAddress
                0x00000000080030a6       0x4a Drivers/STM32F2xx_HAL_Driver/Src/stm32f2xx_hal_pcd.o
                0x00000000080030a6                HAL_PCD_SetAddress
 .text.HAL_PCD_EP_Open
                0x00000000080030f0       0xd0 Drivers/STM32F2xx_HAL_Driver/Src/stm32f2xx_hal_pcd.o
                0x00000000080030f0                HAL_PCD_EP_Open
 .text.HAL_PCD_EP_Close
                0x00000000080031c0       0x94 Drivers/STM32F2xx_HAL_Driver/Src/stm32f2xx_hal_pcd.o
                0x00000000080031c0                HAL_PCD_EP_Close
 .text.HAL_PCD_EP_Receive
                0x0000000008003254       0x96 Drivers/STM32F2xx_HAL_Driver/Src/stm32f2xx_hal_pcd.o
                0x0000000008003254                HAL_PCD_EP_Receive
 .text.HAL_PCD_EP_GetRxCount
                0x00000000080032ea       0x2e Drivers/STM32F2xx_HAL_Driver/Src/stm32f2xx_hal_pcd.o
                0x00000000080032ea                HAL_PCD_EP_GetRxCount
 .text.HAL_PCD_EP_Transmit
                0x0000000008003318       0x94 Drivers/STM32F2xx_HAL_Driver/Src/stm32f2xx_hal_pcd.o
                0x0000000008003318                HAL_PCD_EP_Transmit
 .text.HAL_PCD_EP_SetStall
                0x00000000080033ac       0xc8 Drivers/STM32F2xx_HAL_Driver/Src/stm32f2xx_hal_pcd.o
                0x00000000080033ac                HAL_PCD_EP_SetStall
 .text.HAL_PCD_EP_ClrStall
                0x0000000008003474       0xac Drivers/STM32F2xx_HAL_Driver/Src/stm32f2xx_hal_pcd.o
                0x0000000008003474                HAL_PCD_EP_ClrStall
 .text.PCD_WriteEmptyTxFifo
                0x0000000008003520      0x11a Drivers/STM32F2xx_HAL_Driver/Src/stm32f2xx_hal_pcd.o
 *fill*         0x000000000800363a        0x2 
 .text.PCD_EP_OutXfrComplete_int
                0x000000000800363c      0x218 Drivers/STM32F2xx_HAL_Driver/Src/stm32f2xx_hal_pcd.o
 .text.PCD_EP_OutSetupPacket_int
                0x0000000008003854       0x8c Drivers/STM32F2xx_HAL_Driver/Src/stm32f2xx_hal_pcd.o
 .text.HAL_PCDEx_SetTxFiFo
                0x00000000080038e0       0x8c Drivers/STM32F2xx_HAL_Driver/Src/stm32f2xx_hal_pcd_ex.o
                0x00000000080038e0                HAL_PCDEx_SetTxFiFo
 .text.HAL_PCDEx_SetRxFiFo
                0x000000000800396c       0x20 Drivers/STM32F2xx_HAL_Driver/Src/stm32f2xx_hal_pcd_ex.o
                0x000000000800396c                HAL_PCDEx_SetRxFiFo
 .text.HAL_RCC_OscConfig
                0x000000000800398c      0x4a0 Drivers/STM32F2xx_HAL_Driver/Src/stm32f2xx_hal_rcc.o
                0x000000000800398c                HAL_RCC_OscConfig
 .text.HAL_RCC_ClockConfig
                0x0000000008003e2c      0x1d8 Drivers/STM32F2xx_HAL_Driver/Src/stm32f2xx_hal_rcc.o
                0x0000000008003e2c                HAL_RCC_ClockConfig
 .text.HAL_RCC_GetSysClockFreq
                0x0000000008004004      0x1b0 Drivers/STM32F2xx_HAL_Driver/Src/stm32f2xx_hal_rcc.o
                0x0000000008004004                HAL_RCC_GetSysClockFreq
 .text.HAL_RCC_GetHCLKFreq
                0x00000000080041b4       0x14 Drivers/STM32F2xx_HAL_Driver/Src/stm32f2xx_hal_rcc.o
                0x00000000080041b4                HAL_RCC_GetHCLKFreq
 .text.HAL_RCC_GetPCLK1Freq
                0x00000000080041c8       0x44 Drivers/STM32F2xx_HAL_Driver/Src/stm32f2xx_hal_rcc.o
                0x00000000080041c8                HAL_RCC_GetPCLK1Freq
 .text.HAL_RCC_GetPCLK2Freq
                0x000000000800420c       0x44 Drivers/STM32F2xx_HAL_Driver/Src/stm32f2xx_hal_rcc.o
                0x000000000800420c                HAL_RCC_GetPCLK2Freq
 .text.HAL_SD_Init
                0x0000000008004250       0x60 Drivers/STM32F2xx_HAL_Driver/Src/stm32f2xx_hal_sd.o
                0x0000000008004250                HAL_SD_Init
 .text.HAL_SD_InitCard
                0x00000000080042b0       0xc0 Drivers/STM32F2xx_HAL_Driver/Src/stm32f2xx_hal_sd.o
                0x00000000080042b0                HAL_SD_InitCard
 .text.HAL_SD_ReadBlocks
                0x0000000008004370      0x3f4 Drivers/STM32F2xx_HAL_Driver/Src/stm32f2xx_hal_sd.o
                0x0000000008004370                HAL_SD_ReadBlocks
 .text.HAL_SD_WriteBlocks
                0x0000000008004764      0x344 Drivers/STM32F2xx_HAL_Driver/Src/stm32f2xx_hal_sd.o
                0x0000000008004764                HAL_SD_WriteBlocks
 .text.HAL_SD_IRQHandler
                0x0000000008004aa8      0x2f0 Drivers/STM32F2xx_HAL_Driver/Src/stm32f2xx_hal_sd.o
                0x0000000008004aa8                HAL_SD_IRQHandler
 .text.HAL_SD_ErrorCallback
                0x0000000008004d98       0x12 Drivers/STM32F2xx_HAL_Driver/Src/stm32f2xx_hal_sd.o
                0x0000000008004d98                HAL_SD_ErrorCallback
 *fill*         0x0000000008004daa        0x2 
 .text.HAL_SD_GetCardCSD
                0x0000000008004dac      0x348 Drivers/STM32F2xx_HAL_Driver/Src/stm32f2xx_hal_sd.o
                0x0000000008004dac                HAL_SD_GetCardCSD
 .text.HAL_SD_GetCardInfo
                0x00000000080050f4       0x56 Drivers/STM32F2xx_HAL_Driver/Src/stm32f2xx_hal_sd.o
                0x00000000080050f4                HAL_SD_GetCardInfo
 *fill*         0x000000000800514a        0x2 
 .text.HAL_SD_ConfigWideBusOperation
                0x000000000800514c       0xf8 Drivers/STM32F2xx_HAL_Driver/Src/stm32f2xx_hal_sd.o
                0x000000000800514c                HAL_SD_ConfigWideBusOperation
 .text.HAL_SD_GetCardState
                0x0000000008005244       0x40 Drivers/STM32F2xx_HAL_Driver/Src/stm32f2xx_hal_sd.o
                0x0000000008005244                HAL_SD_GetCardState
 .text.SD_DMATxAbort
                0x0000000008005284       0x6e Drivers/STM32F2xx_HAL_Driver/Src/stm32f2xx_hal_sd.o
 .text.SD_DMARxAbort
                0x00000000080052f2       0x6e Drivers/STM32F2xx_HAL_Driver/Src/stm32f2xx_hal_sd.o
 .text.SD_InitCard
                0x0000000008005360      0x19a Drivers/STM32F2xx_HAL_Driver/Src/stm32f2xx_hal_sd.o
 *fill*         0x00000000080054fa        0x2 
 .text.SD_PowerON
                0x00000000080054fc      0x11c Drivers/STM32F2xx_HAL_Driver/Src/stm32f2xx_hal_sd.o
 .text.SD_SendStatus
                0x0000000008005618       0x50 Drivers/STM32F2xx_HAL_Driver/Src/stm32f2xx_hal_sd.o
 .text.SD_WideBus_Enable
                0x0000000008005668       0x96 Drivers/STM32F2xx_HAL_Driver/Src/stm32f2xx_hal_sd.o
 .text.SD_WideBus_Disable
                0x00000000080056fe       0x96 Drivers/STM32F2xx_HAL_Driver/Src/stm32f2xx_hal_sd.o
 .text.SD_FindSCR
                0x0000000008005794      0x194 Drivers/STM32F2xx_HAL_Driver/Src/stm32f2xx_hal_sd.o
 .text.SD_Read_IT
                0x0000000008005928       0xa2 Drivers/STM32F2xx_HAL_Driver/Src/stm32f2xx_hal_sd.o
 .text.SD_Write_IT
                0x00000000080059ca       0xaa Drivers/STM32F2xx_HAL_Driver/Src/stm32f2xx_hal_sd.o
 .text.HAL_UART_Init
                0x0000000008005a74       0x9a Drivers/STM32F2xx_HAL_Driver/Src/stm32f2xx_hal_uart.o
                0x0000000008005a74                HAL_UART_Init
 *fill*         0x0000000008005b0e        0x2 
 .text.UART_SetConfig
                0x0000000008005b10      0x1d4 Drivers/STM32F2xx_HAL_Driver/Src/stm32f2xx_hal_uart.o
 .text.SDIO_Init
                0x0000000008005ce4       0x54 Drivers/STM32F2xx_HAL_Driver/Src/stm32f2xx_ll_sdmmc.o
                0x0000000008005ce4                SDIO_Init
 .text.SDIO_ReadFIFO
                0x0000000008005d38       0x18 Drivers/STM32F2xx_HAL_Driver/Src/stm32f2xx_ll_sdmmc.o
                0x0000000008005d38                SDIO_ReadFIFO
 .text.SDIO_WriteFIFO
                0x0000000008005d50       0x20 Drivers/STM32F2xx_HAL_Driver/Src/stm32f2xx_ll_sdmmc.o
                0x0000000008005d50                SDIO_WriteFIFO
 .text.SDIO_PowerState_ON
                0x0000000008005d70       0x1e Drivers/STM32F2xx_HAL_Driver/Src/stm32f2xx_ll_sdmmc.o
                0x0000000008005d70                SDIO_PowerState_ON
 .text.SDIO_GetPowerState
                0x0000000008005d8e       0x1a Drivers/STM32F2xx_HAL_Driver/Src/stm32f2xx_ll_sdmmc.o
                0x0000000008005d8e                SDIO_GetPowerState
 .text.SDIO_SendCommand
                0x0000000008005da8       0x52 Drivers/STM32F2xx_HAL_Driver/Src/stm32f2xx_ll_sdmmc.o
                0x0000000008005da8                SDIO_SendCommand
 .text.SDIO_GetCommandResponse
                0x0000000008005dfa       0x18 Drivers/STM32F2xx_HAL_Driver/Src/stm32f2xx_ll_sdmmc.o
                0x0000000008005dfa                SDIO_GetCommandResponse
 .text.SDIO_GetResponse
                0x0000000008005e12       0x24 Drivers/STM32F2xx_HAL_Driver/Src/stm32f2xx_ll_sdmmc.o
                0x0000000008005e12                SDIO_GetResponse
 .text.SDIO_ConfigData
                0x0000000008005e36       0x56 Drivers/STM32F2xx_HAL_Driver/Src/stm32f2xx_ll_sdmmc.o
                0x0000000008005e36                SDIO_ConfigData
 .text.SDMMC_CmdBlockLength
                0x0000000008005e8c       0x44 Drivers/STM32F2xx_HAL_Driver/Src/stm32f2xx_ll_sdmmc.o
                0x0000000008005e8c                SDMMC_CmdBlockLength
 .text.SDMMC_CmdReadSingleBlock
                0x0000000008005ed0       0x44 Drivers/STM32F2xx_HAL_Driver/Src/stm32f2xx_ll_sdmmc.o
                0x0000000008005ed0                SDMMC_CmdReadSingleBlock
 .text.SDMMC_CmdReadMultiBlock
                0x0000000008005f14       0x44 Drivers/STM32F2xx_HAL_Driver/Src/stm32f2xx_ll_sdmmc.o
                0x0000000008005f14                SDMMC_CmdReadMultiBlock
 .text.SDMMC_CmdWriteSingleBlock
                0x0000000008005f58       0x44 Drivers/STM32F2xx_HAL_Driver/Src/stm32f2xx_ll_sdmmc.o
                0x0000000008005f58                SDMMC_CmdWriteSingleBlock
 .text.SDMMC_CmdWriteMultiBlock
                0x0000000008005f9c       0x44 Drivers/STM32F2xx_HAL_Driver/Src/stm32f2xx_ll_sdmmc.o
                0x0000000008005f9c                SDMMC_CmdWriteMultiBlock
 .text.SDMMC_CmdStopTransfer
                0x0000000008005fe0       0x44 Drivers/STM32F2xx_HAL_Driver/Src/stm32f2xx_ll_sdmmc.o
                0x0000000008005fe0                SDMMC_CmdStopTransfer
 .text.SDMMC_CmdSelDesel
                0x0000000008006024       0x46 Drivers/STM32F2xx_HAL_Driver/Src/stm32f2xx_ll_sdmmc.o
                0x0000000008006024                SDMMC_CmdSelDesel
 .text.SDMMC_CmdGoIdleState
                0x000000000800606a       0x3c Drivers/STM32F2xx_HAL_Driver/Src/stm32f2xx_ll_sdmmc.o
                0x000000000800606a                SDMMC_CmdGoIdleState
 .text.SDMMC_CmdOperCond
                0x00000000080060a6       0x3e Drivers/STM32F2xx_HAL_Driver/Src/stm32f2xx_ll_sdmmc.o
                0x00000000080060a6                SDMMC_CmdOperCond
 .text.SDMMC_CmdAppCommand
                0x00000000080060e4       0x44 Drivers/STM32F2xx_HAL_Driver/Src/stm32f2xx_ll_sdmmc.o
                0x00000000080060e4                SDMMC_CmdAppCommand
 .text.SDMMC_CmdAppOperCommand
                0x0000000008006128       0x46 Drivers/STM32F2xx_HAL_Driver/Src/stm32f2xx_ll_sdmmc.o
                0x0000000008006128                SDMMC_CmdAppOperCommand
 .text.SDMMC_CmdBusWidth
                0x000000000800616e       0x44 Drivers/STM32F2xx_HAL_Driver/Src/stm32f2xx_ll_sdmmc.o
                0x000000000800616e                SDMMC_CmdBusWidth
 .text.SDMMC_CmdSendSCR
                0x00000000080061b2       0x42 Drivers/STM32F2xx_HAL_Driver/Src/stm32f2xx_ll_sdmmc.o
                0x00000000080061b2                SDMMC_CmdSendSCR
 .text.SDMMC_CmdSendCID
                0x00000000080061f4       0x3c Drivers/STM32F2xx_HAL_Driver/Src/stm32f2xx_ll_sdmmc.o
                0x00000000080061f4                SDMMC_CmdSendCID
 .text.SDMMC_CmdSendCSD
                0x0000000008006230       0x3e Drivers/STM32F2xx_HAL_Driver/Src/stm32f2xx_ll_sdmmc.o
                0x0000000008006230                SDMMC_CmdSendCSD
 .text.SDMMC_CmdSetRelAdd
                0x000000000800626e       0x42 Drivers/STM32F2xx_HAL_Driver/Src/stm32f2xx_ll_sdmmc.o
                0x000000000800626e                SDMMC_CmdSetRelAdd
 .text.SDMMC_CmdSendStatus
                0x00000000080062b0       0x44 Drivers/STM32F2xx_HAL_Driver/Src/stm32f2xx_ll_sdmmc.o
                0x00000000080062b0                SDMMC_CmdSendStatus
 .text.SDMMC_GetCmdError
                0x00000000080062f4       0x50 Drivers/STM32F2xx_HAL_Driver/Src/stm32f2xx_ll_sdmmc.o
 .text.SDMMC_GetCmdResp1
                0x0000000008006344      0x1d8 Drivers/STM32F2xx_HAL_Driver/Src/stm32f2xx_ll_sdmmc.o
 .text.SDMMC_GetCmdResp2
                0x000000000800651c       0x8c Drivers/STM32F2xx_HAL_Driver/Src/stm32f2xx_ll_sdmmc.o
 .text.SDMMC_GetCmdResp3
                0x00000000080065a8       0x74 Drivers/STM32F2xx_HAL_Driver/Src/stm32f2xx_ll_sdmmc.o
 .text.SDMMC_GetCmdResp6
                0x000000000800661c       0xe8 Drivers/STM32F2xx_HAL_Driver/Src/stm32f2xx_ll_sdmmc.o
 .text.SDMMC_GetCmdResp7
                0x0000000008006704       0x98 Drivers/STM32F2xx_HAL_Driver/Src/stm32f2xx_ll_sdmmc.o
 .text.USB_CoreInit
                0x000000000800679c       0xae Drivers/STM32F2xx_HAL_Driver/Src/stm32f2xx_ll_usb.o
                0x000000000800679c                USB_CoreInit
 *fill*         0x000000000800684a        0x2 
 .text.USB_SetTurnaroundTime
                0x000000000800684c      0x144 Drivers/STM32F2xx_HAL_Driver/Src/stm32f2xx_ll_usb.o
                0x000000000800684c                USB_SetTurnaroundTime
 .text.USB_EnableGlobalInt
                0x0000000008006990       0x20 Drivers/STM32F2xx_HAL_Driver/Src/stm32f2xx_ll_usb.o
                0x0000000008006990                USB_EnableGlobalInt
 .text.USB_DisableGlobalInt
                0x00000000080069b0       0x20 Drivers/STM32F2xx_HAL_Driver/Src/stm32f2xx_ll_usb.o
                0x00000000080069b0                USB_DisableGlobalInt
 .text.USB_SetCurrentMode
                0x00000000080069d0       0x54 Drivers/STM32F2xx_HAL_Driver/Src/stm32f2xx_ll_usb.o
                0x00000000080069d0                USB_SetCurrentMode
 .text.USB_DevInit
                0x0000000008006a24      0x2c8 Drivers/STM32F2xx_HAL_Driver/Src/stm32f2xx_ll_usb.o
                0x0000000008006a24                USB_DevInit
 .text.USB_FlushTxFifo
                0x0000000008006cec       0x48 Drivers/STM32F2xx_HAL_Driver/Src/stm32f2xx_ll_usb.o
                0x0000000008006cec                USB_FlushTxFifo
 .text.USB_FlushRxFifo
                0x0000000008006d34       0x40 Drivers/STM32F2xx_HAL_Driver/Src/stm32f2xx_ll_usb.o
                0x0000000008006d34                USB_FlushRxFifo
 .text.USB_SetDevSpeed
                0x0000000008006d74       0x30 Drivers/STM32F2xx_HAL_Driver/Src/stm32f2xx_ll_usb.o
                0x0000000008006d74                USB_SetDevSpeed
 .text.USB_GetDevSpeed
                0x0000000008006da4       0x48 Drivers/STM32F2xx_HAL_Driver/Src/stm32f2xx_ll_usb.o
                0x0000000008006da4                USB_GetDevSpeed
 .text.USB_ActivateEndpoint
                0x0000000008006dec      0x10c Drivers/STM32F2xx_HAL_Driver/Src/stm32f2xx_ll_usb.o
                0x0000000008006dec                USB_ActivateEndpoint
 .text.USB_DeactivateEndpoint
                0x0000000008006ef8      0x1b8 Drivers/STM32F2xx_HAL_Driver/Src/stm32f2xx_ll_usb.o
                0x0000000008006ef8                USB_DeactivateEndpoint
 .text.USB_EPStartXfer
                0x00000000080070b0      0x488 Drivers/STM32F2xx_HAL_Driver/Src/stm32f2xx_ll_usb.o
                0x00000000080070b0                USB_EPStartXfer
 .text.USB_EP0StartXfer
                0x0000000008007538      0x2a4 Drivers/STM32F2xx_HAL_Driver/Src/stm32f2xx_ll_usb.o
                0x0000000008007538                USB_EP0StartXfer
 .text.USB_WritePacket
                0x00000000080077dc       0x68 Drivers/STM32F2xx_HAL_Driver/Src/stm32f2xx_ll_usb.o
                0x00000000080077dc                USB_WritePacket
 .text.USB_ReadPacket
                0x0000000008007844       0x50 Drivers/STM32F2xx_HAL_Driver/Src/stm32f2xx_ll_usb.o
                0x0000000008007844                USB_ReadPacket
 .text.USB_EPSetStall
                0x0000000008007894       0xda Drivers/STM32F2xx_HAL_Driver/Src/stm32f2xx_ll_usb.o
                0x0000000008007894                USB_EPSetStall
 .text.USB_EPClearStall
                0x000000000800796e       0xca Drivers/STM32F2xx_HAL_Driver/Src/stm32f2xx_ll_usb.o
                0x000000000800796e                USB_EPClearStall
 .text.USB_SetDevAddress
                0x0000000008007a38       0x4a Drivers/STM32F2xx_HAL_Driver/Src/stm32f2xx_ll_usb.o
                0x0000000008007a38                USB_SetDevAddress
 .text.USB_DevConnect
                0x0000000008007a82       0x40 Drivers/STM32F2xx_HAL_Driver/Src/stm32f2xx_ll_usb.o
                0x0000000008007a82                USB_DevConnect
 .text.USB_DevDisconnect
                0x0000000008007ac2       0x40 Drivers/STM32F2xx_HAL_Driver/Src/stm32f2xx_ll_usb.o
                0x0000000008007ac2                USB_DevDisconnect
 .text.USB_ReadInterrupts
                0x0000000008007b02       0x24 Drivers/STM32F2xx_HAL_Driver/Src/stm32f2xx_ll_usb.o
                0x0000000008007b02                USB_ReadInterrupts
 .text.USB_ReadDevAllOutEpInterrupt
                0x0000000008007b26       0x32 Drivers/STM32F2xx_HAL_Driver/Src/stm32f2xx_ll_usb.o
                0x0000000008007b26                USB_ReadDevAllOutEpInterrupt
 .text.USB_ReadDevAllInEpInterrupt
                0x0000000008007b58       0x32 Drivers/STM32F2xx_HAL_Driver/Src/stm32f2xx_ll_usb.o
                0x0000000008007b58                USB_ReadDevAllInEpInterrupt
 .text.USB_ReadDevOutEPInterrupt
                0x0000000008007b8a       0x3a Drivers/STM32F2xx_HAL_Driver/Src/stm32f2xx_ll_usb.o
                0x0000000008007b8a                USB_ReadDevOutEPInterrupt
 .text.USB_ReadDevInEPInterrupt
                0x0000000008007bc4       0x5a Drivers/STM32F2xx_HAL_Driver/Src/stm32f2xx_ll_usb.o
                0x0000000008007bc4                USB_ReadDevInEPInterrupt
 .text.USB_GetMode
                0x0000000008007c1e       0x1a Drivers/STM32F2xx_HAL_Driver/Src/stm32f2xx_ll_usb.o
                0x0000000008007c1e                USB_GetMode
 .text.USB_ActivateSetup
                0x0000000008007c38       0x44 Drivers/STM32F2xx_HAL_Driver/Src/stm32f2xx_ll_usb.o
                0x0000000008007c38                USB_ActivateSetup
 .text.USB_EP0_OutStart
                0x0000000008007c7c       0xb8 Drivers/STM32F2xx_HAL_Driver/Src/stm32f2xx_ll_usb.o
                0x0000000008007c7c                USB_EP0_OutStart
 .text.USB_CoreReset
                0x0000000008007d34       0x64 Drivers/STM32F2xx_HAL_Driver/Src/stm32f2xx_ll_usb.o
 .text.MX_FATFS_Init
                0x0000000008007d98       0x24 FATFS/App/fatfs.o
                0x0000000008007d98                MX_FATFS_Init
 .text.get_fattime
                0x0000000008007dbc        0xe FATFS/App/fatfs.o
                0x0000000008007dbc                get_fattime
 *fill*         0x0000000008007dca        0x2 
 .text.BSP_SD_Init
                0x0000000008007dcc       0x4c FATFS/Target/bsp_driver_sd.o
                0x0000000008007dcc                BSP_SD_Init
 .text.BSP_SD_ReadBlocks
                0x0000000008007e18       0x3c FATFS/Target/bsp_driver_sd.o
                0x0000000008007e18                BSP_SD_ReadBlocks
 .text.BSP_SD_WriteBlocks
                0x0000000008007e54       0x3c FATFS/Target/bsp_driver_sd.o
                0x0000000008007e54                BSP_SD_WriteBlocks
 .text.BSP_SD_GetCardState
                0x0000000008007e90       0x20 FATFS/Target/bsp_driver_sd.o
                0x0000000008007e90                BSP_SD_GetCardState
 .text.BSP_SD_GetCardInfo
                0x0000000008007eb0       0x1c FATFS/Target/bsp_driver_sd.o
                0x0000000008007eb0                BSP_SD_GetCardInfo
 .text.HAL_SD_AbortCallback
                0x0000000008007ecc       0x14 FATFS/Target/bsp_driver_sd.o
                0x0000000008007ecc                HAL_SD_AbortCallback
 .text.HAL_SD_TxCpltCallback
                0x0000000008007ee0       0x14 FATFS/Target/bsp_driver_sd.o
                0x0000000008007ee0                HAL_SD_TxCpltCallback
 .text.HAL_SD_RxCpltCallback
                0x0000000008007ef4       0x14 FATFS/Target/bsp_driver_sd.o
                0x0000000008007ef4                HAL_SD_RxCpltCallback
 .text.BSP_SD_AbortCallback
                0x0000000008007f08        0xc FATFS/Target/bsp_driver_sd.o
                0x0000000008007f08                BSP_SD_AbortCallback
 .text.BSP_SD_WriteCpltCallback
                0x0000000008007f14        0xc FATFS/Target/bsp_driver_sd.o
                0x0000000008007f14                BSP_SD_WriteCpltCallback
 .text.BSP_SD_ReadCpltCallback
                0x0000000008007f20        0xc FATFS/Target/bsp_driver_sd.o
                0x0000000008007f20                BSP_SD_ReadCpltCallback
 .text.BSP_SD_IsDetected
                0x0000000008007f2c       0x24 FATFS/Target/bsp_driver_sd.o
                0x0000000008007f2c                BSP_SD_IsDetected
 .text.BSP_PlatformIsDetected
                0x0000000008007f50       0x2c FATFS/Target/fatfs_platform.o
                0x0000000008007f50                BSP_PlatformIsDetected
 .text.USBD_CDC_Init
                0x0000000008007f7c       0xf6 Middlewares/ST/STM32_USB_Device_Library/Class/CDC/Src/usbd_cdc.o
 .text.USBD_CDC_DeInit
                0x0000000008008072       0x6e Middlewares/ST/STM32_USB_Device_Library/Class/CDC/Src/usbd_cdc.o
 .text.USBD_CDC_Setup
                0x00000000080080e0      0x140 Middlewares/ST/STM32_USB_Device_Library/Class/CDC/Src/usbd_cdc.o
 .text.USBD_CDC_DataIn
                0x0000000008008220       0xa6 Middlewares/ST/STM32_USB_Device_Library/Class/CDC/Src/usbd_cdc.o
 .text.USBD_CDC_DataOut
                0x00000000080082c6       0x56 Middlewares/ST/STM32_USB_Device_Library/Class/CDC/Src/usbd_cdc.o
 .text.USBD_CDC_EP0_RxReady
                0x000000000800831c       0x50 Middlewares/ST/STM32_USB_Device_Library/Class/CDC/Src/usbd_cdc.o
 .text.USBD_CDC_GetFSCfgDesc
                0x000000000800836c       0x20 Middlewares/ST/STM32_USB_Device_Library/Class/CDC/Src/usbd_cdc.o
 .text.USBD_CDC_GetHSCfgDesc
                0x000000000800838c       0x20 Middlewares/ST/STM32_USB_Device_Library/Class/CDC/Src/usbd_cdc.o
 .text.USBD_CDC_GetOtherSpeedCfgDesc
                0x00000000080083ac       0x20 Middlewares/ST/STM32_USB_Device_Library/Class/CDC/Src/usbd_cdc.o
 .text.USBD_CDC_GetDeviceQualifierDescriptor
                0x00000000080083cc       0x20 Middlewares/ST/STM32_USB_Device_Library/Class/CDC/Src/usbd_cdc.o
                0x00000000080083cc                USBD_CDC_GetDeviceQualifierDescriptor
 .text.USBD_CDC_RegisterInterface
                0x00000000080083ec       0x2c Middlewares/ST/STM32_USB_Device_Library/Class/CDC/Src/usbd_cdc.o
                0x00000000080083ec                USBD_CDC_RegisterInterface
 .text.USBD_CDC_SetTxBuffer
                0x0000000008008418       0x32 Middlewares/ST/STM32_USB_Device_Library/Class/CDC/Src/usbd_cdc.o
                0x0000000008008418                USBD_CDC_SetTxBuffer
 .text.USBD_CDC_SetRxBuffer
                0x000000000800844a       0x26 Middlewares/ST/STM32_USB_Device_Library/Class/CDC/Src/usbd_cdc.o
                0x000000000800844a                USBD_CDC_SetRxBuffer
 .text.USBD_CDC_ReceivePacket
                0x0000000008008470       0x54 Middlewares/ST/STM32_USB_Device_Library/Class/CDC/Src/usbd_cdc.o
                0x0000000008008470                USBD_CDC_ReceivePacket
 .text.USBD_Init
                0x00000000080084c4       0x56 Middlewares/ST/STM32_USB_Device_Library/Core/Src/usbd_core.o
                0x00000000080084c4                USBD_Init
 .text.USBD_RegisterClass
                0x000000000800851a       0x32 Middlewares/ST/STM32_USB_Device_Library/Core/Src/usbd_core.o
                0x000000000800851a                USBD_RegisterClass
 .text.USBD_Start
                0x000000000800854c       0x18 Middlewares/ST/STM32_USB_Device_Library/Core/Src/usbd_core.o
                0x000000000800854c                USBD_Start
 .text.USBD_RunTestMode
                0x0000000008008564       0x14 Middlewares/ST/STM32_USB_Device_Library/Core/Src/usbd_core.o
                0x0000000008008564                USBD_RunTestMode
 .text.USBD_SetClassConfig
                0x0000000008008578       0x3e Middlewares/ST/STM32_USB_Device_Library/Core/Src/usbd_core.o
                0x0000000008008578                USBD_SetClassConfig
 .text.USBD_ClrClassConfig
                0x00000000080085b6       0x26 Middlewares/ST/STM32_USB_Device_Library/Core/Src/usbd_core.o
                0x00000000080085b6                USBD_ClrClassConfig
 .text.USBD_LL_SetupStage
                0x00000000080085dc       0x96 Middlewares/ST/STM32_USB_Device_Library/Core/Src/usbd_core.o
                0x00000000080085dc                USBD_LL_SetupStage
 .text.USBD_LL_DataOutStage
                0x0000000008008672       0xe2 Middlewares/ST/STM32_USB_Device_Library/Core/Src/usbd_core.o
                0x0000000008008672                USBD_LL_DataOutStage
 .text.USBD_LL_DataInStage
                0x0000000008008754      0x14a Middlewares/ST/STM32_USB_Device_Library/Core/Src/usbd_core.o
                0x0000000008008754                USBD_LL_DataInStage
 .text.USBD_LL_Reset
                0x000000000800889e       0x82 Middlewares/ST/STM32_USB_Device_Library/Core/Src/usbd_core.o
                0x000000000800889e                USBD_LL_Reset
 .text.USBD_LL_SetSpeed
                0x0000000008008920       0x1e Middlewares/ST/STM32_USB_Device_Library/Core/Src/usbd_core.o
                0x0000000008008920                USBD_LL_SetSpeed
 .text.USBD_LL_Suspend
                0x000000000800893e       0x28 Middlewares/ST/STM32_USB_Device_Library/Core/Src/usbd_core.o
                0x000000000800893e                USBD_LL_Suspend
 .text.USBD_LL_Resume
                0x0000000008008966       0x2a Middlewares/ST/STM32_USB_Device_Library/Core/Src/usbd_core.o
                0x0000000008008966                USBD_LL_Resume
 .text.USBD_LL_SOF
                0x0000000008008990       0x34 Middlewares/ST/STM32_USB_Device_Library/Core/Src/usbd_core.o
                0x0000000008008990                USBD_LL_SOF
 .text.USBD_LL_IsoINIncomplete
                0x00000000080089c4       0x18 Middlewares/ST/STM32_USB_Device_Library/Core/Src/usbd_core.o
                0x00000000080089c4                USBD_LL_IsoINIncomplete
 .text.USBD_LL_IsoOUTIncomplete
                0x00000000080089dc       0x18 Middlewares/ST/STM32_USB_Device_Library/Core/Src/usbd_core.o
                0x00000000080089dc                USBD_LL_IsoOUTIncomplete
 .text.USBD_LL_DevConnected
                0x00000000080089f4       0x14 Middlewares/ST/STM32_USB_Device_Library/Core/Src/usbd_core.o
                0x00000000080089f4                USBD_LL_DevConnected
 .text.USBD_LL_DevDisconnected
                0x0000000008008a08       0x2e Middlewares/ST/STM32_USB_Device_Library/Core/Src/usbd_core.o
                0x0000000008008a08                USBD_LL_DevDisconnected
 *fill*         0x0000000008008a36        0x2 
 .text.USBD_StdDevReq
                0x0000000008008a38       0xd4 Middlewares/ST/STM32_USB_Device_Library/Core/Src/usbd_ctlreq.o
                0x0000000008008a38                USBD_StdDevReq
 .text.USBD_StdItfReq
                0x0000000008008b0c       0x8c Middlewares/ST/STM32_USB_Device_Library/Core/Src/usbd_ctlreq.o
                0x0000000008008b0c                USBD_StdItfReq
 .text.USBD_StdEPReq
                0x0000000008008b98      0x2ba Middlewares/ST/STM32_USB_Device_Library/Core/Src/usbd_ctlreq.o
                0x0000000008008b98                USBD_StdEPReq
 *fill*         0x0000000008008e52        0x2 
 .text.USBD_GetDescriptor
                0x0000000008008e54      0x2d0 Middlewares/ST/STM32_USB_Device_Library/Core/Src/usbd_ctlreq.o
 .text.USBD_SetAddress
                0x0000000008009124       0x84 Middlewares/ST/STM32_USB_Device_Library/Core/Src/usbd_ctlreq.o
 .text.USBD_SetConfig
                0x00000000080091a8      0x11c Middlewares/ST/STM32_USB_Device_Library/Core/Src/usbd_ctlreq.o
 .text.USBD_GetConfig
                0x00000000080092c4       0x68 Middlewares/ST/STM32_USB_Device_Library/Core/Src/usbd_ctlreq.o
 .text.USBD_GetStatus
                0x000000000800932c       0x66 Middlewares/ST/STM32_USB_Device_Library/Core/Src/usbd_ctlreq.o
 .text.USBD_SetFeature
                0x0000000008009392       0x28 Middlewares/ST/STM32_USB_Device_Library/Core/Src/usbd_ctlreq.o
 .text.USBD_ClrFeature
                0x00000000080093ba       0x42 Middlewares/ST/STM32_USB_Device_Library/Core/Src/usbd_ctlreq.o
 .text.USBD_ParseSetupRequest
                0x00000000080093fc       0x78 Middlewares/ST/STM32_USB_Device_Library/Core/Src/usbd_ctlreq.o
                0x00000000080093fc                USBD_ParseSetupRequest
 .text.USBD_CtlError
                0x0000000008009474       0x22 Middlewares/ST/STM32_USB_Device_Library/Core/Src/usbd_ctlreq.o
                0x0000000008009474                USBD_CtlError
 .text.USBD_GetString
                0x0000000008009496       0x84 Middlewares/ST/STM32_USB_Device_Library/Core/Src/usbd_ctlreq.o
                0x0000000008009496                USBD_GetString
 .text.USBD_GetLen
                0x000000000800951a       0x2e Middlewares/ST/STM32_USB_Device_Library/Core/Src/usbd_ctlreq.o
 .text.USBD_CtlSendData
                0x0000000008009548       0x38 Middlewares/ST/STM32_USB_Device_Library/Core/Src/usbd_ioreq.o
                0x0000000008009548                USBD_CtlSendData
 .text.USBD_CtlContinueSendData
                0x0000000008009580       0x24 Middlewares/ST/STM32_USB_Device_Library/Core/Src/usbd_ioreq.o
                0x0000000008009580                USBD_CtlContinueSendData
 .text.USBD_CtlPrepareRx
                0x00000000080095a4       0x3c Middlewares/ST/STM32_USB_Device_Library/Core/Src/usbd_ioreq.o
                0x00000000080095a4                USBD_CtlPrepareRx
 .text.USBD_CtlContinueRx
                0x00000000080095e0       0x24 Middlewares/ST/STM32_USB_Device_Library/Core/Src/usbd_ioreq.o
                0x00000000080095e0                USBD_CtlContinueRx
 .text.USBD_CtlSendStatus
                0x0000000008009604       0x26 Middlewares/ST/STM32_USB_Device_Library/Core/Src/usbd_ioreq.o
                0x0000000008009604                USBD_CtlSendStatus
 .text.USBD_CtlReceiveStatus
                0x000000000800962a       0x26 Middlewares/ST/STM32_USB_Device_Library/Core/Src/usbd_ioreq.o
                0x000000000800962a                USBD_CtlReceiveStatus
 .text.disk_status
                0x0000000008009650       0x34 Middlewares/Third_Party/FatFs/src/diskio.o
                0x0000000008009650                disk_status
 .text.disk_initialize
                0x0000000008009684       0x4c Middlewares/Third_Party/FatFs/src/diskio.o
                0x0000000008009684                disk_initialize
 .text.disk_read
                0x00000000080096d0       0x40 Middlewares/Third_Party/FatFs/src/diskio.o
                0x00000000080096d0                disk_read
 .text.disk_write
                0x0000000008009710       0x40 Middlewares/Third_Party/FatFs/src/diskio.o
                0x0000000008009710                disk_write
 .text.disk_ioctl
                0x0000000008009750       0x3c Middlewares/Third_Party/FatFs/src/diskio.o
                0x0000000008009750                disk_ioctl
 .text.mem_cpy  0x000000000800978c       0x5c Middlewares/Third_Party/FatFs/src/ff.o
 .text.mem_set  0x00000000080097e8       0x32 Middlewares/Third_Party/FatFs/src/ff.o
 .text.mem_cmp  0x000000000800981a       0x4c Middlewares/Third_Party/FatFs/src/ff.o
 .text.chk_chr  0x0000000008009866       0x34 Middlewares/Third_Party/FatFs/src/ff.o
 *fill*         0x000000000800989a        0x2 
 .text.chk_lock
                0x000000000800989c       0xd8 Middlewares/Third_Party/FatFs/src/ff.o
 .text.enq_lock
                0x0000000008009974       0x48 Middlewares/Third_Party/FatFs/src/ff.o
 .text.inc_lock
                0x00000000080099bc      0x16c Middlewares/Third_Party/FatFs/src/ff.o
 .text.dec_lock
                0x0000000008009b28       0x88 Middlewares/Third_Party/FatFs/src/ff.o
 .text.clear_lock
                0x0000000008009bb0       0x50 Middlewares/Third_Party/FatFs/src/ff.o
 .text.sync_window
                0x0000000008009c00       0x92 Middlewares/Third_Party/FatFs/src/ff.o
 .text.move_window
                0x0000000008009c92       0x5c Middlewares/Third_Party/FatFs/src/ff.o
 *fill*         0x0000000008009cee        0x2 
 .text.sync_fs  0x0000000008009cf0       0xc8 Middlewares/Third_Party/FatFs/src/ff.o
 .text.clust2sect
                0x0000000008009db8       0x42 Middlewares/Third_Party/FatFs/src/ff.o
                0x0000000008009db8                clust2sect
 .text.get_fat  0x0000000008009dfa      0x13c Middlewares/Third_Party/FatFs/src/ff.o
                0x0000000008009dfa                get_fat
 .text.put_fat  0x0000000008009f36      0x1bc Middlewares/Third_Party/FatFs/src/ff.o
                0x0000000008009f36                put_fat
 .text.remove_chain
                0x000000000800a0f2       0xb4 Middlewares/Third_Party/FatFs/src/ff.o
 .text.create_chain
                0x000000000800a1a6      0x13a Middlewares/Third_Party/FatFs/src/ff.o
 .text.clmt_clust
                0x000000000800a2e0       0x68 Middlewares/Third_Party/FatFs/src/ff.o
 .text.dir_sdi  0x000000000800a348      0x128 Middlewares/Third_Party/FatFs/src/ff.o
 .text.dir_next
                0x000000000800a470      0x1ee Middlewares/Third_Party/FatFs/src/ff.o
 .text.dir_alloc
                0x000000000800a65e       0x94 Middlewares/Third_Party/FatFs/src/ff.o
 .text.ld_clust
                0x000000000800a6f2       0x36 Middlewares/Third_Party/FatFs/src/ff.o
 .text.st_clust
                0x000000000800a728       0x2a Middlewares/Third_Party/FatFs/src/ff.o
 *fill*         0x000000000800a752        0x2 
 .text.cmp_lfn  0x000000000800a754       0xc0 Middlewares/Third_Party/FatFs/src/ff.o
 .text.fit_lfn  0x000000000800a814       0xc8 Middlewares/Third_Party/FatFs/src/ff.o
 .text.gen_numname
                0x000000000800a8dc      0x14a Middlewares/Third_Party/FatFs/src/ff.o
 .text.sum_sfn  0x000000000800aa26       0x40 Middlewares/Third_Party/FatFs/src/ff.o
 .text.dir_find
                0x000000000800aa66      0x180 Middlewares/Third_Party/FatFs/src/ff.o
 *fill*         0x000000000800abe6        0x2 
 .text.dir_register
                0x000000000800abe8      0x21c Middlewares/Third_Party/FatFs/src/ff.o
 .text.create_name
                0x000000000800ae04      0x404 Middlewares/Third_Party/FatFs/src/ff.o
 .text.follow_path
                0x000000000800b208       0xdc Middlewares/Third_Party/FatFs/src/ff.o
 .text.get_ldnumber
                0x000000000800b2e4       0x86 Middlewares/Third_Party/FatFs/src/ff.o
 *fill*         0x000000000800b36a        0x2 
 .text.check_fs
                0x000000000800b36c       0x78 Middlewares/Third_Party/FatFs/src/ff.o
 .text.find_volume
                0x000000000800b3e4      0x450 Middlewares/Third_Party/FatFs/src/ff.o
 .text.validate
                0x000000000800b834       0x66 Middlewares/Third_Party/FatFs/src/ff.o
 *fill*         0x000000000800b89a        0x2 
 .text.f_mount  0x000000000800b89c       0x90 Middlewares/Third_Party/FatFs/src/ff.o
                0x000000000800b89c                f_mount
 .text.f_open   0x000000000800b92c      0x3c8 Middlewares/Third_Party/FatFs/src/ff.o
                0x000000000800b92c                f_open
 .text.f_write  0x000000000800bcf4      0x35a Middlewares/Third_Party/FatFs/src/ff.o
                0x000000000800bcf4                f_write
 .text.f_sync   0x000000000800c04e      0x108 Middlewares/Third_Party/FatFs/src/ff.o
                0x000000000800c04e                f_sync
 .text.f_close  0x000000000800c156       0x50 Middlewares/Third_Party/FatFs/src/ff.o
                0x000000000800c156                f_close
 *fill*         0x000000000800c1a6        0x2 
 .text.FATFS_LinkDriverEx
                0x000000000800c1a8       0x94 Middlewares/Third_Party/FatFs/src/ff_gen_drv.o
                0x000000000800c1a8                FATFS_LinkDriverEx
 .text.FATFS_LinkDriver
                0x000000000800c23c       0x1e Middlewares/Third_Party/FatFs/src/ff_gen_drv.o
                0x000000000800c23c                FATFS_LinkDriver
 *fill*         0x000000000800c25a        0x2 
 .text.SD_initialize
                0x000000000800c25c       0x3c Middlewares/Third_Party/FatFs/src/drivers/sd_diskio.o
                0x000000000800c25c                SD_initialize
 .text.SD_status
                0x000000000800c298       0x3c Middlewares/Third_Party/FatFs/src/drivers/sd_diskio.o
                0x000000000800c298                SD_status
 .text.SD_read  0x000000000800c2d4       0x5c Middlewares/Third_Party/FatFs/src/drivers/sd_diskio.o
                0x000000000800c2d4                SD_read
 .text.SD_write
                0x000000000800c330       0x5c Middlewares/Third_Party/FatFs/src/drivers/sd_diskio.o
                0x000000000800c330                SD_write
 .text.SD_ioctl
                0x000000000800c38c       0xac Middlewares/Third_Party/FatFs/src/drivers/sd_diskio.o
                0x000000000800c38c                SD_ioctl
 .text.ff_convert
                0x000000000800c438       0xbc Middlewares/Third_Party/FatFs/src/option/cc949.o
                0x000000000800c438                ff_convert
 .text.ff_wtoupper
                0x000000000800c4f4       0x5c Middlewares/Third_Party/FatFs/src/option/cc949.o
                0x000000000800c4f4                ff_wtoupper
 .text.ff_memalloc
                0x000000000800c550       0x18 Middlewares/Third_Party/FatFs/src/option/syscall.o
                0x000000000800c550                ff_memalloc
 .text.ff_memfree
                0x000000000800c568       0x16 Middlewares/Third_Party/FatFs/src/option/syscall.o
                0x000000000800c568                ff_memfree
 *fill*         0x000000000800c57e        0x2 
 .text.MX_USB_DEVICE_Init
                0x000000000800c580       0x60 USB_DEVICE/App/usb_device.o
                0x000000000800c580                MX_USB_DEVICE_Init
 .text.CDC_Init_FS
                0x000000000800c5e0       0x28 USB_DEVICE/App/usbd_cdc_if.o
 .text.CDC_DeInit_FS
                0x000000000800c608        0xe USB_DEVICE/App/usbd_cdc_if.o
 *fill*         0x000000000800c616        0x2 
 .text.CDC_Control_FS
                0x000000000800c618       0xbc USB_DEVICE/App/usbd_cdc_if.o
 .text.CDC_Receive_FS
                0x000000000800c6d4       0x28 USB_DEVICE/App/usbd_cdc_if.o
 .text.USBD_FS_DeviceDescriptor
                0x000000000800c6fc       0x24 USB_DEVICE/App/usbd_desc.o
                0x000000000800c6fc                USBD_FS_DeviceDescriptor
 .text.USBD_FS_LangIDStrDescriptor
                0x000000000800c720       0x24 USB_DEVICE/App/usbd_desc.o
                0x000000000800c720                USBD_FS_LangIDStrDescriptor
 .text.USBD_FS_ProductStrDescriptor
                0x000000000800c744       0x3c USB_DEVICE/App/usbd_desc.o
                0x000000000800c744                USBD_FS_ProductStrDescriptor
 .text.USBD_FS_ManufacturerStrDescriptor
                0x000000000800c780       0x28 USB_DEVICE/App/usbd_desc.o
                0x000000000800c780                USBD_FS_ManufacturerStrDescriptor
 .text.USBD_FS_SerialStrDescriptor
                0x000000000800c7a8       0x24 USB_DEVICE/App/usbd_desc.o
                0x000000000800c7a8                USBD_FS_SerialStrDescriptor
 .text.USBD_FS_ConfigStrDescriptor
                0x000000000800c7cc       0x3c USB_DEVICE/App/usbd_desc.o
                0x000000000800c7cc                USBD_FS_ConfigStrDescriptor
 .text.USBD_FS_InterfaceStrDescriptor
                0x000000000800c808       0x3c USB_DEVICE/App/usbd_desc.o
                0x000000000800c808                USBD_FS_InterfaceStrDescriptor
 .text.Get_SerialNum
                0x000000000800c844       0x58 USB_DEVICE/App/usbd_desc.o
 .text.IntToUnicode
                0x000000000800c89c       0x7a USB_DEVICE/App/usbd_desc.o
 *fill*         0x000000000800c916        0x2 
 .text.HAL_PCD_MspInit
                0x000000000800c918       0xc4 USB_DEVICE/Target/usbd_conf.o
                0x000000000800c918                HAL_PCD_MspInit
 .text.HAL_PCD_SetupStageCallback
                0x000000000800c9dc       0x24 USB_DEVICE/Target/usbd_conf.o
                0x000000000800c9dc                HAL_PCD_SetupStageCallback
 .text.HAL_PCD_DataOutStageCallback
                0x000000000800ca00       0x36 USB_DEVICE/Target/usbd_conf.o
                0x000000000800ca00                HAL_PCD_DataOutStageCallback
 .text.HAL_PCD_DataInStageCallback
                0x000000000800ca36       0x34 USB_DEVICE/Target/usbd_conf.o
                0x000000000800ca36                HAL_PCD_DataInStageCallback
 .text.HAL_PCD_SOFCallback
                0x000000000800ca6a       0x1c USB_DEVICE/Target/usbd_conf.o
                0x000000000800ca6a                HAL_PCD_SOFCallback
 .text.HAL_PCD_ResetCallback
                0x000000000800ca86       0x50 USB_DEVICE/Target/usbd_conf.o
                0x000000000800ca86                HAL_PCD_ResetCallback
 *fill*         0x000000000800cad6        0x2 
 .text.HAL_PCD_SuspendCallback
                0x000000000800cad8       0x4c USB_DEVICE/Target/usbd_conf.o
                0x000000000800cad8                HAL_PCD_SuspendCallback
 .text.HAL_PCD_ResumeCallback
                0x000000000800cb24       0x1c USB_DEVICE/Target/usbd_conf.o
                0x000000000800cb24                HAL_PCD_ResumeCallback
 .text.HAL_PCD_ISOOUTIncompleteCallback
                0x000000000800cb40       0x24 USB_DEVICE/Target/usbd_conf.o
                0x000000000800cb40                HAL_PCD_ISOOUTIncompleteCallback
 .text.HAL_PCD_ISOINIncompleteCallback
                0x000000000800cb64       0x24 USB_DEVICE/Target/usbd_conf.o
                0x000000000800cb64                HAL_PCD_ISOINIncompleteCallback
 .text.HAL_PCD_ConnectCallback
                0x000000000800cb88       0x1c USB_DEVICE/Target/usbd_conf.o
                0x000000000800cb88                HAL_PCD_ConnectCallback
 .text.HAL_PCD_DisconnectCallback
                0x000000000800cba4       0x1c USB_DEVICE/Target/usbd_conf.o
                0x000000000800cba4                HAL_PCD_DisconnectCallback
 .text.USBD_LL_Init
                0x000000000800cbc0       0x94 USB_DEVICE/Target/usbd_conf.o
                0x000000000800cbc0                USBD_LL_Init
 .text.USBD_LL_Start
                0x000000000800cc54       0x36 USB_DEVICE/Target/usbd_conf.o
                0x000000000800cc54                USBD_LL_Start
 .text.USBD_LL_OpenEP
                0x000000000800cc8a       0x4c USB_DEVICE/Target/usbd_conf.o
                0x000000000800cc8a                USBD_LL_OpenEP
 .text.USBD_LL_CloseEP
                0x000000000800ccd6       0x3e USB_DEVICE/Target/usbd_conf.o
                0x000000000800ccd6                USBD_LL_CloseEP
 .text.USBD_LL_StallEP
                0x000000000800cd14       0x3e USB_DEVICE/Target/usbd_conf.o
                0x000000000800cd14                USBD_LL_StallEP
 .text.USBD_LL_ClearStallEP
                0x000000000800cd52       0x3e USB_DEVICE/Target/usbd_conf.o
                0x000000000800cd52                USBD_LL_ClearStallEP
 .text.USBD_LL_IsStallEP
                0x000000000800cd90       0x56 USB_DEVICE/Target/usbd_conf.o
                0x000000000800cd90                USBD_LL_IsStallEP
 .text.USBD_LL_SetUSBAddress
                0x000000000800cde6       0x3e USB_DEVICE/Target/usbd_conf.o
                0x000000000800cde6                USBD_LL_SetUSBAddress
 .text.USBD_LL_Transmit
                0x000000000800ce24       0x46 USB_DEVICE/Target/usbd_conf.o
                0x000000000800ce24                USBD_LL_Transmit
 .text.USBD_LL_PrepareReceive
                0x000000000800ce6a       0x46 USB_DEVICE/Target/usbd_conf.o
                0x000000000800ce6a                USBD_LL_PrepareReceive
 .text.USBD_LL_GetRxDataSize
                0x000000000800ceb0       0x26 USB_DEVICE/Target/usbd_conf.o
                0x000000000800ceb0                USBD_LL_GetRxDataSize
 *fill*         0x000000000800ced6        0x2 
 .text.USBD_Get_USB_Status
                0x000000000800ced8       0x58 USB_DEVICE/Target/usbd_conf.o
                0x000000000800ced8                USBD_Get_USB_Status
 .text.__errno  0x000000000800cf30        0xc c:/st/stm32cubeide_1.5.1/stm32cubeide/plugins/com.st.stm32cube.ide.mcu.externaltools.gnu-tools-for-stm32.7-2018-q2-update.win32_1.5.0.202011040924/tools/bin/../lib/gcc/arm-none-eabi/7.3.1/../../../../arm-none-eabi/lib/thumb/v7-m\libc_nano.a(lib_a-errno.o)
                0x000000000800cf30                __errno
 .text.__libc_init_array
                0x000000000800cf3c       0x48 c:/st/stm32cubeide_1.5.1/stm32cubeide/plugins/com.st.stm32cube.ide.mcu.externaltools.gnu-tools-for-stm32.7-2018-q2-update.win32_1.5.0.202011040924/tools/bin/../lib/gcc/arm-none-eabi/7.3.1/../../../../arm-none-eabi/lib/thumb/v7-m\libc_nano.a(lib_a-init.o)
                0x000000000800cf3c                __libc_init_array
 .text.malloc   0x000000000800cf84       0x10 c:/st/stm32cubeide_1.5.1/stm32cubeide/plugins/com.st.stm32cube.ide.mcu.externaltools.gnu-tools-for-stm32.7-2018-q2-update.win32_1.5.0.202011040924/tools/bin/../lib/gcc/arm-none-eabi/7.3.1/../../../../arm-none-eabi/lib/thumb/v7-m\libc_nano.a(lib_a-malloc.o)
                0x000000000800cf84                malloc
 .text.free     0x000000000800cf94       0x10 c:/st/stm32cubeide_1.5.1/stm32cubeide/plugins/com.st.stm32cube.ide.mcu.externaltools.gnu-tools-for-stm32.7-2018-q2-update.win32_1.5.0.202011040924/tools/bin/../lib/gcc/arm-none-eabi/7.3.1/../../../../arm-none-eabi/lib/thumb/v7-m\libc_nano.a(lib_a-malloc.o)
                0x000000000800cf94                free
 .text.memcpy   0x000000000800cfa4       0x16 c:/st/stm32cubeide_1.5.1/stm32cubeide/plugins/com.st.stm32cube.ide.mcu.externaltools.gnu-tools-for-stm32.7-2018-q2-update.win32_1.5.0.202011040924/tools/bin/../lib/gcc/arm-none-eabi/7.3.1/../../../../arm-none-eabi/lib/thumb/v7-m\libc_nano.a(lib_a-memcpy-stub.o)
                0x000000000800cfa4                memcpy
 .text.memset   0x000000000800cfba       0x10 c:/st/stm32cubeide_1.5.1/stm32cubeide/plugins/com.st.stm32cube.ide.mcu.externaltools.gnu-tools-for-stm32.7-2018-q2-update.win32_1.5.0.202011040924/tools/bin/../lib/gcc/arm-none-eabi/7.3.1/../../../../arm-none-eabi/lib/thumb/v7-m\libc_nano.a(lib_a-memset.o)
                0x000000000800cfba                memset
 *fill*         0x000000000800cfca        0x2 
 .text._free_r  0x000000000800cfcc       0x98 c:/st/stm32cubeide_1.5.1/stm32cubeide/plugins/com.st.stm32cube.ide.mcu.externaltools.gnu-tools-for-stm32.7-2018-q2-update.win32_1.5.0.202011040924/tools/bin/../lib/gcc/arm-none-eabi/7.3.1/../../../../arm-none-eabi/lib/thumb/v7-m\libc_nano.a(lib_a-nano-freer.o)
                0x000000000800cfcc                _free_r
 .text._malloc_r
                0x000000000800d064       0xb4 c:/st/stm32cubeide_1.5.1/stm32cubeide/plugins/com.st.stm32cube.ide.mcu.externaltools.gnu-tools-for-stm32.7-2018-q2-update.win32_1.5.0.202011040924/tools/bin/../lib/gcc/arm-none-eabi/7.3.1/../../../../arm-none-eabi/lib/thumb/v7-m\libc_nano.a(lib_a-nano-mallocr.o)
                0x000000000800d064                _malloc_r
 .text._sbrk_r  0x000000000800d118       0x20 c:/st/stm32cubeide_1.5.1/stm32cubeide/plugins/com.st.stm32cube.ide.mcu.externaltools.gnu-tools-for-stm32.7-2018-q2-update.win32_1.5.0.202011040924/tools/bin/../lib/gcc/arm-none-eabi/7.3.1/../../../../arm-none-eabi/lib/thumb/v7-m\libc_nano.a(lib_a-sbrkr.o)
                0x000000000800d118                _sbrk_r
 .text.sprintf  0x000000000800d138       0x40 c:/st/stm32cubeide_1.5.1/stm32cubeide/plugins/com.st.stm32cube.ide.mcu.externaltools.gnu-tools-for-stm32.7-2018-q2-update.win32_1.5.0.202011040924/tools/bin/../lib/gcc/arm-none-eabi/7.3.1/../../../../arm-none-eabi/lib/thumb/v7-m\libc_nano.a(lib_a-sprintf.o)
                0x000000000800d138                siprintf
                0x000000000800d138                sprintf
 .text.__malloc_lock
                0x000000000800d178        0x2 c:/st/stm32cubeide_1.5.1/stm32cubeide/plugins/com.st.stm32cube.ide.mcu.externaltools.gnu-tools-for-stm32.7-2018-q2-update.win32_1.5.0.202011040924/tools/bin/../lib/gcc/arm-none-eabi/7.3.1/../../../../arm-none-eabi/lib/thumb/v7-m\libc_nano.a(lib_a-mlock.o)
                0x000000000800d178                __malloc_lock
 .text.__malloc_unlock
                0x000000000800d17a        0x2 c:/st/stm32cubeide_1.5.1/stm32cubeide/plugins/com.st.stm32cube.ide.mcu.externaltools.gnu-tools-for-stm32.7-2018-q2-update.win32_1.5.0.202011040924/tools/bin/../lib/gcc/arm-none-eabi/7.3.1/../../../../arm-none-eabi/lib/thumb/v7-m\libc_nano.a(lib_a-mlock.o)
                0x000000000800d17a                __malloc_unlock
 .text.__ssputs_r
                0x000000000800d17c       0xb4 c:/st/stm32cubeide_1.5.1/stm32cubeide/plugins/com.st.stm32cube.ide.mcu.externaltools.gnu-tools-for-stm32.7-2018-q2-update.win32_1.5.0.202011040924/tools/bin/../lib/gcc/arm-none-eabi/7.3.1/../../../../arm-none-eabi/lib/thumb/v7-m\libc_nano.a(lib_a-nano-svfprintf.o)
                0x000000000800d17c                __ssputs_r
 .text._svfprintf_r
                0x000000000800d230      0x1f0 c:/st/stm32cubeide_1.5.1/stm32cubeide/plugins/com.st.stm32cube.ide.mcu.externaltools.gnu-tools-for-stm32.7-2018-q2-update.win32_1.5.0.202011040924/tools/bin/../lib/gcc/arm-none-eabi/7.3.1/../../../../arm-none-eabi/lib/thumb/v7-m\libc_nano.a(lib_a-nano-svfprintf.o)
                0x000000000800d230                _svfiprintf_r
                0x000000000800d230                _svfprintf_r
 .text._printf_common
                0x000000000800d420       0xec c:/st/stm32cubeide_1.5.1/stm32cubeide/plugins/com.st.stm32cube.ide.mcu.externaltools.gnu-tools-for-stm32.7-2018-q2-update.win32_1.5.0.202011040924/tools/bin/../lib/gcc/arm-none-eabi/7.3.1/../../../../arm-none-eabi/lib/thumb/v7-m\libc_nano.a(lib_a-nano-vfprintf_i.o)
                0x000000000800d420                _printf_common
 .text._printf_i
                0x000000000800d50c      0x224 c:/st/stm32cubeide_1.5.1/stm32cubeide/plugins/com.st.stm32cube.ide.mcu.externaltools.gnu-tools-for-stm32.7-2018-q2-update.win32_1.5.0.202011040924/tools/bin/../lib/gcc/arm-none-eabi/7.3.1/../../../../arm-none-eabi/lib/thumb/v7-m\libc_nano.a(lib_a-nano-vfprintf_i.o)
                0x000000000800d50c                _printf_i
 .text.memchr   0x000000000800d730       0x1c c:/st/stm32cubeide_1.5.1/stm32cubeide/plugins/com.st.stm32cube.ide.mcu.externaltools.gnu-tools-for-stm32.7-2018-q2-update.win32_1.5.0.202011040924/tools/bin/../lib/gcc/arm-none-eabi/7.3.1/../../../../arm-none-eabi/lib/thumb/v7-m\libc_nano.a(lib_a-memchr-stub.o)
                0x000000000800d730                memchr
 .text.memmove  0x000000000800d74c       0x32 c:/st/stm32cubeide_1.5.1/stm32cubeide/plugins/com.st.stm32cube.ide.mcu.externaltools.gnu-tools-for-stm32.7-2018-q2-update.win32_1.5.0.202011040924/tools/bin/../lib/gcc/arm-none-eabi/7.3.1/../../../../arm-none-eabi/lib/thumb/v7-m\libc_nano.a(lib_a-memmove.o)
                0x000000000800d74c                memmove
 .text._realloc_r
                0x000000000800d77e       0x4c c:/st/stm32cubeide_1.5.1/stm32cubeide/plugins/com.st.stm32cube.ide.mcu.externaltools.gnu-tools-for-stm32.7-2018-q2-update.win32_1.5.0.202011040924/tools/bin/../lib/gcc/arm-none-eabi/7.3.1/../../../../arm-none-eabi/lib/thumb/v7-m\libc_nano.a(lib_a-nano-reallocr.o)
                0x000000000800d77e                _realloc_r
 .text._malloc_usable_size_r
                0x000000000800d7ca       0x10 c:/st/stm32cubeide_1.5.1/stm32cubeide/plugins/com.st.stm32cube.ide.mcu.externaltools.gnu-tools-for-stm32.7-2018-q2-update.win32_1.5.0.202011040924/tools/bin/../lib/gcc/arm-none-eabi/7.3.1/../../../../arm-none-eabi/lib/thumb/v7-m\libc_nano.a(lib_a-nano-msizer.o)
                0x000000000800d7ca                _malloc_usable_size_r
 *(.glue_7)
 .glue_7        0x000000000800d7da        0x0 linker stubs
 *(.glue_7t)
 .glue_7t       0x000000000800d7da        0x0 linker stubs
 *(.eh_frame)
 *fill*         0x000000000800d7da        0x2 
 .eh_frame      0x000000000800d7dc        0x0 c:/st/stm32cubeide_1.5.1/stm32cubeide/plugins/com.st.stm32cube.ide.mcu.externaltools.gnu-tools-for-stm32.7-2018-q2-update.win32_1.5.0.202011040924/tools/bin/../lib/gcc/arm-none-eabi/7.3.1/thumb/v7-m/crtbegin.o
 *(.init)
 .init          0x000000000800d7dc        0x4 c:/st/stm32cubeide_1.5.1/stm32cubeide/plugins/com.st.stm32cube.ide.mcu.externaltools.gnu-tools-for-stm32.7-2018-q2-update.win32_1.5.0.202011040924/tools/bin/../lib/gcc/arm-none-eabi/7.3.1/thumb/v7-m/crti.o
                0x000000000800d7dc                _init
 .init          0x000000000800d7e0        0x8 c:/st/stm32cubeide_1.5.1/stm32cubeide/plugins/com.st.stm32cube.ide.mcu.externaltools.gnu-tools-for-stm32.7-2018-q2-update.win32_1.5.0.202011040924/tools/bin/../lib/gcc/arm-none-eabi/7.3.1/thumb/v7-m/crtn.o
 *(.fini)
 .fini          0x000000000800d7e8        0x4 c:/st/stm32cubeide_1.5.1/stm32cubeide/plugins/com.st.stm32cube.ide.mcu.externaltools.gnu-tools-for-stm32.7-2018-q2-update.win32_1.5.0.202011040924/tools/bin/../lib/gcc/arm-none-eabi/7.3.1/thumb/v7-m/crti.o
                0x000000000800d7e8                _fini
 .fini          0x000000000800d7ec        0x8 c:/st/stm32cubeide_1.5.1/stm32cubeide/plugins/com.st.stm32cube.ide.mcu.externaltools.gnu-tools-for-stm32.7-2018-q2-update.win32_1.5.0.202011040924/tools/bin/../lib/gcc/arm-none-eabi/7.3.1/thumb/v7-m/crtn.o
                0x000000000800d7f4                . = ALIGN (0x4)
                0x000000000800d7f4                _etext = .

.vfp11_veneer   0x000000000800d7f4        0x0
 .vfp11_veneer  0x000000000800d7f4        0x0 linker stubs

.v4_bx          0x000000000800d7f4        0x0
 .v4_bx         0x000000000800d7f4        0x0 linker stubs

.iplt           0x000000000800d7f4        0x0
 .iplt          0x000000000800d7f4        0x0 c:/st/stm32cubeide_1.5.1/stm32cubeide/plugins/com.st.stm32cube.ide.mcu.externaltools.gnu-tools-for-stm32.7-2018-q2-update.win32_1.5.0.202011040924/tools/bin/../lib/gcc/arm-none-eabi/7.3.1/thumb/v7-m/crtbegin.o

.rodata         0x000000000800d7f4    0x21a48
                0x000000000800d7f4                . = ALIGN (0x4)
 *(.rodata)
 .rodata        0x000000000800d7f4       0xb6 Core/Src/main.o
 *fill*         0x000000000800d8aa        0x2 
 .rodata        0x000000000800d8ac       0x48 Middlewares/Third_Party/FatFs/src/ff.o
 .rodata        0x000000000800d8f4       0x46 USB_DEVICE/App/usbd_desc.o
 *(.rodata*)
 *fill*         0x000000000800d93a        0x2 
 .rodata.AHBPrescTable
                0x000000000800d93c       0x10 Core/Src/system_stm32f2xx.o
                0x000000000800d93c                AHBPrescTable
 .rodata.APBPrescTable
                0x000000000800d94c        0x8 Core/Src/system_stm32f2xx.o
                0x000000000800d94c                APBPrescTable
 .rodata.flagBitshiftOffset.6833
                0x000000000800d954        0x8 Drivers/STM32F2xx_HAL_Driver/Src/stm32f2xx_hal_dma.o
 .rodata.LfnOfs
                0x000000000800d95c        0xd Middlewares/Third_Party/FatFs/src/ff.o
 *fill*         0x000000000800d969        0x3 
 .rodata.SD_Driver
                0x000000000800d96c       0x14 Middlewares/Third_Party/FatFs/src/drivers/sd_diskio.o
                0x000000000800d96c                SD_Driver
 .rodata.uni2oem
                0x000000000800d980    0x10a64 Middlewares/Third_Party/FatFs/src/option/cc949.o
 .rodata.oem2uni
                0x000000000801e3e4    0x10a64 Middlewares/Third_Party/FatFs/src/option/cc949.o
 .rodata.tbl_lower.6997
                0x000000000802ee48      0x1e0 Middlewares/Third_Party/FatFs/src/option/cc949.o
 .rodata.tbl_upper.6998
                0x000000000802f028      0x1e0 Middlewares/Third_Party/FatFs/src/option/cc949.o
 .rodata._svfprintf_r.str1.1
                0x000000000802f208       0x11 c:/st/stm32cubeide_1.5.1/stm32cubeide/plugins/com.st.stm32cube.ide.mcu.externaltools.gnu-tools-for-stm32.7-2018-q2-update.win32_1.5.0.202011040924/tools/bin/../lib/gcc/arm-none-eabi/7.3.1/../../../../arm-none-eabi/lib/thumb/v7-m\libc_nano.a(lib_a-nano-svfprintf.o)
 .rodata._printf_i.str1.1
                0x000000000802f219       0x22 c:/st/stm32cubeide_1.5.1/stm32cubeide/plugins/com.st.stm32cube.ide.mcu.externaltools.gnu-tools-for-stm32.7-2018-q2-update.win32_1.5.0.202011040924/tools/bin/../lib/gcc/arm-none-eabi/7.3.1/../../../../arm-none-eabi/lib/thumb/v7-m\libc_nano.a(lib_a-nano-vfprintf_i.o)
                0x000000000802f23c                . = ALIGN (0x4)
 *fill*         0x000000000802f23b        0x1 

.ARM.extab      0x000000000802f23c        0x0
                0x000000000802f23c                . = ALIGN (0x4)
 *(.ARM.extab* .gnu.linkonce.armextab.*)
                0x000000000802f23c                . = ALIGN (0x4)

.ARM            0x000000000802f23c        0x8
                0x000000000802f23c                . = ALIGN (0x4)
                0x000000000802f23c                __exidx_start = .
 *(.ARM.exidx*)
 .ARM.exidx     0x000000000802f23c        0x8 c:/st/stm32cubeide_1.5.1/stm32cubeide/plugins/com.st.stm32cube.ide.mcu.externaltools.gnu-tools-for-stm32.7-2018-q2-update.win32_1.5.0.202011040924/tools/bin/../lib/gcc/arm-none-eabi/7.3.1/thumb/v7-m\libgcc.a(_udivmoddi4.o)
                0x000000000802f244                __exidx_end = .
                0x000000000802f244                . = ALIGN (0x4)

.rel.dyn        0x000000000802f244        0x0
 .rel.iplt      0x000000000802f244        0x0 c:/st/stm32cubeide_1.5.1/stm32cubeide/plugins/com.st.stm32cube.ide.mcu.externaltools.gnu-tools-for-stm32.7-2018-q2-update.win32_1.5.0.202011040924/tools/bin/../lib/gcc/arm-none-eabi/7.3.1/thumb/v7-m/crtbegin.o

.preinit_array  0x000000000802f244        0x0
                0x000000000802f244                . = ALIGN (0x4)
                0x000000000802f244                PROVIDE (__preinit_array_start = .)
 *(.preinit_array*)
                0x000000000802f244                PROVIDE (__preinit_array_end = .)
                0x000000000802f244                . = ALIGN (0x4)

.init_array     0x000000000802f244        0x4
                0x000000000802f244                . = ALIGN (0x4)
                0x000000000802f244                PROVIDE (__init_array_start = .)
 *(SORT_BY_NAME(.init_array.*))
 *(.init_array*)
 .init_array    0x000000000802f244        0x4 c:/st/stm32cubeide_1.5.1/stm32cubeide/plugins/com.st.stm32cube.ide.mcu.externaltools.gnu-tools-for-stm32.7-2018-q2-update.win32_1.5.0.202011040924/tools/bin/../lib/gcc/arm-none-eabi/7.3.1/thumb/v7-m/crtbegin.o
                0x000000000802f248                PROVIDE (__init_array_end = .)
                0x000000000802f248                . = ALIGN (0x4)

.fini_array     0x000000000802f248        0x4
                0x000000000802f248                . = ALIGN (0x4)
                [!provide]                        PROVIDE (__fini_array_start = .)
 *(SORT_BY_NAME(.fini_array.*))
 *(.fini_array*)
 .fini_array    0x000000000802f248        0x4 c:/st/stm32cubeide_1.5.1/stm32cubeide/plugins/com.st.stm32cube.ide.mcu.externaltools.gnu-tools-for-stm32.7-2018-q2-update.win32_1.5.0.202011040924/tools/bin/../lib/gcc/arm-none-eabi/7.3.1/thumb/v7-m/crtbegin.o
                [!provide]                        PROVIDE (__fini_array_end = .)
                0x000000000802f24c                . = ALIGN (0x4)
                0x000000000802f24c                _sidata = LOADADDR (.data)

.data           0x0000000020000000      0x1e0 load address 0x000000000802f24c
                0x0000000020000000                . = ALIGN (0x4)
                0x0000000020000000                _sdata = .
 *(.data)
 *(.data*)
 .data.SystemCoreClock
                0x0000000020000000        0x4 Core/Src/system_stm32f2xx.o
                0x0000000020000000                SystemCoreClock
 .data.uwTickPrio
                0x0000000020000004        0x4 Drivers/STM32F2xx_HAL_Driver/Src/stm32f2xx_hal.o
                0x0000000020000004                uwTickPrio
 .data.uwTickFreq
                0x0000000020000008        0x1 Drivers/STM32F2xx_HAL_Driver/Src/stm32f2xx_hal.o
                0x0000000020000008                uwTickFreq
 *fill*         0x0000000020000009        0x3 
 .data.USBD_CDC_DeviceQualifierDesc
                0x000000002000000c        0xa Middlewares/ST/STM32_USB_Device_Library/Class/CDC/Src/usbd_cdc.o
 *fill*         0x0000000020000016        0x2 
 .data.USBD_CDC
                0x0000000020000018       0x38 Middlewares/ST/STM32_USB_Device_Library/Class/CDC/Src/usbd_cdc.o
                0x0000000020000018                USBD_CDC
 .data.USBD_CDC_CfgHSDesc
                0x0000000020000050       0x43 Middlewares/ST/STM32_USB_Device_Library/Class/CDC/Src/usbd_cdc.o
                0x0000000020000050                USBD_CDC_CfgHSDesc
 *fill*         0x0000000020000093        0x1 
 .data.USBD_CDC_CfgFSDesc
                0x0000000020000094       0x43 Middlewares/ST/STM32_USB_Device_Library/Class/CDC/Src/usbd_cdc.o
                0x0000000020000094                USBD_CDC_CfgFSDesc
 *fill*         0x00000000200000d7        0x1 
 .data.USBD_CDC_OtherSpeedCfgDesc
                0x00000000200000d8       0x43 Middlewares/ST/STM32_USB_Device_Library/Class/CDC/Src/usbd_cdc.o
                0x00000000200000d8                USBD_CDC_OtherSpeedCfgDesc
 .data.Stat     0x000000002000011b        0x1 Middlewares/Third_Party/FatFs/src/drivers/sd_diskio.o
 .data.USBD_Interface_fops_FS
                0x000000002000011c       0x10 USB_DEVICE/App/usbd_cdc_if.o
                0x000000002000011c                USBD_Interface_fops_FS
 .data.FS_Desc  0x000000002000012c       0x1c USB_DEVICE/App/usbd_desc.o
                0x000000002000012c                FS_Desc
 .data.USBD_FS_DeviceDesc
                0x0000000020000148       0x12 USB_DEVICE/App/usbd_desc.o
                0x0000000020000148                USBD_FS_DeviceDesc
 *fill*         0x000000002000015a        0x2 
 .data.USBD_LangIDDesc
                0x000000002000015c        0x4 USB_DEVICE/App/usbd_desc.o
                0x000000002000015c                USBD_LangIDDesc
 .data.USBD_StringSerial
                0x0000000020000160       0x1a USB_DEVICE/App/usbd_desc.o
                0x0000000020000160                USBD_StringSerial
 *fill*         0x000000002000017a        0x2 
 .data._impure_ptr
                0x000000002000017c        0x4 c:/st/stm32cubeide_1.5.1/stm32cubeide/plugins/com.st.stm32cube.ide.mcu.externaltools.gnu-tools-for-stm32.7-2018-q2-update.win32_1.5.0.202011040924/tools/bin/../lib/gcc/arm-none-eabi/7.3.1/../../../../arm-none-eabi/lib/thumb/v7-m\libc_nano.a(lib_a-impure.o)
                0x000000002000017c                _impure_ptr
 .data.impure_data
                0x0000000020000180       0x60 c:/st/stm32cubeide_1.5.1/stm32cubeide/plugins/com.st.stm32cube.ide.mcu.externaltools.gnu-tools-for-stm32.7-2018-q2-update.win32_1.5.0.202011040924/tools/bin/../lib/gcc/arm-none-eabi/7.3.1/../../../../arm-none-eabi/lib/thumb/v7-m\libc_nano.a(lib_a-impure.o)
                0x00000000200001e0                . = ALIGN (0x4)
                0x00000000200001e0                _edata = .

.igot.plt       0x00000000200001e0        0x0 load address 0x000000000802f42c
 .igot.plt      0x00000000200001e0        0x0 c:/st/stm32cubeide_1.5.1/stm32cubeide/plugins/com.st.stm32cube.ide.mcu.externaltools.gnu-tools-for-stm32.7-2018-q2-update.win32_1.5.0.202011040924/tools/bin/../lib/gcc/arm-none-eabi/7.3.1/thumb/v7-m/crtbegin.o
                0x00000000200001e0                . = ALIGN (0x4)

.bss            0x00000000200001e0     0x1f54 load address 0x000000000802f42c
                0x00000000200001e0                _sbss = .
                0x00000000200001e0                __bss_start__ = _sbss
 *(.bss)
 .bss           0x00000000200001e0       0x1c c:/st/stm32cubeide_1.5.1/stm32cubeide/plugins/com.st.stm32cube.ide.mcu.externaltools.gnu-tools-for-stm32.7-2018-q2-update.win32_1.5.0.202011040924/tools/bin/../lib/gcc/arm-none-eabi/7.3.1/thumb/v7-m/crtbegin.o
 *(.bss*)
 .bss.__sbrk_heap_end
                0x00000000200001fc        0x4 Core/Src/sysmem.o
 .bss.cfgidx.8698
                0x0000000020000200        0x1 Middlewares/ST/STM32_USB_Device_Library/Core/Src/usbd_ctlreq.o
 *fill*         0x0000000020000201        0x3 
 .bss.FatFs     0x0000000020000204        0x4 Middlewares/Third_Party/FatFs/src/ff.o
 .bss.Fsid      0x0000000020000208        0x2 Middlewares/Third_Party/FatFs/src/ff.o
 *fill*         0x000000002000020a        0x2 
 .bss.Files     0x000000002000020c       0x18 Middlewares/Third_Party/FatFs/src/ff.o
 .bss.disk      0x0000000020000224        0xc Middlewares/Third_Party/FatFs/src/ff_gen_drv.o
                0x0000000020000224                disk
 .bss.__malloc_free_list
                0x0000000020000230        0x4 c:/st/stm32cubeide_1.5.1/stm32cubeide/plugins/com.st.stm32cube.ide.mcu.externaltools.gnu-tools-for-stm32.7-2018-q2-update.win32_1.5.0.202011040924/tools/bin/../lib/gcc/arm-none-eabi/7.3.1/../../../../arm-none-eabi/lib/thumb/v7-m\libc_nano.a(lib_a-nano-mallocr.o)
                0x0000000020000230                __malloc_free_list
 .bss.__malloc_sbrk_start
                0x0000000020000234        0x4 c:/st/stm32cubeide_1.5.1/stm32cubeide/plugins/com.st.stm32cube.ide.mcu.externaltools.gnu-tools-for-stm32.7-2018-q2-update.win32_1.5.0.202011040924/tools/bin/../lib/gcc/arm-none-eabi/7.3.1/../../../../arm-none-eabi/lib/thumb/v7-m\libc_nano.a(lib_a-nano-mallocr.o)
                0x0000000020000234                __malloc_sbrk_start
 *(COMMON)
 COMMON         0x0000000020000238      0x1cc Core/Src/main.o
                0x0000000020000238                hdma_sdio_rx
                0x0000000020000298                huart3
                0x00000000200002d8                hdma_sdio_tx
                0x0000000020000338                hsd
                0x00000000200003bc                heth
 COMMON         0x0000000020000404        0x4 Drivers/STM32F2xx_HAL_Driver/Src/stm32f2xx_hal.o
                0x0000000020000404                uwTick
 COMMON         0x0000000020000408      0x464 FATFS/App/fatfs.o
                0x0000000020000408                retSD
                0x000000002000040c                SDPath
                0x0000000020000410                SDFile
                0x000000002000063c                SDFatFS
 COMMON         0x000000002000086c      0x2c4 USB_DEVICE/App/usb_device.o
                0x000000002000086c                hUsbDeviceFS
 COMMON         0x0000000020000b30     0x1000 USB_DEVICE/App/usbd_cdc_if.o
                0x0000000020000b30                UserRxBufferFS
                0x0000000020001330                UserTxBufferFS
 COMMON         0x0000000020001b30      0x200 USB_DEVICE/App/usbd_desc.o
                0x0000000020001b30                USBD_StrDesc
 COMMON         0x0000000020001d30      0x400 USB_DEVICE/Target/usbd_conf.o
                0x0000000020001d30                hpcd_USB_OTG_FS
 COMMON         0x0000000020002130        0x4 c:/st/stm32cubeide_1.5.1/stm32cubeide/plugins/com.st.stm32cube.ide.mcu.externaltools.gnu-tools-for-stm32.7-2018-q2-update.win32_1.5.0.202011040924/tools/bin/../lib/gcc/arm-none-eabi/7.3.1/../../../../arm-none-eabi/lib/thumb/v7-m\libc_nano.a(lib_a-reent.o)
                0x0000000020002130                errno
                0x0000000020002134                . = ALIGN (0x4)
                0x0000000020002134                _ebss = .
                0x0000000020002134                __bss_end__ = _ebss

._user_heap_stack
                0x0000000020002134      0x604 load address 0x000000000802f42c
                0x0000000020002138                . = ALIGN (0x8)
 *fill*         0x0000000020002134        0x4 
                [!provide]                        PROVIDE (end = .)
                0x0000000020002138                PROVIDE (_end = .)
                0x0000000020002338                . = (. + _Min_Heap_Size)
 *fill*         0x0000000020002138      0x200 
                0x0000000020002738                . = (. + _Min_Stack_Size)
 *fill*         0x0000000020002338      0x400 
                0x0000000020002738                . = ALIGN (0x8)

/DISCARD/
 libc.a(*)
 libm.a(*)
 libgcc.a(*)

.ARM.attributes
                0x0000000000000000       0x29
 *(.ARM.attributes)
 .ARM.attributes
                0x0000000000000000       0x1d c:/st/stm32cubeide_1.5.1/stm32cubeide/plugins/com.st.stm32cube.ide.mcu.externaltools.gnu-tools-for-stm32.7-2018-q2-update.win32_1.5.0.202011040924/tools/bin/../lib/gcc/arm-none-eabi/7.3.1/thumb/v7-m/crti.o
 .ARM.attributes
                0x000000000000001d       0x2d c:/st/stm32cubeide_1.5.1/stm32cubeide/plugins/com.st.stm32cube.ide.mcu.externaltools.gnu-tools-for-stm32.7-2018-q2-update.win32_1.5.0.202011040924/tools/bin/../lib/gcc/arm-none-eabi/7.3.1/thumb/v7-m/crtbegin.o
 .ARM.attributes
                0x000000000000004a       0x33 Core/Src/main.o
 .ARM.attributes
                0x000000000000007d       0x33 Core/Src/stm32f2xx_hal_msp.o
 .ARM.attributes
                0x00000000000000b0       0x33 Core/Src/stm32f2xx_it.o
 .ARM.attributes
                0x00000000000000e3       0x33 Core/Src/sysmem.o
 .ARM.attributes
                0x0000000000000116       0x33 Core/Src/system_stm32f2xx.o
 .ARM.attributes
                0x0000000000000149       0x21 Core/Startup/startup_stm32f207zgtx.o
 .ARM.attributes
                0x000000000000016a       0x33 Drivers/STM32F2xx_HAL_Driver/Src/stm32f2xx_hal.o
 .ARM.attributes
                0x000000000000019d       0x33 Drivers/STM32F2xx_HAL_Driver/Src/stm32f2xx_hal_cortex.o
 .ARM.attributes
                0x00000000000001d0       0x33 Drivers/STM32F2xx_HAL_Driver/Src/stm32f2xx_hal_dma.o
 .ARM.attributes