stm32f2xx_ll_sdmmc.c:1168:17:SDMMC_GetCmdResp1.part.2	0	static
stm32f2xx_ll_sdmmc.c:212:19:SDIO_Init	4	static
stm32f2xx_ll_sdmmc.c:265:10:SDIO_ReadFIFO	0	static
stm32f2xx_ll_sdmmc.c:277:19:SDIO_WriteFIFO	0	static
stm32f2xx_ll_sdmmc.c:309:19:SDIO_PowerState_ON	8	static
stm32f2xx_ll_sdmmc.c:326:19:SDIO_PowerState_OFF	0	static
stm32f2xx_ll_sdmmc.c:343:10:SDIO_GetPowerState	0	static
stm32f2xx_ll_sdmmc.c:356:19:SDIO_SendCommand	8	static
stm32f2xx_ll_sdmmc.c:386:9:SDIO_GetCommandResponse	0	static
stm32f2xx_ll_sdmmc.c:403:10:SDIO_GetResponse	0	static
stm32f2xx_ll_sdmmc.c:424:19:SDIO_ConfigData	8	static
stm32f2xx_ll_sdmmc.c:459:10:SDIO_GetDataCounter	0	static
stm32f2xx_ll_sdmmc.c:469:10:SDIO_GetFIFOCount	0	static
stm32f2xx_ll_sdmmc.c:483:19:SDIO_SetSDMMCReadWaitMode	0	static
stm32f2xx_ll_sdmmc.c:518:10:SDMMC_CmdBlockLength	4	static
stm32f2xx_ll_sdmmc.c:542:10:SDMMC_CmdReadSingleBlock	4	static
stm32f2xx_ll_sdmmc.c:566:10:SDMMC_CmdReadMultiBlock	4	static
stm32f2xx_ll_sdmmc.c:590:10:SDMMC_CmdWriteSingleBlock	4	static
stm32f2xx_ll_sdmmc.c:614:10:SDMMC_CmdWriteMultiBlock	4	static
stm32f2xx_ll_sdmmc.c:638:10:SDMMC_CmdSDEraseStartAdd	4	static
stm32f2xx_ll_sdmmc.c:662:10:SDMMC_CmdSDEraseEndAdd	4	static
stm32f2xx_ll_sdmmc.c:686:10:SDMMC_CmdEraseStartAdd	4	static
stm32f2xx_ll_sdmmc.c:710:10:SDMMC_CmdEraseEndAdd	4	static
stm32f2xx_ll_sdmmc.c:734:10:SDMMC_CmdErase	4	static
stm32f2xx_ll_sdmmc.c:758:10:SDMMC_CmdStopTransfer	0	static
stm32f2xx_ll_sdmmc.c:783:10:SDMMC_CmdSelDesel	4	static
stm32f2xx_ll_sdmmc.c:807:10:SDMMC_CmdGoIdleState	4	static
stm32f2xx_ll_sdmmc.c:830:10:SDMMC_CmdOperCond	4	static
stm32f2xx_ll_sdmmc.c:861:10:SDMMC_CmdAppCommand	4	static
stm32f2xx_ll_sdmmc.c:889:10:SDMMC_CmdAppOperCommand	8	static
stm32f2xx_ll_sdmmc.c:913:10:SDMMC_CmdBusWidth	4	static
stm32f2xx_ll_sdmmc.c:936:10:SDMMC_CmdSendSCR	4	static
stm32f2xx_ll_sdmmc.c:960:10:SDMMC_CmdSendCID	4	static
stm32f2xx_ll_sdmmc.c:985:10:SDMMC_CmdSendCSD	4	static
stm32f2xx_ll_sdmmc.c:1010:10:SDMMC_CmdSetRelAdd	8	static
stm32f2xx_ll_sdmmc.c:1035:10:SDMMC_CmdSendStatus	4	static
stm32f2xx_ll_sdmmc.c:1058:10:SDMMC_CmdStatusRegister	4	static
stm32f2xx_ll_sdmmc.c:1083:10:SDMMC_CmdOpCondition	4	static
stm32f2xx_ll_sdmmc.c:1107:10:SDMMC_CmdSwitch	4	static
