Archive member included to satisfy reference by file (symbol)

c:/st/stm32cubeide_1.5.1/stm32cubeide/plugins/com.st.stm32cube.ide.mcu.externaltools.gnu-tools-for-stm32.7-2018-q2-update.win32_1.5.0.202011040924/tools/bin/../lib/gcc/arm-none-eabi/7.3.1/../../../../arm-none-eabi/lib/thumb/v7-m\libc_nano.a(lib_a-errno.o)
                              Core/Src/syscalls.o (__errno)
c:/st/stm32cubeide_1.5.1/stm32cubeide/plugins/com.st.stm32cube.ide.mcu.externaltools.gnu-tools-for-stm32.7-2018-q2-update.win32_1.5.0.202011040924/tools/bin/../lib/gcc/arm-none-eabi/7.3.1/../../../../arm-none-eabi/lib/thumb/v7-m\libc_nano.a(lib_a-exit.o)
                              c:/st/stm32cubeide_1.5.1/stm32cubeide/plugins/com.st.stm32cube.ide.mcu.externaltools.gnu-tools-for-stm32.7-2018-q2-update.win32_1.5.0.202011040924/tools/bin/../lib/gcc/arm-none-eabi/7.3.1/../../../../arm-none-eabi/lib/thumb/v7-m/crt0.o (exit)
c:/st/stm32cubeide_1.5.1/stm32cubeide/plugins/com.st.stm32cube.ide.mcu.externaltools.gnu-tools-for-stm32.7-2018-q2-update.win32_1.5.0.202011040924/tools/bin/../lib/gcc/arm-none-eabi/7.3.1/../../../../arm-none-eabi/lib/thumb/v7-m\libc_nano.a(lib_a-impure.o)
                              c:/st/stm32cubeide_1.5.1/stm32cubeide/plugins/com.st.stm32cube.ide.mcu.externaltools.gnu-tools-for-stm32.7-2018-q2-update.win32_1.5.0.202011040924/tools/bin/../lib/gcc/arm-none-eabi/7.3.1/../../../../arm-none-eabi/lib/thumb/v7-m\libc_nano.a(lib_a-exit.o) (_global_impure_ptr)
c:/st/stm32cubeide_1.5.1/stm32cubeide/plugins/com.st.stm32cube.ide.mcu.externaltools.gnu-tools-for-stm32.7-2018-q2-update.win32_1.5.0.202011040924/tools/bin/../lib/gcc/arm-none-eabi/7.3.1/../../../../arm-none-eabi/lib/thumb/v7-m\libc_nano.a(lib_a-init.o)
                              c:/st/stm32cubeide_1.5.1/stm32cubeide/plugins/com.st.stm32cube.ide.mcu.externaltools.gnu-tools-for-stm32.7-2018-q2-update.win32_1.5.0.202011040924/tools/bin/../lib/gcc/arm-none-eabi/7.3.1/../../../../arm-none-eabi/lib/thumb/v7-m/crt0.o (__libc_init_array)
c:/st/stm32cubeide_1.5.1/stm32cubeide/plugins/com.st.stm32cube.ide.mcu.externaltools.gnu-tools-for-stm32.7-2018-q2-update.win32_1.5.0.202011040924/tools/bin/../lib/gcc/arm-none-eabi/7.3.1/../../../../arm-none-eabi/lib/thumb/v7-m\libc_nano.a(lib_a-memcpy-stub.o)
                              Core/Src/main.o (memcpy)
c:/st/stm32cubeide_1.5.1/stm32cubeide/plugins/com.st.stm32cube.ide.mcu.externaltools.gnu-tools-for-stm32.7-2018-q2-update.win32_1.5.0.202011040924/tools/bin/../lib/gcc/arm-none-eabi/7.3.1/../../../../arm-none-eabi/lib/thumb/v7-m\libc_nano.a(lib_a-memset.o)
                              c:/st/stm32cubeide_1.5.1/stm32cubeide/plugins/com.st.stm32cube.ide.mcu.externaltools.gnu-tools-for-stm32.7-2018-q2-update.win32_1.5.0.202011040924/tools/bin/../lib/gcc/arm-none-eabi/7.3.1/../../../../arm-none-eabi/lib/thumb/v7-m/crt0.o (memset)
c:/st/stm32cubeide_1.5.1/stm32cubeide/plugins/com.st.stm32cube.ide.mcu.externaltools.gnu-tools-for-stm32.7-2018-q2-update.win32_1.5.0.202011040924/tools/bin/../lib/gcc/arm-none-eabi/7.3.1/thumb/v7-m\libgcc.a(_aeabi_ldivmod.o)
                              Drivers/STM32F2xx_HAL_Driver/Src/stm32f2xx_hal_rcc.o (__aeabi_ldivmod)
c:/st/stm32cubeide_1.5.1/stm32cubeide/plugins/com.st.stm32cube.ide.mcu.externaltools.gnu-tools-for-stm32.7-2018-q2-update.win32_1.5.0.202011040924/tools/bin/../lib/gcc/arm-none-eabi/7.3.1/thumb/v7-m\libgcc.a(_aeabi_uldivmod.o)
                              Drivers/STM32F2xx_HAL_Driver/Src/stm32f2xx_hal_rcc.o (__aeabi_uldivmod)
c:/st/stm32cubeide_1.5.1/stm32cubeide/plugins/com.st.stm32cube.ide.mcu.externaltools.gnu-tools-for-stm32.7-2018-q2-update.win32_1.5.0.202011040924/tools/bin/../lib/gcc/arm-none-eabi/7.3.1/thumb/v7-m\libgcc.a(_udivmoddi4.o)
                              c:/st/stm32cubeide_1.5.1/stm32cubeide/plugins/com.st.stm32cube.ide.mcu.externaltools.gnu-tools-for-stm32.7-2018-q2-update.win32_1.5.0.202011040924/tools/bin/../lib/gcc/arm-none-eabi/7.3.1/thumb/v7-m\libgcc.a(_aeabi_ldivmod.o) (__udivmoddi4)
c:/st/stm32cubeide_1.5.1/stm32cubeide/plugins/com.st.stm32cube.ide.mcu.externaltools.gnu-tools-for-stm32.7-2018-q2-update.win32_1.5.0.202011040924/tools/bin/../lib/gcc/arm-none-eabi/7.3.1/thumb/v7-m\libgcc.a(_dvmd_tls.o)
                              c:/st/stm32cubeide_1.5.1/stm32cubeide/plugins/com.st.stm32cube.ide.mcu.externaltools.gnu-tools-for-stm32.7-2018-q2-update.win32_1.5.0.202011040924/tools/bin/../lib/gcc/arm-none-eabi/7.3.1/thumb/v7-m\libgcc.a(_aeabi_ldivmod.o) (__aeabi_ldiv0)

Allocating common symbols
Common symbol       size              file

hdma_sdio_rx        0x60              Core/Src/main.o
retSD               0x1               FATFS/App/fatfs.o
LEDTaskHandle       0x4               Core/Src/main.o
SDcardTaskHandle    0x4               Core/Src/main.o
huart3              0x40              Core/Src/main.o
uwTick              0x4               Drivers/STM32F2xx_HAL_Driver/Src/stm32f2xx_hal.o
[...]
Memory Configuration

Name             Origin             Length             Attributes
RAM              0x0000000020000000 0x0000000000020000 xrw
FLASH            0x0000000008000000 0x0000000000100000 xr
*default*        0x0000000000000000 0xffffffffffffffff

Linker script and memory map

LOAD c:/st/stm32cubeide_1.5.1/stm32cubeide/plugins/com.st.stm32cube.ide.mcu.externaltools.gnu-tools-for-stm32.7-2018-q2-update.win32_1.5.0.202011040924/tools/bin/../lib/gcc/arm-none-eabi/7.3.1/thumb/v7-m/crti.o
LOAD c:/st/stm32cubeide_1.5.1/stm32cubeide/plugins/com.st.stm32cube.ide.mcu.externaltools.gnu-tools-for-stm32.7-2018-q2-update.win32_1.5.0.202011040924/tools/bin/../lib/gcc/arm-none-eabi/7.3.1/thumb/v7-m/crtbegin.o
LOAD c:/st/stm32cubeide_1.5.1/stm32cubeide/plugins/com.st.stm32cube.ide.mcu.externaltools.gnu-tools-for-stm32.7-2018-q2-update.win32_1.5.0.202011040924/tools/bin/../lib/gcc/arm-none-eabi/7.3.1/../../../../arm-none-eabi/lib/thumb/v7-m/crt0.o
LOAD Core/Src/freertos.o
LOAD Core/Src/main.o
LOAD Core/Src/stm32f2xx_hal_msp.o
LOAD Core/Src/stm32f2xx_hal_timebase_tim.o
LOAD Core/Src/stm32f2xx_it.o
LOAD Core/Src/syscalls.o
LOAD Core/Src/sysmem.o
LOAD Core/Src/system_stm32f2xx.o
LOAD Core/Startup/startup_stm32f207zgtx.o
LOAD Drivers/STM32F2xx_HAL_Driver/Src/stm32f2xx_hal.o
LOAD Drivers/STM32F2xx_HAL_Driver/Src/stm32f2xx_hal_cortex.o
LOAD Drivers/STM32F2xx_HAL_Driver/Src/stm32f2xx_hal_dma.o
LOAD Drivers/STM32F2xx_HAL_Driver/Src/stm32f2xx_hal_dma_ex.o
LOAD Drivers/STM32F2xx_HAL_Driver/Src/stm32f2xx_hal_exti.o
LOAD Drivers/STM32F2xx_HAL_Driver/Src/stm32f2xx_hal_flash.o
LOAD Drivers/STM32F2xx_HAL_Driver/Src/stm32f2xx_hal_flash_ex.o
LOAD Drivers/STM32F2xx_HAL_Driver/Src/stm32f2xx_hal_gpio.o
LOAD Drivers/STM32F2xx_HAL_Driver/Src/stm32f2xx_hal_pwr.o
LOAD Drivers/STM32F2xx_HAL_Driver/Src/stm32f2xx_hal_pwr_ex.o
LOAD Drivers/STM32F2xx_HAL_Driver/Src/stm32f2xx_hal_rcc.o
LOAD Drivers/STM32F2xx_HAL_Driver/Src/stm32f2xx_hal_rcc_ex.o
LOAD Drivers/STM32F2xx_HAL_Driver/Src/stm32f2xx_hal_sd.o
LOAD Drivers/STM32F2xx_HAL_Driver/Src/stm32f2xx_hal_tim.o
LOAD Drivers/STM32F2xx_HAL_Driver/Src/stm32f2xx_hal_tim_ex.o
LOAD Drivers/STM32F2xx_HAL_Driver/Src/stm32f2xx_hal_uart.o
LOAD Drivers/STM32F2xx_HAL_Driver/Src/stm32f2xx_ll_sdmmc.o
LOAD FATFS/App/fatfs.o
LOAD FATFS/Target/bsp_driver_sd.o
LOAD FATFS/Target/fatfs_platform.o
LOAD Middlewares/Third_Party/FatFs/src/diskio.o
LOAD Middlewares/Third_Party/FatFs/src/ff.o
LOAD Middlewares/Third_Party/FatFs/src/ff_gen_drv.o
LOAD Middlewares/Third_Party/FatFs/src/drivers/sd_diskio.o
LOAD Middlewares/Third_Party/FatFs/src/option/ccsbcs.o
LOAD Middlewares/Third_Party/FatFs/src/option/syscall.o
LOAD Middlewares/Third_Party/FreeRTOS/Source/CMSIS_RTOS/cmsis_os.o
LOAD Middlewares/Third_Party/FreeRTOS/Source/croutine.o
LOAD Middlewares/Third_Party/FreeRTOS/Source/event_groups.o
LOAD Middlewares/Third_Party/FreeRTOS/Source/list.o
LOAD Middlewares/Third_Party/FreeRTOS/Source/queue.o
LOAD Middlewares/Third_Party/FreeRTOS/Source/stream_buffer.o
LOAD Middlewares/Third_Party/FreeRTOS/Source/tasks.o
LOAD Middlewares/Third_Party/FreeRTOS/Source/timers.o
LOAD Middlewares/Third_Party/FreeRTOS/Source/portable/GCC/ARM_CM3/port.o
LOAD Middlewares/Third_Party/FreeRTOS/Source/portable/MemMang/heap_4.o
START GROUP
LOAD c:/st/stm32cubeide_1.5.1/stm32cubeide/plugins/com.st.stm32cube.ide.mcu.externaltools.gnu-tools-for-stm32.7-2018-q2-update.win32_1.5.0.202011040924/tools/bin/../lib/gcc/arm-none-eabi/7.3.1/../../../../arm-none-eabi/lib/thumb/v7-m\libc_nano.a
LOAD c:/st/stm32cubeide_1.5.1/stm32cubeide/plugins/com.st.stm32cube.ide.mcu.externaltools.gnu-tools-for-stm32.7-2018-q2-update.win32_1.5.0.202011040924/tools/bin/../lib/gcc/arm-none-eabi/7.3.1/../../../../arm-none-eabi/lib/thumb/v7-m\libm.a
END GROUP
START GROUP
LOAD c:/st/stm32cubeide_1.5.1/stm32cubeide/plugins/com.st.stm32cube.ide.mcu.externaltools.gnu-tools-for-stm32.7-2018-q2-update.win32_1.5.0.202011040924/tools/bin/../lib/gcc/arm-none-eabi/7.3.1/thumb/v7-m\libgcc.a
LOAD c:/st/stm32cubeide_1.5.1/stm32cubeide/plugins/com.st.stm32cube.ide.mcu.externaltools.gnu-tools-for-stm32.7-2018-q2-update.win32_1.5.0.202011040924/tools/bin/../lib/gcc/arm-none-eabi/7.3.1/../../../../arm-none-eabi/lib/thumb/v7-m\libc_nano.a
END GROUP
START GROUP
LOAD c:/st/stm32cubeide_1.5.1/stm32cubeide/plugins/com.st.stm32cube.ide.mcu.externaltools.gnu-tools-for-stm32.7-2018-q2-update.win32_1.5.0.202011040924/tools/bin/../lib/gcc/arm-none-eabi/7.3.1/thumb/v7-m\libgcc.a
LOAD c:/st/stm32cubeide_1.5.1/stm32cubeide/plugins/com.st.stm32cube.ide.mcu.externaltools.gnu-tools-for-stm32.7-2018-q2-update.win32_1.5.0.202011040924/tools/bin/../lib/gcc/arm-none-eabi/7.3.1/../../../../arm-none-eabi/lib/thumb/v7-m\libc_nano.a
LOAD c:/st/stm32cubeide_1.5.1/stm32cubeide/plugins/com.st.stm32cube.ide.mcu.externaltools.gnu-tools-for-stm32.7-2018-q2-update.win32_1.5.0.202011040924/tools/bin/../lib/gcc/arm-none-eabi/7.3.1/../../../../arm-none-eabi/lib/thumb/v7-m\libnosys.a
END GROUP
START GROUP
LOAD c:/st/stm32cubeide_1.5.1/stm32cubeide/plugins/com.st.stm32cube.ide.mcu.externaltools.gnu-tools-for-stm32.7-2018-q2-update.win32_1.5.0.202011040924/tools/bin/../lib/gcc/arm-none-eabi/7.3.1/thumb/v7-m\libgcc.a
LOAD c:/st/stm32cubeide_1.5.1/stm32cubeide/plugins/com.st.stm32cube.ide.mcu.externaltools.gnu-tools-for-stm32.7-2018-q2-update.win32_1.5.0.202011040924/tools/bin/../lib/gcc/arm-none-eabi/7.3.1/../../../../arm-none-eabi/lib/thumb/v7-m\libc_nano.a
LOAD c:/st/stm32cubeide_1.5.1/stm32cubeide/plugins/com.st.stm32cube.ide.mcu.externaltools.gnu-tools-for-stm32.7-2018-q2-update.win32_1.5.0.202011040924/tools/bin/../lib/gcc/arm-none-eabi/7.3.1/../../../../arm-none-eabi/lib/thumb/v7-m\libnosys.a
END GROUP
LOAD c:/st/stm32cubeide_1.5.1/stm32cubeide/plugins/com.st.stm32cube.ide.mcu.externaltools.gnu-tools-for-stm32.7-2018-q2-update.win32_1.5.0.202011040924/tools/bin/../lib/gcc/arm-none-eabi/7.3.1/thumb/v7-m/crtend.o
LOAD c:/st/stm32cubeide_1.5.1/stm32cubeide/plugins/com.st.stm32cube.ide.mcu.externaltools.gnu-tools-for-stm32.7-2018-q2-update.win32_1.5.0.202011040924/tools/bin/../lib/gcc/arm-none-eabi/7.3.1/thumb/v7-m/crtn.o
                0x0000000020020000                _estack = (ORIGIN (RAM) + LENGTH (RAM))
                0x0000000000003000                _Min_Heap_Size = 0x3000
                0x0000000000003000                _Min_Stack_Size = 0x3000

.isr_vector     0x0000000008000000      0x184
                0x0000000008000000                . = ALIGN (0x4)
 *(.isr_vector)
 .isr_vector    0x0000000008000000      0x184 Core/Startup/startup_stm32f207zgtx.o
                0x0000000008000000                g_pfnVectors
                0x0000000008000184                . = ALIGN (0x4)

.text           0x0000000008000190     0xa5e0
                0x0000000008000190                . = ALIGN (0x4)
 *(.text)
 .text          0x0000000008000190       0x40 c:/st/stm32cubeide_1.5.1/stm32cubeide/plugins/com.st.stm32cube.ide.mcu.externaltools.gnu-tools-for-stm32.7-2018-q2-update.win32_1.5.0.202011040924/tools/bin/../lib/gcc/arm-none-eabi/7.3.1/thumb/v7-m/crtbegin.o
 .text          0x00000000080001d0       0x30 c:/st/stm32cubeide_1.5.1/stm32cubeide/plugins/com.st.stm32cube.ide.mcu.externaltools.gnu-tools-for-stm32.7-2018-q2-update.win32_1.5.0.202011040924/tools/bin/../lib/gcc/arm-none-eabi/7.3.1/thumb/v7-m\libgcc.a(_aeabi_uldivmod.o)
                0x00000000080001d0                __aeabi_uldivmod
 .text          0x0000000008000200      0x2d0 c:/st/stm32cubeide_1.5.1/stm32cubeide/plugins/com.st.stm32cube.ide.mcu.externaltools.gnu-tools-for-stm32.7-2018-q2-update.win32_1.5.0.202011040924/tools/bin/../lib/gcc/arm-none-eabi/7.3.1/thumb/v7-m\libgcc.a(_udivmoddi4.o)
                0x0000000008000200                __udivmoddi4
 .text          0x00000000080004d0        0x4 c:/st/stm32cubeide_1.5.1/stm32cubeide/plugins/com.st.stm32cube.ide.mcu.externaltools.gnu-tools-for-stm32.7-2018-q2-update.win32_1.5.0.202011040924/tools/bin/../lib/gcc/arm-none-eabi/7.3.1/thumb/v7-m\libgcc.a(_dvmd_tls.o)
                0x00000000080004d0                __aeabi_idiv0
                0x00000000080004d0                __aeabi_ldiv0
 *(.text*)
 .text.vApplicationGetIdleTaskMemory
                0x00000000080004d4       0x1c Core/Src/freertos.o
                0x00000000080004d4                vApplicationGetIdleTaskMemory
 .text.LEDTaskFunc
                0x00000000080004f0        0xc Core/Src/main.o
                0x00000000080004f0                LEDTaskFunc
 .text.SDcardTaskFunc
                0x00000000080004fc      0x120 Core/Src/main.o
                0x00000000080004fc                SDcardTaskFunc
 .text.HAL_GPIO_EXTI_Callback
                0x000000000800061c        0x4 Core/Src/main.o
                0x000000000800061c                HAL_GPIO_EXTI_Callback
 .text.SystemClock_Config
                0x0000000008000620       0x5c Core/Src/main.o
                0x0000000008000620                SystemClock_Config
 .text.startup.main
                0x000000000800067c      0x2bc Core/Src/main.o
                0x000000000800067c                main
 .text.HAL_TIM_PeriodElapsedCallback
                0x0000000008000938       0x14 Core/Src/main.o
                0x0000000008000938                HAL_TIM_PeriodElapsedCallback
 .text.Error_Handler
                0x000000000800094c        0x4 Core/Src/main.o
                0x000000000800094c                Error_Handler
 .text.HAL_MspInit
                0x0000000008000950       0x44 Core/Src/stm32f2xx_hal_msp.o
                0x0000000008000950                HAL_MspInit
 .text.HAL_SD_MspInit
                0x0000000008000994      0x178 Core/Src/stm32f2xx_hal_msp.o
                0x0000000008000994                HAL_SD_MspInit
 .text.HAL_UART_MspInit
                0x0000000008000b0c       0x70 Core/Src/stm32f2xx_hal_msp.o
                0x0000000008000b0c                HAL_UART_MspInit
 .text.HAL_InitTick
                0x0000000008000b7c       0x80 Core/Src/stm32f2xx_hal_timebase_tim.o
                0x0000000008000b7c                HAL_InitTick
 .text.NMI_Handler
                0x0000000008000bfc        0x4 Core/Src/stm32f2xx_it.o
                0x0000000008000bfc                NMI_Handler
 .text.HardFault_Handler
                0x0000000008000c00        0x4 Core/Src/stm32f2xx_it.o
                0x0000000008000c00                HardFault_Handler
 .text.MemManage_Handler
                0x0000000008000c04        0x4 Core/Src/stm32f2xx_it.o
                0x0000000008000c04                MemManage_Handler
 .text.BusFault_Handler
                0x0000000008000c08        0x4 Core/Src/stm32f2xx_it.o
                0x0000000008000c08                BusFault_Handler
 .text.UsageFault_Handler
                0x0000000008000c0c        0x4 Core/Src/stm32f2xx_it.o
                0x0000000008000c0c                UsageFault_Handler
 .text.DebugMon_Handler
                0x0000000008000c10        0x4 Core/Src/stm32f2xx_it.o
                0x0000000008000c10                DebugMon_Handler
 .text.EXTI9_5_IRQHandler
                0x0000000008000c14       0x14 Core/Src/stm32f2xx_it.o
                0x0000000008000c14                EXTI9_5_IRQHandler
 .text.TIM1_BRK_TIM9_IRQHandler
                0x0000000008000c28        0xc Core/Src/stm32f2xx_it.o
                0x0000000008000c28                TIM1_BRK_TIM9_IRQHandler
 .text.EXTI15_10_IRQHandler
                0x0000000008000c34       0x28 Core/Src/stm32f2xx_it.o
                0x0000000008000c34                EXTI15_10_IRQHandler
 .text.SDIO_IRQHandler
                0x0000000008000c5c        0xc Core/Src/stm32f2xx_it.o
                0x0000000008000c5c                SDIO_IRQHandler
 .text.DMA2_Stream3_IRQHandler
                0x0000000008000c68        0xc Core/Src/stm32f2xx_it.o
                0x0000000008000c68                DMA2_Stream3_IRQHandler
 .text.DMA2_Stream6_IRQHandler
                0x0000000008000c74        0xc Core/Src/stm32f2xx_it.o
                0x0000000008000c74                DMA2_Stream6_IRQHandler
 .text.SystemInit
                0x0000000008000c80       0x44 Core/Src/system_stm32f2xx.o
                0x0000000008000c80                SystemInit
 .text.Reset_Handler
                0x0000000008000cc4       0x50 Core/Startup/startup_stm32f207zgtx.o
                0x0000000008000cc4                Reset_Handler
 .text.Default_Handler
                0x0000000008000d14        0x2 Core/Startup/startup_stm32f207zgtx.o
                0x0000000008000d14                RTC_Alarm_IRQHandler
                0x0000000008000d14                HASH_RNG_IRQHandler
                0x0000000008000d14                EXTI2_IRQHandler
                0x0000000008000d14                TIM8_CC_IRQHandler
                0x0000000008000d14                TIM1_CC_IRQHandler
                0x0000000008000d14                DMA2_Stream5_IRQHandler
                0x0000000008000d14                DMA1_Stream5_IRQHandler
                0x0000000008000d14                PVD_IRQHandler
                0x0000000008000d14                TAMP_STAMP_IRQHandler
                0x0000000008000d14                CAN2_RX1_IRQHandler
                0x0000000008000d14                EXTI3_IRQHandler
                0x0000000008000d14                TIM8_TRG_COM_TIM14_IRQHandler
                0x0000000008000d14                TIM1_UP_TIM10_IRQHandler
                0x0000000008000d14                TIM8_UP_TIM13_IRQHandler
                0x0000000008000d14                I2C3_ER_IRQHandler
                0x0000000008000d14                EXTI0_IRQHandler
                0x0000000008000d14                I2C2_EV_IRQHandler
                0x0000000008000d14                DMA1_Stream2_IRQHandler
                0x0000000008000d14                CAN1_RX0_IRQHandler
                0x0000000008000d14                OTG_HS_WKUP_IRQHandler
                0x0000000008000d14                CAN2_SCE_IRQHandler
                0x0000000008000d14                DMA2_Stream2_IRQHandler
                0x0000000008000d14                SPI1_IRQHandler
                0x0000000008000d14                TIM6_DAC_IRQHandler
                0x0000000008000d14                DCMI_IRQHandler
                0x0000000008000d14                CAN2_RX0_IRQHandler
                0x0000000008000d14                USART6_IRQHandler
                0x0000000008000d14                USART3_IRQHandler
                0x0000000008000d14                CAN1_RX1_IRQHandler
                0x0000000008000d14                UART5_IRQHandler
                0x0000000008000d14                DMA2_Stream0_IRQHandler
                0x0000000008000d14                TIM4_IRQHandler
                0x0000000008000d14                I2C1_EV_IRQHandler
                0x0000000008000d14                DMA1_Stream6_IRQHandler
                0x0000000008000d14                DMA1_Stream1_IRQHandler
                0x0000000008000d14                UART4_IRQHandler
                0x0000000008000d14                TIM3_IRQHandler
                0x0000000008000d14                RCC_IRQHandler
                0x0000000008000d14                TIM8_BRK_TIM12_IRQHandler
                0x0000000008000d14                Default_Handler
                0x0000000008000d14                ADC_IRQHandler
                0x0000000008000d14                DMA1_Stream7_IRQHandler
                0x0000000008000d14                TIM7_IRQHandler
                0x0000000008000d14                CAN2_TX_IRQHandler
                0x0000000008000d14                TIM5_IRQHandler
                0x0000000008000d14                DMA2_Stream7_IRQHandler
                0x0000000008000d14                I2C3_EV_IRQHandler
                0x0000000008000d14                RTC_WKUP_IRQHandler
                0x0000000008000d14                ETH_WKUP_IRQHandler
                0x0000000008000d14                SPI2_IRQHandler
                0x0000000008000d14                OTG_HS_EP1_IN_IRQHandler
                0x0000000008000d14                DMA1_Stream0_IRQHandler
                0x0000000008000d14                CAN1_TX_IRQHandler
                0x0000000008000d14                EXTI4_IRQHandler
                0x0000000008000d14                FSMC_IRQHandler
                0x0000000008000d14                ETH_IRQHandler
                0x0000000008000d14                OTG_HS_EP1_OUT_IRQHandler
                0x0000000008000d14                WWDG_IRQHandler
                0x0000000008000d14                TIM2_IRQHandler
                0x0000000008000d14                OTG_FS_WKUP_IRQHandler
                0x0000000008000d14                TIM1_TRG_COM_TIM11_IRQHandler
                0x0000000008000d14                OTG_HS_IRQHandler
                0x0000000008000d14                EXTI1_IRQHandler
                0x0000000008000d14                USART2_IRQHandler
                0x0000000008000d14                I2C2_ER_IRQHandler
                0x0000000008000d14                DMA2_Stream1_IRQHandler
                0x0000000008000d14                CAN1_SCE_IRQHandler
                0x0000000008000d14                FLASH_IRQHandler
                0x0000000008000d14                DMA2_Stream4_IRQHandler
                0x0000000008000d14                USART1_IRQHandler
                0x0000000008000d14                OTG_FS_IRQHandler
                0x0000000008000d14                SPI3_IRQHandler
                0x0000000008000d14                DMA1_Stream4_IRQHandler
                0x0000000008000d14                I2C1_ER_IRQHandler
                0x0000000008000d14                DMA1_Stream3_IRQHandler
 *fill*         0x0000000008000d16        0x2 
 .text.HAL_Init
                0x0000000008000d18       0x34 Drivers/STM32F2xx_HAL_Driver/Src/stm32f2xx_hal.o
                0x0000000008000d18                HAL_Init
 .text.HAL_IncTick
                0x0000000008000d4c       0x18 Drivers/STM32F2xx_HAL_Driver/Src/stm32f2xx_hal.o
                0x0000000008000d4c                HAL_IncTick
 .text.HAL_GetTick
                0x0000000008000d64        0xc Drivers/STM32F2xx_HAL_Driver/Src/stm32f2xx_hal.o
                0x0000000008000d64                HAL_GetTick
 .text.HAL_Delay
                0x0000000008000d70       0x2c Drivers/STM32F2xx_HAL_Driver/Src/stm32f2xx_hal.o
                0x0000000008000d70                HAL_Delay
 .text.HAL_NVIC_SetPriorityGrouping
                0x0000000008000d9c       0x24 Drivers/STM32F2xx_HAL_Driver/Src/stm32f2xx_hal_cortex.o
                0x0000000008000d9c                HAL_NVIC_SetPriorityGrouping
 .text.HAL_NVIC_SetPriority
                0x0000000008000dc0       0x6c Drivers/STM32F2xx_HAL_Driver/Src/stm32f2xx_hal_cortex.o
                0x0000000008000dc0                HAL_NVIC_SetPriority
 .text.HAL_NVIC_EnableIRQ
                0x0000000008000e2c       0x1c Drivers/STM32F2xx_HAL_Driver/Src/stm32f2xx_hal_cortex.o
                0x0000000008000e2c                HAL_NVIC_EnableIRQ
 .text.HAL_DMA_Init
                0x0000000008000e48      0x138 Drivers/STM32F2xx_HAL_Driver/Src/stm32f2xx_hal_dma.o
                0x0000000008000e48                HAL_DMA_Init
 .text.HAL_DMA_Start_IT
                0x0000000008000f80       0x84 Drivers/STM32F2xx_HAL_Driver/Src/stm32f2xx_hal_dma.o
                0x0000000008000f80                HAL_DMA_Start_IT
 .text.HAL_DMA_Abort_IT
                0x0000000008001004       0x28 Drivers/STM32F2xx_HAL_Driver/Src/stm32f2xx_hal_dma.o
                0x0000000008001004                HAL_DMA_Abort_IT
 .text.HAL_DMA_IRQHandler
                0x000000000800102c      0x1ac Drivers/STM32F2xx_HAL_Driver/Src/stm32f2xx_hal_dma.o
                0x000000000800102c                HAL_DMA_IRQHandler
 .text.HAL_DMA_GetError
                0x00000000080011d8        0x4 Drivers/STM32F2xx_HAL_Driver/Src/stm32f2xx_hal_dma.o
                0x00000000080011d8                HAL_DMA_GetError
 .text.HAL_GPIO_Init
                0x00000000080011dc      0x210 Drivers/STM32F2xx_HAL_Driver/Src/stm32f2xx_hal_gpio.o
                0x00000000080011dc                HAL_GPIO_Init
 .text.HAL_GPIO_ReadPin
                0x00000000080013ec        0xc Drivers/STM32F2xx_HAL_Driver/Src/stm32f2xx_hal_gpio.o
                0x00000000080013ec                HAL_GPIO_ReadPin
 .text.HAL_GPIO_WritePin
                0x00000000080013f8        0x8 Drivers/STM32F2xx_HAL_Driver/Src/stm32f2xx_hal_gpio.o
                0x00000000080013f8                HAL_GPIO_WritePin
 .text.HAL_GPIO_TogglePin
                0x0000000008001400       0x14 Drivers/STM32F2xx_HAL_Driver/Src/stm32f2xx_hal_gpio.o
                0x0000000008001400                HAL_GPIO_TogglePin
 .text.HAL_GPIO_EXTI_IRQHandler
                0x0000000008001414       0x18 Drivers/STM32F2xx_HAL_Driver/Src/stm32f2xx_hal_gpio.o
                0x0000000008001414                HAL_GPIO_EXTI_IRQHandler
 .text.HAL_RCC_OscConfig
                0x000000000800142c      0x384 Drivers/STM32F2xx_HAL_Driver/Src/stm32f2xx_hal_rcc.o
                0x000000000800142c                HAL_RCC_OscConfig
 .text.HAL_RCC_ClockConfig
                0x00000000080017b0      0x19c Drivers/STM32F2xx_HAL_Driver/Src/stm32f2xx_hal_rcc.o
                0x00000000080017b0                HAL_RCC_ClockConfig
 .text.HAL_RCC_GetPCLK1Freq
                0x000000000800194c       0x30 Drivers/STM32F2xx_HAL_Driver/Src/stm32f2xx_hal_rcc.o
                0x000000000800194c                HAL_RCC_GetPCLK1Freq
 .text.HAL_RCC_GetPCLK2Freq
                0x000000000800197c       0x30 Drivers/STM32F2xx_HAL_Driver/Src/stm32f2xx_hal_rcc.o
                0x000000000800197c                HAL_RCC_GetPCLK2Freq
 .text.HAL_RCC_GetClockConfig
                0x00000000080019ac       0x40 Drivers/STM32F2xx_HAL_Driver/Src/stm32f2xx_hal_rcc.o
                0x00000000080019ac                HAL_RCC_GetClockConfig
 .text.SD_DMATransmitCplt
                0x00000000080019ec       0x10 Drivers/STM32F2xx_HAL_Driver/Src/stm32f2xx_hal_sd.o
 .text.SD_FindSCR
                0x00000000080019fc       0xe4 Drivers/STM32F2xx_HAL_Driver/Src/stm32f2xx_hal_sd.o
 .text.HAL_SD_ReadBlocks_DMA
                0x0000000008001ae0      0x14c Drivers/STM32F2xx_HAL_Driver/Src/stm32f2xx_hal_sd.o
                0x0000000008001ae0                HAL_SD_ReadBlocks_DMA
 .text.HAL_SD_WriteBlocks_DMA
                0x0000000008001c2c      0x148 Drivers/STM32F2xx_HAL_Driver/Src/stm32f2xx_hal_sd.o
                0x0000000008001c2c                HAL_SD_WriteBlocks_DMA
 .text.HAL_SD_ErrorCallback
                0x0000000008001d74        0x4 Drivers/STM32F2xx_HAL_Driver/Src/stm32f2xx_hal_sd.o
                0x0000000008001d74                HAL_SD_ErrorCallback
 .text.SD_DMAReceiveCplt
                0x0000000008001d78       0x48 Drivers/STM32F2xx_HAL_Driver/Src/stm32f2xx_hal_sd.o
 .text.SD_DMAError
                0x0000000008001dc0       0x84 Drivers/STM32F2xx_HAL_Driver/Src/stm32f2xx_hal_sd.o
 .text.SD_DMATxAbort
                0x0000000008001e44       0x64 Drivers/STM32F2xx_HAL_Driver/Src/stm32f2xx_hal_sd.o
 .text.HAL_SD_IRQHandler
                0x0000000008001ea8      0x268 Drivers/STM32F2xx_HAL_Driver/Src/stm32f2xx_hal_sd.o
                0x0000000008001ea8                HAL_SD_IRQHandler
 .text.SD_DMARxAbort
                0x0000000008002110       0x64 Drivers/STM32F2xx_HAL_Driver/Src/stm32f2xx_hal_sd.o
 .text.HAL_SD_GetCardCSD
                0x0000000008002174      0x174 Drivers/STM32F2xx_HAL_Driver/Src/stm32f2xx_hal_sd.o
                0x0000000008002174                HAL_SD_GetCardCSD
 .text.HAL_SD_Init
                0x00000000080022e8      0x234 Drivers/STM32F2xx_HAL_Driver/Src/stm32f2xx_hal_sd.o
                0x00000000080022e8                HAL_SD_Init
 .text.HAL_SD_GetCardInfo
                0x000000000800251c       0x28 Drivers/STM32F2xx_HAL_Driver/Src/stm32f2xx_hal_sd.o
                0x000000000800251c                HAL_SD_GetCardInfo
 .text.HAL_SD_ConfigWideBusOperation
                0x0000000008002544      0x114 Drivers/STM32F2xx_HAL_Driver/Src/stm32f2xx_hal_sd.o
                0x0000000008002544                HAL_SD_ConfigWideBusOperation
 .text.HAL_SD_GetCardState
                0x0000000008002658       0x28 Drivers/STM32F2xx_HAL_Driver/Src/stm32f2xx_hal_sd.o
                0x0000000008002658                HAL_SD_GetCardState
 .text.HAL_TIM_Base_MspInit
                0x0000000008002680        0x4 Drivers/STM32F2xx_HAL_Driver/Src/stm32f2xx_hal_tim.o
                0x0000000008002680                HAL_TIM_Base_MspInit
 .text.HAL_TIM_Base_Init
                0x0000000008002684      0x128 Drivers/STM32F2xx_HAL_Driver/Src/stm32f2xx_hal_tim.o
                0x0000000008002684                HAL_TIM_Base_Init
 .text.HAL_TIM_Base_Start_IT
                0x00000000080027ac       0x78 Drivers/STM32F2xx_HAL_Driver/Src/stm32f2xx_hal_tim.o
                0x00000000080027ac                HAL_TIM_Base_Start_IT
 .text.HAL_TIM_OC_DelayElapsedCallback
                0x0000000008002824        0x4 Drivers/STM32F2xx_HAL_Driver/Src/stm32f2xx_hal_tim.o
                0x0000000008002824                HAL_TIM_OC_DelayElapsedCallback
 .text.HAL_TIM_IC_CaptureCallback
                0x0000000008002828        0x4 Drivers/STM32F2xx_HAL_Driver/Src/stm32f2xx_hal_tim.o
                0x0000000008002828                HAL_TIM_IC_CaptureCallback
 .text.HAL_TIM_PWM_PulseFinishedCallback
                0x000000000800282c        0x4 Drivers/STM32F2xx_HAL_Driver/Src/stm32f2xx_hal_tim.o
                0x000000000800282c                HAL_TIM_PWM_PulseFinishedCallback
 .text.HAL_TIM_TriggerCallback
                0x0000000008002830        0x4 Drivers/STM32F2xx_HAL_Driver/Src/stm32f2xx_hal_tim.o
                0x0000000008002830                HAL_TIM_TriggerCallback
 .text.HAL_TIM_IRQHandler
                0x0000000008002834      0x154 Drivers/STM32F2xx_HAL_Driver/Src/stm32f2xx_hal_tim.o
                0x0000000008002834                HAL_TIM_IRQHandler
 .text.HAL_TIMEx_CommutCallback
                0x0000000008002988        0x4 Drivers/STM32F2xx_HAL_Driver/Src/stm32f2xx_hal_tim_ex.o
                0x0000000008002988                HAL_TIMEx_CommutCallback
 .text.HAL_TIMEx_BreakCallback
                0x000000000800298c        0x4 Drivers/STM32F2xx_HAL_Driver/Src/stm32f2xx_hal_tim_ex.o
                0x000000000800298c                HAL_TIMEx_BreakCallback
 .text.HAL_UART_Init
                0x0000000008002990      0x11c Drivers/STM32F2xx_HAL_Driver/Src/stm32f2xx_hal_uart.o
                0x0000000008002990                HAL_UART_Init
 .text.SDMMC_GetCmdResp1.part.2
                0x0000000008002aac       0xc8 Drivers/STM32F2xx_HAL_Driver/Src/stm32f2xx_ll_sdmmc.o
 .text.SDIO_Init
                0x0000000008002b74       0x38 Drivers/STM32F2xx_HAL_Driver/Src/stm32f2xx_ll_sdmmc.o
                0x0000000008002b74                SDIO_Init
 .text.SDIO_ReadFIFO
                0x0000000008002bac        0x8 Drivers/STM32F2xx_HAL_Driver/Src/stm32f2xx_ll_sdmmc.o
                0x0000000008002bac                SDIO_ReadFIFO
 .text.SDIO_WriteFIFO
                0x0000000008002bb4        0xc Drivers/STM32F2xx_HAL_Driver/Src/stm32f2xx_ll_sdmmc.o
                0x0000000008002bb4                SDIO_WriteFIFO
 .text.SDIO_PowerState_ON
                0x0000000008002bc0       0x14 Drivers/STM32F2xx_HAL_Driver/Src/stm32f2xx_ll_sdmmc.o
                0x0000000008002bc0                SDIO_PowerState_ON
 .text.SDIO_GetPowerState
                0x0000000008002bd4        0x8 Drivers/STM32F2xx_HAL_Driver/Src/stm32f2xx_ll_sdmmc.o
                0x0000000008002bd4                SDIO_GetPowerState
 .text.SDIO_GetResponse
                0x0000000008002bdc        0x8 Drivers/STM32F2xx_HAL_Driver/Src/stm32f2xx_ll_sdmmc.o
                0x0000000008002bdc                SDIO_GetResponse
 .text.SDIO_ConfigData
                0x0000000008002be4       0x28 Drivers/STM32F2xx_HAL_Driver/Src/stm32f2xx_ll_sdmmc.o
                0x0000000008002be4                SDIO_ConfigData
 .text.SDMMC_CmdBlockLength
                0x0000000008002c0c       0x80 Drivers/STM32F2xx_HAL_Driver/Src/stm32f2xx_ll_sdmmc.o
                0x0000000008002c0c                SDMMC_CmdBlockLength
 .text.SDMMC_CmdReadSingleBlock
                0x0000000008002c8c       0x84 Drivers/STM32F2xx_HAL_Driver/Src/stm32f2xx_ll_sdmmc.o
                0x0000000008002c8c                SDMMC_CmdReadSingleBlock
 .text.SDMMC_CmdReadMultiBlock
                0x0000000008002d10       0x84 Drivers/STM32F2xx_HAL_Driver/Src/stm32f2xx_ll_sdmmc.o
                0x0000000008002d10                SDMMC_CmdReadMultiBlock
 .text.SDMMC_CmdWriteSingleBlock
                0x0000000008002d94       0x80 Drivers/STM32F2xx_HAL_Driver/Src/stm32f2xx_ll_sdmmc.o
                0x0000000008002d94                SDMMC_CmdWriteSingleBlock
 .text.SDMMC_CmdWriteMultiBlock
                0x0000000008002e14       0x84 Drivers/STM32F2xx_HAL_Driver/Src/stm32f2xx_ll_sdmmc.o
                0x0000000008002e14                SDMMC_CmdWriteMultiBlock
 .text.SDMMC_CmdStopTransfer
                0x0000000008002e98       0x7c Drivers/STM32F2xx_HAL_Driver/Src/stm32f2xx_ll_sdmmc.o
                0x0000000008002e98                SDMMC_CmdStopTransfer
 .text.SDMMC_CmdSelDesel
                0x0000000008002f14       0x84 Drivers/STM32F2xx_HAL_Driver/Src/stm32f2xx_ll_sdmmc.o
                0x0000000008002f14                SDMMC_CmdSelDesel
 .text.SDMMC_CmdGoIdleState
                0x0000000008002f98       0x54 Drivers/STM32F2xx_HAL_Driver/Src/stm32f2xx_ll_sdmmc.o
                0x0000000008002f98                SDMMC_CmdGoIdleState
 .text.SDMMC_CmdOperCond
                0x0000000008002fec       0x80 Drivers/STM32F2xx_HAL_Driver/Src/stm32f2xx_ll_sdmmc.o
                0x0000000008002fec                SDMMC_CmdOperCond
 .text.SDMMC_CmdAppCommand
                0x000000000800306c       0x84 Drivers/STM32F2xx_HAL_Driver/Src/stm32f2xx_ll_sdmmc.o
                0x000000000800306c                SDMMC_CmdAppCommand
 .text.SDMMC_CmdAppOperCommand
                0x00000000080030f0       0x6c Drivers/STM32F2xx_HAL_Driver/Src/stm32f2xx_ll_sdmmc.o
                0x00000000080030f0                SDMMC_CmdAppOperCommand
 .text.SDMMC_CmdBusWidth
                0x000000000800315c       0x84 Drivers/STM32F2xx_HAL_Driver/Src/stm32f2xx_ll_sdmmc.o
                0x000000000800315c                SDMMC_CmdBusWidth
 .text.SDMMC_CmdSendSCR
                0x00000000080031e0       0x84 Drivers/STM32F2xx_HAL_Driver/Src/stm32f2xx_ll_sdmmc.o
                0x00000000080031e0                SDMMC_CmdSendSCR
 .text.SDMMC_CmdSendCID
                0x0000000008003264       0x74 Drivers/STM32F2xx_HAL_Driver/Src/stm32f2xx_ll_sdmmc.o
                0x0000000008003264                SDMMC_CmdSendCID
 .text.SDMMC_CmdSendCSD
                0x00000000080032d8       0x70 Drivers/STM32F2xx_HAL_Driver/Src/stm32f2xx_ll_sdmmc.o
                0x00000000080032d8                SDMMC_CmdSendCSD
 .text.SDMMC_CmdSetRelAdd
                0x0000000008003348       0xa8 Drivers/STM32F2xx_HAL_Driver/Src/stm32f2xx_ll_sdmmc.o
                0x0000000008003348                SDMMC_CmdSetRelAdd
 .text.SDMMC_CmdSendStatus
                0x00000000080033f0       0x84 Drivers/STM32F2xx_HAL_Driver/Src/stm32f2xx_ll_sdmmc.o
                0x00000000080033f0                SDMMC_CmdSendStatus
 .text.MX_FATFS_Init
                0x0000000008003474       0x1c FATFS/App/fatfs.o
                0x0000000008003474                MX_FATFS_Init
 .text.get_fattime
                0x0000000008003490        0x4 FATFS/App/fatfs.o
                0x0000000008003490                get_fattime
 .text.BSP_SD_ITConfig
                0x0000000008003494        0x4 FATFS/Target/bsp_driver_sd.o
                0x0000000008003494                BSP_SD_ITConfig
 .text.BSP_SD_ReadBlocks_DMA
                0x0000000008003498       0x1c FATFS/Target/bsp_driver_sd.o
                0x0000000008003498                BSP_SD_ReadBlocks_DMA
 .text.BSP_SD_WriteBlocks_DMA
                0x00000000080034b4       0x1c FATFS/Target/bsp_driver_sd.o
                0x00000000080034b4                BSP_SD_WriteBlocks_DMA
 .text.BSP_SD_GetCardState
                0x00000000080034d0       0x14 FATFS/Target/bsp_driver_sd.o
                0x00000000080034d0                BSP_SD_GetCardState
 .text.BSP_SD_GetCardInfo
                0x00000000080034e4        0xc FATFS/Target/bsp_driver_sd.o
                0x00000000080034e4                BSP_SD_GetCardInfo
 .text.BSP_SD_AbortCallback
                0x00000000080034f0        0x4 FATFS/Target/bsp_driver_sd.o
                0x00000000080034f0                BSP_SD_AbortCallback
 .text.HAL_SD_AbortCallback
                0x00000000080034f4        0x8 FATFS/Target/bsp_driver_sd.o
                0x00000000080034f4                HAL_SD_AbortCallback
 .text.HAL_SD_TxCpltCallback
                0x00000000080034fc        0x8 FATFS/Target/bsp_driver_sd.o
                0x00000000080034fc                HAL_SD_TxCpltCallback
 .text.HAL_SD_RxCpltCallback
                0x0000000008003504        0x8 FATFS/Target/bsp_driver_sd.o
                0x0000000008003504                HAL_SD_RxCpltCallback
 .text.BSP_SD_IsDetected
                0x000000000800350c       0x20 FATFS/Target/bsp_driver_sd.o
                0x000000000800350c                BSP_SD_IsDetected
 .text.BSP_SD_Init
                0x000000000800352c       0x30 FATFS/Target/bsp_driver_sd.o
                0x000000000800352c                BSP_SD_Init
 .text.BSP_PlatformIsDetected
                0x000000000800355c       0x18 FATFS/Target/fatfs_platform.o
                0x000000000800355c                BSP_PlatformIsDetected
 .text.disk_status
                0x0000000008003574       0x14 Middlewares/Third_Party/FatFs/src/diskio.o
                0x0000000008003574                disk_status
 .text.disk_initialize
                0x0000000008003588       0x20 Middlewares/Third_Party/FatFs/src/diskio.o
                0x0000000008003588                disk_initialize
 .text.disk_read
                0x00000000080035a8       0x1c Middlewares/Third_Party/FatFs/src/diskio.o
                0x00000000080035a8                disk_read
 .text.disk_write
                0x00000000080035c4       0x1c Middlewares/Third_Party/FatFs/src/diskio.o
                0x00000000080035c4                disk_write
 .text.disk_ioctl
                0x00000000080035e0       0x1c Middlewares/Third_Party/FatFs/src/diskio.o
                0x00000000080035e0                disk_ioctl
 .text.move_window.part.6
                0x00000000080035fc       0x78 Middlewares/Third_Party/FatFs/src/ff.o
 .text.sync_fs  0x0000000008003674       0xf0 Middlewares/Third_Party/FatFs/src/ff.o
 .text.dir_sdi  0x0000000008003764      0x368 Middlewares/Third_Party/FatFs/src/ff.o
 .text.put_fat.part.8
                0x0000000008003acc      0x2d0 Middlewares/Third_Party/FatFs/src/ff.o
 .text.remove_chain
                0x0000000008003d9c      0x590 Middlewares/Third_Party/FatFs/src/ff.o
 .text.get_fat.isra.9
                0x000000000800432c      0x27c Middlewares/Third_Party/FatFs/src/ff.o
 .text.create_chain
                0x00000000080045a8      0x398 Middlewares/Third_Party/FatFs/src/ff.o
 .text.dir_next
                0x0000000008004940      0x1dc Middlewares/Third_Party/FatFs/src/ff.o
 .text.dir_find
                0x0000000008004b1c      0x364 Middlewares/Third_Party/FatFs/src/ff.o
 .text.follow_path
                0x0000000008004e80      0x2e0 Middlewares/Third_Party/FatFs/src/ff.o
 .text.dir_register
                0x0000000008005160      0xa60 Middlewares/Third_Party/FatFs/src/ff.o
 .text.f_mount  0x0000000008005bc0      0x724 Middlewares/Third_Party/FatFs/src/ff.o
                0x0000000008005bc0                f_mount
 .text.f_open   0x00000000080062e4      0xb1c Middlewares/Third_Party/FatFs/src/ff.o
                0x00000000080062e4                f_open
 .text.f_read   0x0000000008006e00      0x44c Middlewares/Third_Party/FatFs/src/ff.o
                0x0000000008006e00                f_read
 .text.f_write  0x000000000800724c      0x47c Middlewares/Third_Party/FatFs/src/ff.o
                0x000000000800724c                f_write
 .text.f_close  0x00000000080076c8      0x20c Middlewares/Third_Party/FatFs/src/ff.o
                0x00000000080076c8                f_close
 .text.f_mkfs   0x00000000080078d4      0x710 Middlewares/Third_Party/FatFs/src/ff.o
                0x00000000080078d4                f_mkfs
 .text.FATFS_LinkDriver
                0x0000000008007fe4       0x4c Middlewares/Third_Party/FatFs/src/ff_gen_drv.o
                0x0000000008007fe4                FATFS_LinkDriver
 .text.SD_initialize
                0x0000000008008030       0x64 Middlewares/Third_Party/FatFs/src/drivers/sd_diskio.o
                0x0000000008008030                SD_initialize
 .text.SD_status
                0x0000000008008094       0x20 Middlewares/Third_Party/FatFs/src/drivers/sd_diskio.o
                0x0000000008008094                SD_status
 .text.SD_write
                0x00000000080080b4       0x54 Middlewares/Third_Party/FatFs/src/drivers/sd_diskio.o
                0x00000000080080b4                SD_write
 .text.SD_ioctl
                0x0000000008008108       0x60 Middlewares/Third_Party/FatFs/src/drivers/sd_diskio.o
                0x0000000008008108                SD_ioctl
 .text.SD_read  0x0000000008008168       0x54 Middlewares/Third_Party/FatFs/src/drivers/sd_diskio.o
                0x0000000008008168                SD_read
 .text.BSP_SD_WriteCpltCallback
                0x00000000080081bc       0x14 Middlewares/Third_Party/FatFs/src/drivers/sd_diskio.o
                0x00000000080081bc                BSP_SD_WriteCpltCallback
 .text.BSP_SD_ReadCpltCallback
                0x00000000080081d0       0x14 Middlewares/Third_Party/FatFs/src/drivers/sd_diskio.o
                0x00000000080081d0                BSP_SD_ReadCpltCallback
 .text.ff_convert
                0x00000000080081e4       0x44 Middlewares/Third_Party/FatFs/src/option/ccsbcs.o
                0x00000000080081e4                ff_convert
 .text.ff_wtoupper
                0x0000000008008228       0x98 Middlewares/Third_Party/FatFs/src/option/ccsbcs.o
                0x0000000008008228                ff_wtoupper
 .text.ff_cre_syncobj
                0x00000000080082c0       0x20 Middlewares/Third_Party/FatFs/src/option/syscall.o
                0x00000000080082c0                ff_cre_syncobj
 .text.ff_del_syncobj
                0x00000000080082e0        0xc Middlewares/Third_Party/FatFs/src/option/syscall.o
                0x00000000080082e0                ff_del_syncobj
 .text.ff_req_grant
                0x00000000080082ec       0x14 Middlewares/Third_Party/FatFs/src/option/syscall.o
                0x00000000080082ec                ff_req_grant
 .text.ff_rel_grant
                0x0000000008008300        0x4 Middlewares/Third_Party/FatFs/src/option/syscall.o
                0x0000000008008300                ff_rel_grant
 .text.osKernelStart
                0x0000000008008304        0xc Middlewares/Third_Party/FreeRTOS/Source/CMSIS_RTOS/cmsis_os.o
                0x0000000008008304                osKernelStart
 .text.osKernelRunning
                0x0000000008008310       0x10 Middlewares/Third_Party/FreeRTOS/Source/CMSIS_RTOS/cmsis_os.o
                0x0000000008008310                osKernelRunning
 .text.osKernelSysTick
                0x0000000008008320       0x10 Middlewares/Third_Party/FreeRTOS/Source/CMSIS_RTOS/cmsis_os.o
                0x0000000008008320                osKernelSysTick
 .text.osThreadCreate
                0x0000000008008330       0x54 Middlewares/Third_Party/FreeRTOS/Source/CMSIS_RTOS/cmsis_os.o
                0x0000000008008330                osThreadCreate
 .text.osDelay  0x0000000008008384       0x10 Middlewares/Third_Party/FreeRTOS/Source/CMSIS_RTOS/cmsis_os.o
                0x0000000008008384                osDelay
 .text.osSemaphoreCreate
                0x0000000008008394       0x54 Middlewares/Third_Party/FreeRTOS/Source/CMSIS_RTOS/cmsis_os.o
                0x0000000008008394                osSemaphoreCreate
 .text.osSemaphoreWait
                0x00000000080083e8       0x58 Middlewares/Third_Party/FreeRTOS/Source/CMSIS_RTOS/cmsis_os.o
                0x00000000080083e8                osSemaphoreWait
 .text.osSemaphoreRelease
                0x0000000008008440       0x50 Middlewares/Third_Party/FreeRTOS/Source/CMSIS_RTOS/cmsis_os.o
                0x0000000008008440                osSemaphoreRelease
 .text.osSemaphoreDelete
                0x0000000008008490       0x14 Middlewares/Third_Party/FreeRTOS/Source/CMSIS_RTOS/cmsis_os.o
                0x0000000008008490                osSemaphoreDelete
 .text.osMessageCreate
                0x00000000080084a4       0x2c Middlewares/Third_Party/FreeRTOS/Source/CMSIS_RTOS/cmsis_os.o
                0x00000000080084a4                osMessageCreate
 .text.osMessagePut
                0x00000000080084d0       0x58 Middlewares/Third_Party/FreeRTOS/Source/CMSIS_RTOS/cmsis_os.o
                0x00000000080084d0                osMessagePut
 .text.osMessageGet
                0x0000000008008528       0x8c Middlewares/Third_Party/FreeRTOS/Source/CMSIS_RTOS/cmsis_os.o
                0x0000000008008528                osMessageGet
 .text.vListInitialise
                0x00000000080085b4       0x18 Middlewares/Third_Party/FreeRTOS/Source/list.o
                0x00000000080085b4                vListInitialise
 .text.vListInitialiseItem
                0x00000000080085cc        0x8 Middlewares/Third_Party/FreeRTOS/Source/list.o
                0x00000000080085cc                vListInitialiseItem
 .text.vListInsertEnd
                0x00000000080085d4       0x1c Middlewares/Third_Party/FreeRTOS/Source/list.o
                0x00000000080085d4                vListInsertEnd
 .text.vListInsert
                0x00000000080085f0       0x34 Middlewares/Third_Party/FreeRTOS/Source/list.o
                0x00000000080085f0                vListInsert
 .text.uxListRemove
                0x0000000008008624       0x28 Middlewares/Third_Party/FreeRTOS/Source/list.o
                0x0000000008008624                uxListRemove
 .text.prvUnlockQueue
                0x000000000800864c       0x94 Middlewares/Third_Party/FreeRTOS/Source/queue.o
 .text.xQueueGenericReset
                0x00000000080086e0       0x84 Middlewares/Third_Party/FreeRTOS/Source/queue.o
                0x00000000080086e0                xQueueGenericReset
 .text.xQueueGenericCreateStatic
                0x0000000008008764       0xa4 Middlewares/Third_Party/FreeRTOS/Source/queue.o
                0x0000000008008764                xQueueGenericCreateStatic
 .text.xQueueGenericCreate
                0x0000000008008808       0x94 Middlewares/Third_Party/FreeRTOS/Source/queue.o
                0x0000000008008808                xQueueGenericCreate
 .text.xQueueGenericSend
                0x000000000800889c      0x324 Middlewares/Third_Party/FreeRTOS/Source/queue.o
                0x000000000800889c                xQueueGenericSend
 .text.xQueueGenericSendFromISR
                0x0000000008008bc0      0x130 Middlewares/Third_Party/FreeRTOS/Source/queue.o
                0x0000000008008bc0                xQueueGenericSendFromISR
 .text.xQueueGiveFromISR
                0x0000000008008cf0       0xac Middlewares/Third_Party/FreeRTOS/Source/queue.o
                0x0000000008008cf0                xQueueGiveFromISR
 .text.xQueueReceive
                0x0000000008008d9c      0x2c8 Middlewares/Third_Party/FreeRTOS/Source/queue.o
                0x0000000008008d9c                xQueueReceive
 .text.xQueueSemaphoreTake
                0x0000000008009064      0x314 Middlewares/Third_Party/FreeRTOS/Source/queue.o
                0x0000000008009064                xQueueSemaphoreTake
 .text.xQueueReceiveFromISR
                0x0000000008009378       0xb8 Middlewares/Third_Party/FreeRTOS/Source/queue.o
                0x0000000008009378                xQueueReceiveFromISR
 .text.vQueueDelete
                0x0000000008009430       0x94 Middlewares/Third_Party/FreeRTOS/Source/queue.o
                0x0000000008009430                vQueueDelete
 .text.prvAddNewTaskToReadyList
                0x00000000080094c4      0x110 Middlewares/Third_Party/FreeRTOS/Source/tasks.o
 .text.prvInitialiseNewTask.isra.2
                0x00000000080095d4      0x110 Middlewares/Third_Party/FreeRTOS/Source/tasks.o
 .text.prvAddCurrentTaskToDelayedList
                0x00000000080096e4       0x8c Middlewares/Third_Party/FreeRTOS/Source/tasks.o
 .text.prvIdleTask
                0x0000000008009770       0xa0 Middlewares/Third_Party/FreeRTOS/Source/tasks.o
 .text.xTaskCreateStatic
                0x0000000008009810       0x70 Middlewares/Third_Party/FreeRTOS/Source/tasks.o
                0x0000000008009810                xTaskCreateStatic
 .text.xTaskCreate
                0x0000000008009880      0x150 Middlewares/Third_Party/FreeRTOS/Source/tasks.o
                0x0000000008009880                xTaskCreate
 .text.vTaskStartScheduler
                0x00000000080099d0       0xc0 Middlewares/Third_Party/FreeRTOS/Source/tasks.o
                0x00000000080099d0                vTaskStartScheduler
 .text.vTaskSuspendAll
                0x0000000008009a90       0x10 Middlewares/Third_Party/FreeRTOS/Source/tasks.o
                0x0000000008009a90                vTaskSuspendAll
 .text.xTaskGetTickCount
                0x0000000008009aa0        0xc Middlewares/Third_Party/FreeRTOS/Source/tasks.o
                0x0000000008009aa0                xTaskGetTickCount
 .text.xTaskGetTickCountFromISR
                0x0000000008009aac       0x10 Middlewares/Third_Party/FreeRTOS/Source/tasks.o
                0x0000000008009aac                xTaskGetTickCountFromISR
 .text.xTaskIncrementTick
                0x0000000008009abc      0x158 Middlewares/Third_Party/FreeRTOS/Source/tasks.o
                0x0000000008009abc                xTaskIncrementTick
 .text.xTaskResumeAll
                0x0000000008009c14      0x114 Middlewares/Third_Party/FreeRTOS/Source/tasks.o
                0x0000000008009c14                xTaskResumeAll
 .text.vTaskDelay
                0x0000000008009d28       0x48 Middlewares/Third_Party/FreeRTOS/Source/tasks.o
                0x0000000008009d28                vTaskDelay
 .text.vTaskSwitchContext
                0x0000000008009d70       0x7c Middlewares/Third_Party/FreeRTOS/Source/tasks.o
                0x0000000008009d70                vTaskSwitchContext
 .text.vTaskPlaceOnEventList
                0x0000000008009dec       0xa0 Middlewares/Third_Party/FreeRTOS/Source/tasks.o
                0x0000000008009dec                vTaskPlaceOnEventList
 .text.xTaskRemoveFromEventList
                0x0000000008009e8c       0x8c Middlewares/Third_Party/FreeRTOS/Source/tasks.o
                0x0000000008009e8c                xTaskRemoveFromEventList
 .text.vTaskInternalSetTimeOutState
                0x0000000008009f18       0x18 Middlewares/Third_Party/FreeRTOS/Source/tasks.o
                0x0000000008009f18                vTaskInternalSetTimeOutState
 .text.xTaskCheckForTimeOut
                0x0000000008009f30       0x8c Middlewares/Third_Party/FreeRTOS/Source/tasks.o
                0x0000000008009f30                xTaskCheckForTimeOut
 .text.vTaskMissedYield
                0x0000000008009fbc        0xc Middlewares/Third_Party/FreeRTOS/Source/tasks.o
                0x0000000008009fbc                vTaskMissedYield
 .text.xTaskGetSchedulerState
                0x0000000008009fc8       0x20 Middlewares/Third_Party/FreeRTOS/Source/tasks.o
                0x0000000008009fc8                xTaskGetSchedulerState
 .text.xTaskPriorityInherit
                0x0000000008009fe8       0xac Middlewares/Third_Party/FreeRTOS/Source/tasks.o
                0x0000000008009fe8                xTaskPriorityInherit
 .text.xTaskPriorityDisinherit
                0x000000000800a094       0xb8 Middlewares/Third_Party/FreeRTOS/Source/tasks.o
                0x000000000800a094                xTaskPriorityDisinherit
 .text.vTaskPriorityDisinheritAfterTimeout
                0x000000000800a14c       0xbc Middlewares/Third_Party/FreeRTOS/Source/tasks.o
                0x000000000800a14c                vTaskPriorityDisinheritAfterTimeout
 .text.pvTaskIncrementMutexHeldCount
                0x000000000800a208       0x18 Middlewares/Third_Party/FreeRTOS/Source/tasks.o
                0x000000000800a208                pvTaskIncrementMutexHeldCount
 .text.prvTaskExitError
                0x000000000800a220       0x40 Middlewares/Third_Party/FreeRTOS/Source/portable/GCC/ARM_CM3/port.o
 .text.unlikely.prvPortStartFirstTask
                0x000000000800a260       0x20 Middlewares/Third_Party/FreeRTOS/Source/portable/GCC/ARM_CM3/port.o
 .text.pxPortInitialiseStack
                0x000000000800a280       0x24 Middlewares/Third_Party/FreeRTOS/Source/portable/GCC/ARM_CM3/port.o
                0x000000000800a280                pxPortInitialiseStack
 *fill*         0x000000000800a2a4        0xc 
 .text.SVC_Handler
                0x000000000800a2b0       0x24 Middlewares/Third_Party/FreeRTOS/Source/portable/GCC/ARM_CM3/port.o
                0x000000000800a2b0                SVC_Handler
 .text.vPortEnterCritical
                0x000000000800a2d4       0x44 Middlewares/Third_Party/FreeRTOS/Source/portable/GCC/ARM_CM3/port.o
                0x000000000800a2d4                vPortEnterCritical
 .text.vPortExitCritical
                0x000000000800a318       0x28 Middlewares/Third_Party/FreeRTOS/Source/portable/GCC/ARM_CM3/port.o
                0x000000000800a318                vPortExitCritical
 .text.PendSV_Handler
                0x000000000800a340       0x44 Middlewares/Third_Party/FreeRTOS/Source/portable/GCC/ARM_CM3/port.o
                0x000000000800a340                PendSV_Handler
 .text.SysTick_Handler
                0x000000000800a384       0x2c Middlewares/Third_Party/FreeRTOS/Source/portable/GCC/ARM_CM3/port.o
                0x000000000800a384                SysTick_Handler
 .text.vPortSetupTimerInterrupt
                0x000000000800a3b0       0x3c Middlewares/Third_Party/FreeRTOS/Source/portable/GCC/ARM_CM3/port.o
                0x000000000800a3b0                vPortSetupTimerInterrupt
 .text.xPortStartScheduler
                0x000000000800a3ec       0xb8 Middlewares/Third_Party/FreeRTOS/Source/portable/GCC/ARM_CM3/port.o
                0x000000000800a3ec                xPortStartScheduler
 .text.vPortValidateInterruptPriority
                0x000000000800a4a4       0x5c Middlewares/Third_Party/FreeRTOS/Source/portable/GCC/ARM_CM3/port.o
                0x000000000800a4a4                vPortValidateInterruptPriority
 .text.unlikely.prvInsertBlockIntoFreeList
                0x000000000800a500       0x50 Middlewares/Third_Party/FreeRTOS/Source/portable/MemMang/heap_4.o
 .text.pvPortMalloc
                0x000000000800a550      0x128 Middlewares/Third_Party/FreeRTOS/Source/portable/MemMang/heap_4.o
                0x000000000800a550                pvPortMalloc
 .text.vPortFree
                0x000000000800a678       0x70 Middlewares/Third_Party/FreeRTOS/Source/portable/MemMang/heap_4.o
                0x000000000800a678                vPortFree
 .text.__libc_init_array
                0x000000000800a6e8       0x48 c:/st/stm32cubeide_1.5.1/stm32cubeide/plugins/com.st.stm32cube.ide.mcu.externaltools.gnu-tools-for-stm32.7-2018-q2-update.win32_1.5.0.202011040924/tools/bin/../lib/gcc/arm-none-eabi/7.3.1/../../../../arm-none-eabi/lib/thumb/v7-m\libc_nano.a(lib_a-init.o)
                0x000000000800a6e8                __libc_init_array
 .text.memcpy   0x000000000800a730       0x16 c:/st/stm32cubeide_1.5.1/stm32cubeide/plugins/com.st.stm32cube.ide.mcu.externaltools.gnu-tools-for-stm32.7-2018-q2-update.win32_1.5.0.202011040924/tools/bin/../lib/gcc/arm-none-eabi/7.3.1/../../../../arm-none-eabi/lib/thumb/v7-m\libc_nano.a(lib_a-memcpy-stub.o)
                0x000000000800a730                memcpy
 .text.memset   0x000000000800a746       0x10 c:/st/stm32cubeide_1.5.1/stm32cubeide/plugins/com.st.stm32cube.ide.mcu.externaltools.gnu-tools-for-stm32.7-2018-q2-update.win32_1.5.0.202011040924/tools/bin/../lib/gcc/arm-none-eabi/7.3.1/../../../../arm-none-eabi/lib/thumb/v7-m\libc_nano.a(lib_a-memset.o)
                0x000000000800a746                memset
 *(.glue_7)
 .glue_7        0x000000000800a756        0x0 linker stubs
 *(.glue_7t)
 .glue_7t       0x000000000800a756        0x0 linker stubs
 *(.eh_frame)
 *fill*         0x000000000800a756        0x2 
 .eh_frame      0x000000000800a758        0x0 c:/st/stm32cubeide_1.5.1/stm32cubeide/plugins/com.st.stm32cube.ide.mcu.externaltools.gnu-tools-for-stm32.7-2018-q2-update.win32_1.5.0.202011040924/tools/bin/../lib/gcc/arm-none-eabi/7.3.1/thumb/v7-m/crtbegin.o
 *(.init)
 .init          0x000000000800a758        0x4 c:/st/stm32cubeide_1.5.1/stm32cubeide/plugins/com.st.stm32cube.ide.mcu.externaltools.gnu-tools-for-stm32.7-2018-q2-update.win32_1.5.0.202011040924/tools/bin/../lib/gcc/arm-none-eabi/7.3.1/thumb/v7-m/crti.o
                0x000000000800a758                _init
 .init          0x000000000800a75c        0x8 c:/st/stm32cubeide_1.5.1/stm32cubeide/plugins/com.st.stm32cube.ide.mcu.externaltools.gnu-tools-for-stm32.7-2018-q2-update.win32_1.5.0.202011040924/tools/bin/../lib/gcc/arm-none-eabi/7.3.1/thumb/v7-m/crtn.o
 *(.fini)
 .fini          0x000000000800a764        0x4 c:/st/stm32cubeide_1.5.1/stm32cubeide/plugins/com.st.stm32cube.ide.mcu.externaltools.gnu-tools-for-stm32.7-2018-q2-update.win32_1.5.0.202011040924/tools/bin/../lib/gcc/arm-none-eabi/7.3.1/thumb/v7-m/crti.o
                0x000000000800a764                _fini
 .fini          0x000000000800a768        0x8 c:/st/stm32cubeide_1.5.1/stm32cubeide/plugins/com.st.stm32cube.ide.mcu.externaltools.gnu-tools-for-stm32.7-2018-q2-update.win32_1.5.0.202011040924/tools/bin/../lib/gcc/arm-none-eabi/7.3.1/thumb/v7-m/crtn.o
                0x000000000800a770                . = ALIGN (0x4)
                0x000000000800a770                _etext = .

.vfp11_veneer   0x000000000800a770        0x0
 .vfp11_veneer  0x000000000800a770        0x0 linker stubs

.v4_bx          0x000000000800a770        0x0
 .v4_bx         0x000000000800a770        0x0 linker stubs

.iplt           0x000000000800a770        0x0
 .iplt          0x000000000800a770        0x0 c:/st/stm32cubeide_1.5.1/stm32cubeide/plugins/com.st.stm32cube.ide.mcu.externaltools.gnu-tools-for-stm32.7-2018-q2-update.win32_1.5.0.202011040924/tools/bin/../lib/gcc/arm-none-eabi/7.3.1/thumb/v7-m/crtbegin.o

.rodata         0x000000000800a770      0x580
                0x000000000800a770                . = ALIGN (0x4)
 *(.rodata)
 .rodata        0x000000000800a770       0x38 Core/Src/main.o
 .rodata        0x000000000800a7a8       0x10 Middlewares/Third_Party/FatFs/src/drivers/sd_diskio.o
 *(.rodata*)
 .rodata.SDcardTaskFunc.str1.4
                0x000000000800a7b8       0x5f Core/Src/main.o
 *fill*         0x000000000800a817        0x1 
 .rodata.str1.4
                0x000000000800a818       0x13 Core/Src/main.o
 *fill*         0x000000000800a82b        0x1 
 .rodata.AHBPrescTable
                0x000000000800a82c       0x10 Core/Src/system_stm32f2xx.o
                0x000000000800a82c                AHBPrescTable
 .rodata.APBPrescTable
                0x000000000800a83c        0x8 Core/Src/system_stm32f2xx.o
                0x000000000800a83c                APBPrescTable
 .rodata.flagBitshiftOffset.6860
                0x000000000800a844        0x8 Drivers/STM32F2xx_HAL_Driver/Src/stm32f2xx_hal_dma.o
 .rodata.ExCvt  0x000000000800a84c       0x80 Middlewares/Third_Party/FatFs/src/ff.o
 .rodata.LfnOfs
                0x000000000800a8cc        0xd Middlewares/Third_Party/FatFs/src/ff.o
 *fill*         0x000000000800a8d9        0x3 
 .rodata.f_mkfs.str1.4
                0x000000000800a8dc       0x34 Middlewares/Third_Party/FatFs/src/ff.o
 .rodata.follow_path.str1.4
                0x000000000800a910       0x13 Middlewares/Third_Party/FatFs/src/ff.o
 *fill*         0x000000000800a923        0x1 
 .rodata.SD_Driver
                0x000000000800a924       0x14 Middlewares/Third_Party/FatFs/src/drivers/sd_diskio.o
                0x000000000800a924                SD_Driver
 .rodata.Tbl    0x000000000800a938      0x100 Middlewares/Third_Party/FatFs/src/option/ccsbcs.o
 .rodata.cvt1.7823
                0x000000000800aa38      0x1f2 Middlewares/Third_Party/FatFs/src/option/ccsbcs.o
 *fill*         0x000000000800ac2a        0x2 
 .rodata.cvt2.7824
                0x000000000800ac2c       0xbc Middlewares/Third_Party/FatFs/src/option/ccsbcs.o
 .rodata.vTaskStartScheduler.str1.4
                0x000000000800ace8        0x8 Middlewares/Third_Party/FreeRTOS/Source/tasks.o
                                          0x5 (size before relaxing)
                0x000000000800acf0                . = ALIGN (0x4)

.ARM.extab      0x000000000800acf0        0x0
                0x000000000800acf0                . = ALIGN (0x4)
 *(.ARM.extab* .gnu.linkonce.armextab.*)
                0x000000000800acf0                . = ALIGN (0x4)

.ARM            0x000000000800acf0        0x8
                0x000000000800acf0                . = ALIGN (0x4)
                0x000000000800acf0                __exidx_start = .
 *(.ARM.exidx*)
 .ARM.exidx     0x000000000800acf0        0x8 c:/st/stm32cubeide_1.5.1/stm32cubeide/plugins/com.st.stm32cube.ide.mcu.externaltools.gnu-tools-for-stm32.7-2018-q2-update.win32_1.5.0.202011040924/tools/bin/../lib/gcc/arm-none-eabi/7.3.1/thumb/v7-m\libgcc.a(_udivmoddi4.o)
                0x000000000800acf8                __exidx_end = .
                0x000000000800acf8                . = ALIGN (0x4)

.rel.dyn        0x000000000800acf8        0x0
 .rel.iplt      0x000000000800acf8        0x0 c:/st/stm32cubeide_1.5.1/stm32cubeide/plugins/com.st.stm32cube.ide.mcu.externaltools.gnu-tools-for-stm32.7-2018-q2-update.win32_1.5.0.202011040924/tools/bin/../lib/gcc/arm-none-eabi/7.3.1/thumb/v7-m/crtbegin.o

.preinit_array  0x000000000800acf8        0x0
                0x000000000800acf8                . = ALIGN (0x4)
                0x000000000800acf8                PROVIDE (__preinit_array_start = .)
 *(.preinit_array*)
                0x000000000800acf8                PROVIDE (__preinit_array_end = .)
                0x000000000800acf8                . = ALIGN (0x4)

.init_array     0x000000000800acf8        0x4
                0x000000000800acf8                . = ALIGN (0x4)
                0x000000000800acf8                PROVIDE (__init_array_start = .)
 *(SORT_BY_NAME(.init_array.*))
 *(.init_array*)
 .init_array    0x000000000800acf8        0x4 c:/st/stm32cubeide_1.5.1/stm32cubeide/plugins/com.st.stm32cube.ide.mcu.externaltools.gnu-tools-for-stm32.7-2018-q2-update.win32_1.5.0.202011040924/tools/bin/../lib/gcc/arm-none-eabi/7.3.1/thumb/v7-m/crtbegin.o
                0x000000000800acfc                PROVIDE (__init_array_end = .)
                0x000000000800acfc                . = ALIGN (0x4)

.fini_array     0x000000000800acfc        0x4
                0x000000000800acfc                . = ALIGN (0x4)
                [!provide]                        PROVIDE (__fini_array_start = .)
 *(SORT_BY_NAME(.fini_array.*))
 *(.fini_array*)
 .fini_array    0x000000000800acfc        0x4 c:/st/stm32cubeide_1.5.1/stm32cubeide/plugins/com.st.stm32cube.ide.mcu.externaltools.gnu-tools-for-stm32.7-2018-q2-update.win32_1.5.0.202011040924/tools/bin/../lib/gcc/arm-none-eabi/7.3.1/thumb/v7-m/crtbegin.o
                [!provide]                        PROVIDE (__fini_array_end = .)
                0x000000000800ad00                . = ALIGN (0x4)
                0x000000000800ad00                _sidata = LOADADDR (.data)

.data           0x0000000020000000       0x14 load address 0x000000000800ad00
                0x0000000020000000                . = ALIGN (0x4)
                0x0000000020000000                _sdata = .
 *(.data)
 *(.data*)
 .data.SystemCoreClock
                0x0000000020000000        0x4 Core/Src/system_stm32f2xx.o
                0x0000000020000000                SystemCoreClock
 .data.uwTickFreq
                0x0000000020000004        0x1 Drivers/STM32F2xx_HAL_Driver/Src/stm32f2xx_hal.o
                0x0000000020000004                uwTickFreq
 *fill*         0x0000000020000005        0x3 
 .data.uwTickPrio
                0x0000000020000008        0x4 Drivers/STM32F2xx_HAL_Driver/Src/stm32f2xx_hal.o
                0x0000000020000008                uwTickPrio
 .data.Stat     0x000000002000000c        0x1 Middlewares/Third_Party/FatFs/src/drivers/sd_diskio.o
 *fill*         0x000000002000000d        0x3 
 .data.uxCriticalNesting
                0x0000000020000010        0x4 Middlewares/Third_Party/FreeRTOS/Source/portable/GCC/ARM_CM3/port.o
                0x0000000020000014                . = ALIGN (0x4)
                0x0000000020000014                _edata = .

.igot.plt       0x0000000020000014        0x0 load address 0x000000000800ad14
 .igot.plt      0x0000000020000014        0x0 c:/st/stm32cubeide_1.5.1/stm32cubeide/plugins/com.st.stm32cube.ide.mcu.externaltools.gnu-tools-for-stm32.7-2018-q2-update.win32_1.5.0.202011040924/tools/bin/../lib/gcc/arm-none-eabi/7.3.1/thumb/v7-m/crtbegin.o
                0x0000000020000014                . = ALIGN (0x4)

.bss            0x0000000020000014     0xa2ec load address 0x000000000800ad14
                0x0000000020000014                _sbss = .
                0x0000000020000014                __bss_start__ = _sbss
 *(.bss)
 .bss           0x0000000020000014       0x1c c:/st/stm32cubeide_1.5.1/stm32cubeide/plugins/com.st.stm32cube.ide.mcu.externaltools.gnu-tools-for-stm32.7-2018-q2-update.win32_1.5.0.202011040924/tools/bin/../lib/gcc/arm-none-eabi/7.3.1/thumb/v7-m/crtbegin.o
 *(.bss*)
 .bss.xIdleStack
                0x0000000020000030      0x200 Core/Src/freertos.o
 .bss.xIdleTaskTCBBuffer
                0x0000000020000230       0x54 Core/Src/freertos.o
 .bss.isFsCreated
                0x0000000020000284        0x1 Core/Src/main.o
 .bss.isInitialized
                0x0000000020000285        0x1 Core/Src/main.o
 *fill*         0x0000000020000286        0x2 
 .bss.FatFs     0x0000000020000288        0x4 Middlewares/Third_Party/FatFs/src/ff.o
 .bss.Files     0x000000002000028c       0x20 Middlewares/Third_Party/FatFs/src/ff.o
 .bss.Fsid      0x00000000200002ac        0x2 Middlewares/Third_Party/FatFs/src/ff.o
 *fill*         0x00000000200002ae        0x2 
 .bss.disk      0x00000000200002b0        0xc Middlewares/Third_Party/FatFs/src/ff_gen_drv.o
                0x00000000200002b0                disk
 .bss.SDQueueID
                0x00000000200002bc        0x4 Middlewares/Third_Party/FatFs/src/drivers/sd_diskio.o
 .bss.pxCurrentTCB
                0x00000000200002c0        0x4 Middlewares/Third_Party/FreeRTOS/Source/tasks.o
                0x00000000200002c0                pxCurrentTCB
 .bss.pxDelayedTaskList
                0x00000000200002c4        0x4 Middlewares/Third_Party/FreeRTOS/Source/tasks.o
 .bss.pxOverflowDelayedTaskList
                0x00000000200002c8        0x4 Middlewares/Third_Party/FreeRTOS/Source/tasks.o
 .bss.pxReadyTasksLists
                0x00000000200002cc       0x8c Middlewares/Third_Party/FreeRTOS/Source/tasks.o
 .bss.uxCurrentNumberOfTasks
                0x0000000020000358        0x4 Middlewares/Third_Party/FreeRTOS/Source/tasks.o
 .bss.uxDeletedTasksWaitingCleanUp
                0x000000002000035c        0x4 Middlewares/Third_Party/FreeRTOS/Source/tasks.o
 .bss.uxPendedTicks
                0x0000000020000360        0x4 Middlewares/Third_Party/FreeRTOS/Source/tasks.o
 .bss.uxSchedulerSuspended
                0x0000000020000364        0x4 Middlewares/Third_Party/FreeRTOS/Source/tasks.o
 .bss.uxTaskNumber
                0x0000000020000368        0x4 Middlewares/Third_Party/FreeRTOS/Source/tasks.o
 .bss.uxTopReadyPriority
                0x000000002000036c        0x4 Middlewares/Third_Party/FreeRTOS/Source/tasks.o
 .bss.xDelayedTaskList1
                0x0000000020000370       0x14 Middlewares/Third_Party/FreeRTOS/Source/tasks.o
 .bss.xDelayedTaskList2
                0x0000000020000384       0x14 Middlewares/Third_Party/FreeRTOS/Source/tasks.o
 .bss.xNextTaskUnblockTime
                0x0000000020000398        0x4 Middlewares/Third_Party/FreeRTOS/Source/tasks.o
 .bss.xNumOfOverflows
                0x000000002000039c        0x4 Middlewares/Third_Party/FreeRTOS/Source/tasks.o
 .bss.xPendingReadyList
                0x00000000200003a0       0x14 Middlewares/Third_Party/FreeRTOS/Source/tasks.o
 .bss.xSchedulerRunning
                0x00000000200003b4        0x4 Middlewares/Third_Party/FreeRTOS/Source/tasks.o
 .bss.xSuspendedTaskList
                0x00000000200003b8       0x14 Middlewares/Third_Party/FreeRTOS/Source/tasks.o
 .bss.xTasksWaitingTermination
                0x00000000200003cc       0x14 Middlewares/Third_Party/FreeRTOS/Source/tasks.o
 .bss.xTickCount
                0x00000000200003e0        0x4 Middlewares/Third_Party/FreeRTOS/Source/tasks.o
 .bss.xYieldPending
                0x00000000200003e4        0x4 Middlewares/Third_Party/FreeRTOS/Source/tasks.o
 .bss.ucMaxSysCallPriority
                0x00000000200003e8        0x1 Middlewares/Third_Party/FreeRTOS/Source/portable/GCC/ARM_CM3/port.o
 *fill*         0x00000000200003e9        0x3 
 .bss.ulMaxPRIGROUPValue
                0x00000000200003ec        0x4 Middlewares/Third_Party/FreeRTOS/Source/portable/GCC/ARM_CM3/port.o
 .bss.pxEnd     0x00000000200003f0        0x4 Middlewares/Third_Party/FreeRTOS/Source/portable/MemMang/heap_4.o
 .bss.ucHeap    0x00000000200003f4     0x3c00 Middlewares/Third_Party/FreeRTOS/Source/portable/MemMang/heap_4.o
 .bss.xBlockAllocatedBit
                0x0000000020003ff4        0x4 Middlewares/Third_Party/FreeRTOS/Source/portable/MemMang/heap_4.o
 .bss.xFreeBytesRemaining
                0x0000000020003ff8        0x4 Middlewares/Third_Party/FreeRTOS/Source/portable/MemMang/heap_4.o
 .bss.xMinimumEverFreeBytesRemaining
                0x0000000020003ffc        0x4 Middlewares/Third_Party/FreeRTOS/Source/portable/MemMang/heap_4.o
 .bss.xStart    0x0000000020004000        0x8 Middlewares/Third_Party/FreeRTOS/Source/portable/MemMang/heap_4.o
 *(COMMON)
 COMMON         0x0000000020004008     0x41fc Core/Src/main.o
                0x0000000020004008                hdma_sdio_rx
                0x0000000020004068                LEDTaskHandle
                0x000000002000406c                SDcardTaskHandle
                0x0000000020004070                huart3
                0x00000000200040b0                workBuffer
                0x00000000200060b0                SDPath
                0x00000000200060b4                SDFatFs
                0x00000000200070f0                hdma_sdio_tx
                0x0000000020007150                hsd
                0x00000000200071d4                MyFile
 COMMON         0x0000000020008204       0x48 Core/Src/stm32f2xx_hal_timebase_tim.o
                0x0000000020008204                htim9
 COMMON         0x000000002000824c        0x4 Drivers/STM32F2xx_HAL_Driver/Src/stm32f2xx_hal.o
                0x000000002000824c                uwTick
 COMMON         0x0000000020008250     0x2070 FATFS/App/fatfs.o
                0x0000000020008250                retSD
                0x0000000020008254                SDFile
                0x0000000020009284                SDFatFS
 COMMON         0x000000002000a2c0       0x40 Middlewares/Third_Party/FreeRTOS/Source/queue.o
                0x000000002000a2c0                xQueueRegistry
                0x000000002000a300                . = ALIGN (0x4)
                0x000000002000a300                _ebss = .
                0x000000002000a300                __bss_end__ = _ebss

._user_heap_stack
                0x000000002000a300     0x6000 load address 0x000000000800ad14
                0x000000002000a300                . = ALIGN (0x8)
                [!provide]                        PROVIDE (end = .)
                0x000000002000a300                PROVIDE (_end = .)
                0x000000002000d300                . = (. + _Min_Heap_Size)
 *fill*         0x000000002000a300     0x3000 
                0x0000000020010300                . = (. + _Min_Stack_Size)
 *fill*         0x000000002000d300     0x3000 
                0x0000000020010300                . = ALIGN (0x8)

/DISCARD/
 libc.a(*)
 libm.a(*)
 libgcc.a(*)

.ARM.attributes
                0x0000000000000000       0x29
 *(.ARM.attributes)
 .ARM.attributes
                0x0000000000000000       0x1d c:/st/stm32cubeide_1.5.1/stm32cubeide/plugins/com.st.stm32cube.ide.mcu.externaltools.gnu-tools-for-stm32.7-2018-q2-update.win32_1.5.0.202011040924/tools/bin/../lib/gcc/arm-none-eabi/7.3.1/thumb/v7-m/crti.o
 .ARM.attributes
                0x000000000000001d       0x2d c:/st/stm32cubeide_1.5.1/stm32cubeide/plugins/com.st.stm32cube.ide.mcu.externaltools.gnu-tools-for-stm32.7-2018-q2-update.win32_1.5.0.202011040924/tools/bin/../lib/gcc/arm-none-eabi/7.3.1/thumb/v7-m/crtbegin.o
 .ARM.attributes
                0x000000000000004a       0x33 Core/Src/freertos.o
 .ARM.attributes
                0x000000000000007d       0x33 Core/Src/main.o
 .ARM.attributes
                0x00000000000000b0       0x33 Core/Src/stm32f2xx_hal_msp.o
 .ARM.attributes
                0x00000000000000e3       0x33 Core/Src/stm32f2xx_hal_timebase_tim.o
 .ARM.attributes
                0x0000000000000116       0x33 Core/Src/stm32f2xx_it.o
 .ARM.attributes
                0x0000000000000149       0x33 Core/Src/system_stm32f2xx.o
 .ARM.attributes
                0x000000000000017c       0x21 Core/Startup/startup_stm32f207zgtx.o
 .ARM.attributes
                0x000000000000019d       0x33 Drivers/STM32F2xx_HAL_Driver/Src/stm32f2xx_hal.o
 .ARM.attributes
                0x00000000000001d0       0x33 Drivers/STM32F2xx_HAL_Driver/Src/stm32f2xx_hal_cortex.o
 .ARM.attributes
                0x0000000000000203       0x33 Drivers/STM32F2xx_HAL_Driver/Src/stm32f2xx_hal_dma.o
 .ARM.attributes
                0x0000000000000236       0x33 Drivers/STM32F2xx_HAL_Driver/Src/stm32f2xx_hal_gpio.o
 .ARM.attributes
                0x0000000000000269       0x33 Drivers/STM32F2xx_HAL_Driver/Src/stm32f2xx_hal_rcc.o
 .ARM.attributes
                0x000000000000029c       0x33 Drivers/STM32F2xx_HAL_Driver/Src/stm32f2xx_hal_sd.o
 .ARM.attributes
                0x00000000000002cf       0x33 Drivers/STM32F2xx_HAL_Driver/Src/stm32f2xx_hal_tim.o
 .ARM.attributes
                0x0000000000000302       0x33 Drivers/STM32F2xx_HAL_Driver/Src/stm32f2xx_hal_tim_ex.o
 .ARM.attributes
                0x0000000000000335       0x33 Drivers/STM32F2xx_HAL_Driver/Src/stm32f2xx_hal_uart.o
 .ARM.attributes
                0x0000000000000368       0x33 Drivers/STM32F2xx_HAL_Driver/Src/stm32f2xx_ll_sdmmc.o
 .ARM.attributes
                0x000000000000039b       0x33 FATFS/App/fatfs.o
 .ARM.attributes
                0x00000000000003ce       0x33 FATFS/Target/bsp_driver_sd.o
 .ARM.attributes
                0x0000000000000401       0x33 FATFS/Target/fatfs_platform.o
 .ARM.attributes
                0x0000000000000434       0x33 Middlewares/Third_Party/FatFs/src/diskio.o
 .ARM.attributes
                0x0000000000000467       0x33 Middlewares/Third_Party/FatFs/src/ff.o
 .ARM.attributes
                0x000000000000049a       0x33 Middlewares/Third_Party/FatFs/src/ff_gen_drv.o
 .ARM.attributes
                0x00000000000004cd       0x33 Middlewares/Third_Party/FatFs/src/drivers/sd_diskio.o
 .ARM.attributes
                0x0000000000000500       0x33 Middlewares/Third_Party/FatFs/src/option/ccsbcs.o
 .ARM.attributes
                0x0000000000000533       0x33 Middlewares/Third_Party/FatFs/src/option/syscall.o
 .ARM.attributes
                0x0000000000000566       0x33 Middlewares/Third_Party/FreeRTOS/Source/CMSIS_RTOS/cmsis_os.o
 .ARM.attributes
                0x0000000000000599       0x33 Middlewares/Third_Party/FreeRTOS/Source/list.o
 .ARM.attributes
                0x00000000000005cc       0x33 Middlewares/Third_Party/FreeRTOS/Source/queue.o
 .ARM.attributes
                0x00000000000005ff       0x33 Middlewares/Third_Party/FreeRTOS/Source/tasks.o
 .ARM.attributes
                0x0000000000000632       0x33 Middlewares/Third_Party/FreeRTOS/Source/portable/GCC/ARM_CM3/port.o
 .ARM.attributes
                0x0000000000000665       0x33 Middlewares/Third_Party/FreeRTOS/Source/portable/MemMang/heap_4.o
 .ARM.attributes
                0x0000000000000698       0x2d c:/st/stm32cubeide_1.5.1/stm32cubeide/plugins/com.st.stm32cube.ide.mcu.externaltools.gnu-tools-for-stm32.7-2018-q2-update.win32_1.5.0.202011040924/tools/bin/../lib/gcc/arm-none-eabi/7.3.1/../../../../arm-none-eabi/lib/thumb/v7-m\libc_nano.a(lib_a-init.o)
 .ARM.attributes
                0x00000000000006c5       0x2d c:/st/stm32cubeide_1.5.1/stm32cubeide/plugins/com.st.stm32cube.ide.mcu.externaltools.gnu-tools-for-stm32.7-2018-q2-update.win32_1.5.0.202011040924/tools/bin/../lib/gcc/arm-none-eabi/7.3.1/../../../../arm-none-eabi/lib/thumb/v7-m\libc_nano.a(lib_a-memcpy-stub.o)
 .ARM.attributes
                0x00000000000006f2       0x2d c:/st/stm32cubeide_1.5.1/stm32cubeide/plugins/com.st.stm32cube.ide.mcu.externaltools.gnu-tools-for-stm32.7-2018-q2-update.win32_1.5.0.202011040924/tools/bin/../lib/gcc/arm-none-eabi/7.3.1/../../../../arm-none-eabi/lib/thumb/v7-m\libc_nano.a(lib_a-memset.o)
 .ARM.attributes
                0x000000000000071f       0x1d c:/st/stm32cubeide_1.5.1/stm32cubeide/plugins/com.st.stm32cube.ide.mcu.externaltools.gnu-tools-for-stm32.7-2018-q2-update.win32_1.5.0.202011040924/tools/bin/../lib/gcc/arm-none-eabi/7.3.1/thumb/v7-m\libgcc.a(_aeabi_uldivmod.o)
 .ARM.attributes
                0x000000000000073c       0x2d c:/st/stm32cubeide_1.5.1/stm32cubeide/plugins/com.st.stm32cube.ide.mcu.externaltools.gnu-tools-for-stm32.7-2018-q2-update.win32_1.5.0.202011040924/tools/bin/../lib/gcc/arm-none-eabi/7.3.1/thumb/v7-m\libgcc.a(_udivmoddi4.o)
 .ARM.attributes
                0x0000000000000769       0x1d c:/st/stm32cubeide_1.5.1/stm32cubeide/plugins/com.st.stm32cube.ide.mcu.externaltools.gnu-tools-for-stm32.7-2018-q2-update.win32_1.5.0.202011040924/tools/bin/../lib/gcc/arm-none-eabi/7.3.1/thumb/v7-m\libgcc.a(_dvmd_tls.o)
 .ARM.attributes
                0x0000000000000786       0x1d c:/st/stm32cubeide_1.5.1/stm32cubeide/plugins/com.st.stm32cube.ide.mcu.externaltools.gnu-tools-for-stm32.7-2018-q2-update.win32_1.5.0.202011040924/tools/bin/../lib/gcc/arm-none-eabi/7.3.1/thumb/v7-m/crtn.o
OUTPUT(RTOS_SDIO_DMA_TEST_F207ZG.elf elf32-littlearm)

.debug_info     0x0000000000000000    0x334cd
 .debug_info    0x0000000000000000      0x341 Core/Src/freertos.o
 .debug_info    0x0000000000000341     0x265c Core/Src/main.o
 .debug_info    0x000000000000299d     0x112a Core/Src/stm32f2xx_hal_msp.o
 .debug_info    0x0000000000003ac7      0xc96 Core/Src/stm32f2xx_hal_timebase_tim.o
 .debug_info    0x000000000000475d      0xc06 Core/Src/stm32f2xx_it.o
 .debug_info    0x0000000000005363      0x559 Core/Src/system_stm32f2xx.o
 .debug_info    0x00000000000058bc       0x22 Core/Startup/startup_stm32f207zgtx.o
 .debug_info    0x00000000000058de      0xa92 Drivers/STM32F2xx_HAL_Driver/Src/stm32f2xx_hal.o
 .debug_info    0x0000000000006370      0xf8a Drivers/STM32F2xx_HAL_Driver/Src/stm32f2xx_hal_cortex.o
 .debug_info    0x00000000000072fa      0xb0e Drivers/STM32F2xx_HAL_Driver/Src/stm32f2xx_hal_dma.o
 .debug_info    0x0000000000007e08      0x79e Drivers/STM32F2xx_HAL_Driver/Src/stm32f2xx_hal_gpio.o
 .debug_info    0x00000000000085a6      0xd49 Drivers/STM32F2xx_HAL_Driver/Src/stm32f2xx_hal_rcc.o
 .debug_info    0x00000000000092ef     0x280d Drivers/STM32F2xx_HAL_Driver/Src/stm32f2xx_hal_sd.o
 .debug_info    0x000000000000bafc     0x42ee Drivers/STM32F2xx_HAL_Driver/Src/stm32f2xx_hal_tim.o
 .debug_info    0x000000000000fdea     0x18bd Drivers/STM32F2xx_HAL_Driver/Src/stm32f2xx_hal_tim_ex.o
 .debug_info    0x00000000000116a7     0x17f3 Drivers/STM32F2xx_HAL_Driver/Src/stm32f2xx_hal_uart.o
 .debug_info    0x0000000000012e9a     0x21b1 Drivers/STM32F2xx_HAL_Driver/Src/stm32f2xx_ll_sdmmc.o
 .debug_info    0x000000000001504b      0x5eb FATFS/App/fatfs.o
 .debug_info    0x0000000000015636      0xbcd FATFS/Target/bsp_driver_sd.o
 .debug_info    0x0000000000016203      0x28d FATFS/Target/fatfs_platform.o
 .debug_info    0x0000000000016490      0x50a Middlewares/Third_Party/FatFs/src/diskio.o
 .debug_info    0x000000000001699a     0xe974 Middlewares/Third_Party/FatFs/src/ff.o
 .debug_info    0x000000000002530e      0x5f7 Middlewares/Third_Party/FatFs/src/ff_gen_drv.o
 .debug_info    0x0000000000025905     0x13e3 Middlewares/Third_Party/FatFs/src/drivers/sd_diskio.o
 .debug_info    0x0000000000026ce8      0x2b9 Middlewares/Third_Party/FatFs/src/option/ccsbcs.o
 .debug_info    0x0000000000026fa1      0xd3f Middlewares/Third_Party/FatFs/src/option/syscall.o
 .debug_info    0x0000000000027ce0     0x2d62 Middlewares/Third_Party/FreeRTOS/Source/CMSIS_RTOS/cmsis_os.o
 .debug_info    0x000000000002aa42      0xac0 Middlewares/Third_Party/FreeRTOS/Source/list.o
 .debug_info    0x000000000002b502     0x3ad1 Middlewares/Third_Party/FreeRTOS/Source/queue.o
 .debug_info    0x000000000002efd3     0x3348 Middlewares/Third_Party/FreeRTOS/Source/tasks.o
 .debug_info    0x000000000003231b      0x507 Middlewares/Third_Party/FreeRTOS/Source/portable/GCC/ARM_CM3/port.o
 .debug_info    0x0000000000032822      0xcab Middlewares/Third_Party/FreeRTOS/Source/portable/MemMang/heap_4.o

.debug_abbrev   0x0000000000000000     0x525d
 .debug_abbrev  0x0000000000000000      0x109 Core/Src/freertos.o
 .debug_abbrev  0x0000000000000109      0x417 Core/Src/main.o
 .debug_abbrev  0x0000000000000520      0x209 Core/Src/stm32f2xx_hal_msp.o
 .debug_abbrev  0x0000000000000729      0x1ee Core/Src/stm32f2xx_hal_timebase_tim.o
 .debug_abbrev  0x0000000000000917      0x203 Core/Src/stm32f2xx_it.o
 .debug_abbrev  0x0000000000000b1a      0x12b Core/Src/system_stm32f2xx.o
 .debug_abbrev  0x0000000000000c45       0x12 Core/Startup/startup_stm32f207zgtx.o
 .debug_abbrev  0x0000000000000c57      0x28c Drivers/STM32F2xx_HAL_Driver/Src/stm32f2xx_hal.o
 .debug_abbrev  0x0000000000000ee3      0x320 Drivers/STM32F2xx_HAL_Driver/Src/stm32f2xx_hal_cortex.o
 .debug_abbrev  0x0000000000001203      0x32b Drivers/STM32F2xx_HAL_Driver/Src/stm32f2xx_hal_dma.o
 .debug_abbrev  0x000000000000152e      0x1fa Drivers/STM32F2xx_HAL_Driver/Src/stm32f2xx_hal_gpio.o
 .debug_abbrev  0x0000000000001728      0x322 Drivers/STM32F2xx_HAL_Driver/Src/stm32f2xx_hal_rcc.o
 .debug_abbrev  0x0000000000001a4a      0x37c Drivers/STM32F2xx_HAL_Driver/Src/stm32f2xx_hal_sd.o
 .debug_abbrev  0x0000000000001dc6      0x34b Drivers/STM32F2xx_HAL_Driver/Src/stm32f2xx_hal_tim.o
 .debug_abbrev  0x0000000000002111      0x30f Drivers/STM32F2xx_HAL_Driver/Src/stm32f2xx_hal_tim_ex.o
 .debug_abbrev  0x0000000000002420      0x323 Drivers/STM32F2xx_HAL_Driver/Src/stm32f2xx_hal_uart.o
 .debug_abbrev  0x0000000000002743      0x2d9 Drivers/STM32F2xx_HAL_Driver/Src/stm32f2xx_ll_sdmmc.o
 .debug_abbrev  0x0000000000002a1c      0x16f FATFS/App/fatfs.o
 .debug_abbrev  0x0000000000002b8b      0x28c FATFS/Target/bsp_driver_sd.o
 .debug_abbrev  0x0000000000002e17      0x121 FATFS/Target/fatfs_platform.o
 .debug_abbrev  0x0000000000002f38      0x1a8 Middlewares/Third_Party/FatFs/src/diskio.o
 .debug_abbrev  0x00000000000030e0      0x3d7 Middlewares/Third_Party/FatFs/src/ff.o
 .debug_abbrev  0x00000000000034b7      0x220 Middlewares/Third_Party/FatFs/src/ff_gen_drv.o
 .debug_abbrev  0x00000000000036d7      0x3a4 Middlewares/Third_Party/FatFs/src/drivers/sd_diskio.o
 .debug_abbrev  0x0000000000003a7b      0x111 Middlewares/Third_Party/FatFs/src/option/ccsbcs.o
 .debug_abbrev  0x0000000000003b8c      0x248 Middlewares/Third_Party/FatFs/src/option/syscall.o
 .debug_abbrev  0x0000000000003dd4      0x48c Middlewares/Third_Party/FreeRTOS/Source/CMSIS_RTOS/cmsis_os.o
 .debug_abbrev  0x0000000000004260      0x1ed Middlewares/Third_Party/FreeRTOS/Source/list.o
 .debug_abbrev  0x000000000000444d      0x438 Middlewares/Third_Party/FreeRTOS/Source/queue.o
 .debug_abbrev  0x0000000000004885      0x486 Middlewares/Third_Party/FreeRTOS/Source/tasks.o
 .debug_abbrev  0x0000000000004d0b      0x23b Middlewares/Third_Party/FreeRTOS/Source/portable/GCC/ARM_CM3/port.o
 .debug_abbrev  0x0000000000004f46      0x317 Middlewares/Third_Party/FreeRTOS/Source/portable/MemMang/heap_4.o

.debug_aranges  0x0000000000000000     0x13b0
 .debug_aranges
                0x0000000000000000       0x20 Core/Src/freertos.o
 .debug_aranges
                0x0000000000000020       0x58 Core/Src/main.o
 .debug_aranges
                0x0000000000000078       0x40 Core/Src/stm32f2xx_hal_msp.o
 .debug_aranges
                0x00000000000000b8       0x30 Core/Src/stm32f2xx_hal_timebase_tim.o
 .debug_aranges
                0x00000000000000e8       0x70 Core/Src/stm32f2xx_it.o
 .debug_aranges
                0x0000000000000158       0x28 Core/Src/system_stm32f2xx.o
 .debug_aranges
                0x0000000000000180       0x28 Core/Startup/startup_stm32f207zgtx.o
 .debug_aranges
                0x00000000000001a8       0xe8 Drivers/STM32F2xx_HAL_Driver/Src/stm32f2xx_hal.o
 .debug_aranges
                0x0000000000000290       0xa8 Drivers/STM32F2xx_HAL_Driver/Src/stm32f2xx_hal_cortex.o
 .debug_aranges
                0x0000000000000338       0x78 Drivers/STM32F2xx_HAL_Driver/Src/stm32f2xx_hal_dma.o
 .debug_aranges
                0x00000000000003b0       0x58 Drivers/STM32F2xx_HAL_Driver/Src/stm32f2xx_hal_gpio.o
 .debug_aranges
                0x0000000000000408       0x88 Drivers/STM32F2xx_HAL_Driver/Src/stm32f2xx_hal_rcc.o
 .debug_aranges
                0x0000000000000490       0xf0 Drivers/STM32F2xx_HAL_Driver/Src/stm32f2xx_hal_sd.o
 .debug_aranges
                0x0000000000000580      0x278 Drivers/STM32F2xx_HAL_Driver/Src/stm32f2xx_hal_tim.o
 .debug_aranges
                0x00000000000007f8      0x110 Drivers/STM32F2xx_HAL_Driver/Src/stm32f2xx_hal_tim_ex.o
 .debug_aranges
                0x0000000000000908      0x158 Drivers/STM32F2xx_HAL_Driver/Src/stm32f2xx_hal_uart.o
 .debug_aranges
                0x0000000000000a60      0x140 Drivers/STM32F2xx_HAL_Driver/Src/stm32f2xx_ll_sdmmc.o
 .debug_aranges
                0x0000000000000ba0       0x28 FATFS/App/fatfs.o
 .debug_aranges
                0x0000000000000bc8       0x88 FATFS/Target/bsp_driver_sd.o
 .debug_aranges
                0x0000000000000c50       0x20 FATFS/Target/fatfs_platform.o
 .debug_aranges
                0x0000000000000c70       0x48 Middlewares/Third_Party/FatFs/src/diskio.o
 .debug_aranges
                0x0000000000000cb8      0x128 Middlewares/Third_Party/FatFs/src/ff.o
 .debug_aranges
                0x0000000000000de0       0x40 Middlewares/Third_Party/FatFs/src/ff_gen_drv.o
 .debug_aranges
                0x0000000000000e20       0x50 Middlewares/Third_Party/FatFs/src/drivers/sd_diskio.o
 .debug_aranges
                0x0000000000000e70       0x28 Middlewares/Third_Party/FatFs/src/option/ccsbcs.o
 .debug_aranges
                0x0000000000000e98       0x38 Middlewares/Third_Party/FatFs/src/option/syscall.o
 .debug_aranges
                0x0000000000000ed0      0x190 Middlewares/Third_Party/FreeRTOS/Source/CMSIS_RTOS/cmsis_os.o
 .debug_aranges
                0x0000000000001060       0x40 Middlewares/Third_Party/FreeRTOS/Source/list.o
 .debug_aranges
                0x00000000000010a0       0xd0 Middlewares/Third_Party/FreeRTOS/Source/queue.o
 .debug_aranges
                0x0000000000001170      0x180 Middlewares/Third_Party/FreeRTOS/Source/tasks.o
 .debug_aranges
                0x00000000000012f0       0x78 Middlewares/Third_Party/FreeRTOS/Source/portable/GCC/ARM_CM3/port.o
 .debug_aranges
                0x0000000000001368       0x48 Middlewares/Third_Party/FreeRTOS/Source/portable/MemMang/heap_4.o

.debug_ranges   0x0000000000000000     0x74c0
 .debug_ranges  0x0000000000000000       0x10 Core/Src/freertos.o
 .debug_ranges  0x0000000000000010      0x1a8 Core/Src/main.o
 .debug_ranges  0x00000000000001b8      0x100 Core/Src/stm32f2xx_hal_msp.o
 .debug_ranges  0x00000000000002b8       0x48 Core/Src/stm32f2xx_hal_timebase_tim.o
 .debug_ranges  0x0000000000000300       0x60 Core/Src/stm32f2xx_it.o
 .debug_ranges  0x0000000000000360       0x18 Core/Src/system_stm32f2xx.o
 .debug_ranges  0x0000000000000378       0x20 Core/Startup/startup_stm32f207zgtx.o
 .debug_ranges  0x0000000000000398       0xd8 Drivers/STM32F2xx_HAL_Driver/Src/stm32f2xx_hal.o
 .debug_ranges  0x0000000000000470      0x160 Drivers/STM32F2xx_HAL_Driver/Src/stm32f2xx_hal_cortex.o
 .debug_ranges  0x00000000000005d0      0x140 Drivers/STM32F2xx_HAL_Driver/Src/stm32f2xx_hal_dma.o
 .debug_ranges  0x0000000000000710       0x68 Drivers/STM32F2xx_HAL_Driver/Src/stm32f2xx_hal_gpio.o
 .debug_ranges  0x0000000000000778      0x1e8 Drivers/STM32F2xx_HAL_Driver/Src/stm32f2xx_hal_rcc.o
 .debug_ranges  0x0000000000000960      0x440 Drivers/STM32F2xx_HAL_Driver/Src/stm32f2xx_hal_sd.o
 .debug_ranges  0x0000000000000da0      0x8a0 Drivers/STM32F2xx_HAL_Driver/Src/stm32f2xx_hal_tim.o
 .debug_ranges  0x0000000000001640      0x250 Drivers/STM32F2xx_HAL_Driver/Src/stm32f2xx_hal_tim_ex.o
 .debug_ranges  0x0000000000001890      0x320 Drivers/STM32F2xx_HAL_Driver/Src/stm32f2xx_hal_uart.o
 .debug_ranges  0x0000000000001bb0      0xd38 Drivers/STM32F2xx_HAL_Driver/Src/stm32f2xx_ll_sdmmc.o
 .debug_ranges  0x00000000000028e8       0x18 FATFS/App/fatfs.o
 .debug_ranges  0x0000000000002900       0x78 FATFS/Target/bsp_driver_sd.o
 .debug_ranges  0x0000000000002978       0x10 FATFS/Target/fatfs_platform.o
 .debug_ranges  0x0000000000002988       0x38 Middlewares/Third_Party/FatFs/src/diskio.o
 .debug_ranges  0x00000000000029c0     0x3bf8 Middlewares/Third_Party/FatFs/src/ff.o
 .debug_ranges  0x00000000000065b8       0x70 Middlewares/Third_Party/FatFs/src/ff_gen_drv.o
 .debug_ranges  0x0000000000006628       0x58 Middlewares/Third_Party/FatFs/src/drivers/sd_diskio.o
 .debug_ranges  0x0000000000006680       0x18 Middlewares/Third_Party/FatFs/src/option/ccsbcs.o
 .debug_ranges  0x0000000000006698       0x28 Middlewares/Third_Party/FatFs/src/option/syscall.o
 .debug_ranges  0x00000000000066c0      0x2d0 Middlewares/Third_Party/FreeRTOS/Source/CMSIS_RTOS/cmsis_os.o
 .debug_ranges  0x0000000000006990       0x30 Middlewares/Third_Party/FreeRTOS/Source/list.o
 .debug_ranges  0x00000000000069c0      0x618 Middlewares/Third_Party/FreeRTOS/Source/queue.o
 .debug_ranges  0x0000000000006fd8      0x420 Middlewares/Third_Party/FreeRTOS/Source/tasks.o
 .debug_ranges  0x00000000000073f8       0x90 Middlewares/Third_Party/FreeRTOS/Source/portable/GCC/ARM_CM3/port.o
 .debug_ranges  0x0000000000007488       0x38 Middlewares/Third_Party/FreeRTOS/Source/portable/MemMang/heap_4.o

.debug_macro    0x0000000000000000    0x24004
 .debug_macro   0x0000000000000000      0x257 Core/Src/freertos.o
 .debug_macro   0x0000000000000257      0xa5a Core/Src/freertos.o
 .debug_macro   0x0000000000000cb1      0x174 Core/Src/freertos.o
 .debug_macro   0x0000000000000e25       0x22 Core/Src/freertos.o
 .debug_macro   0x0000000000000e47       0x8e Core/Src/freertos.o
 .debug_macro   0x0000000000000ed5       0x51 Core/Src/freertos.o
 .debug_macro   0x0000000000000f26       0xef Core/Src/freertos.o
 .debug_macro   0x0000000000001015       0x6a Core/Src/freertos.o
 .debug_macro   0x000000000000107f      0x1df Core/Src/freertos.o
 .debug_macro   0x000000000000125e       0xd6 Core/Src/freertos.o
 .debug_macro   0x0000000000001334      0x15a Core/Src/freertos.o
 .debug_macro   0x000000000000148e       0xd7 Core/Src/freertos.o
 .debug_macro   0x0000000000001565       0x10 Core/Src/freertos.o
 .debug_macro   0x0000000000001575       0x1f Core/Src/freertos.o
 .debug_macro   0x0000000000001594      0x4b7 Core/Src/freertos.o
 .debug_macro   0x0000000000001a4b       0xb5 Core/Src/freertos.o
 .debug_macro   0x0000000000001b00       0x8c Core/Src/freertos.o
 .debug_macro   0x0000000000001b8c      0x244 Core/Src/freertos.o
 .debug_macro   0x0000000000001dd0       0x2e Core/Src/freertos.o
 .debug_macro   0x0000000000001dfe       0x22 Core/Src/freertos.o
 .debug_macro   0x0000000000001e20       0x1c Core/Src/freertos.o
 .debug_macro   0x0000000000001e3c       0x22 Core/Src/freertos.o
 .debug_macro   0x0000000000001e5e       0xc3 Core/Src/freertos.o
 .debug_macro   0x0000000000001f21      0xe49 Core/Src/freertos.o
 .debug_macro   0x0000000000002d6a      0x11f Core/Src/freertos.o
 .debug_macro   0x0000000000002e89    0x14fda Core/Src/freertos.o
 .debug_macro   0x0000000000017e63       0x43 Core/Src/freertos.o
 .debug_macro   0x0000000000017ea6     0x3580 Core/Src/freertos.o
 .debug_macro   0x000000000001b426       0x55 Core/Src/freertos.o
 .debug_macro   0x000000000001b47b     0x1057 Core/Src/freertos.o
 .debug_macro   0x000000000001c4d2      0x153 Core/Src/freertos.o
 .debug_macro   0x000000000001c625      0x170 Core/Src/freertos.o
 .debug_macro   0x000000000001c795      0x117 Core/Src/freertos.o
 .debug_macro   0x000000000001c8ac      0x108 Core/Src/freertos.o
 .debug_macro   0x000000000001c9b4       0x27 Core/Src/freertos.o
 .debug_macro   0x000000000001c9db      0x16a Core/Src/freertos.o
 .debug_macro   0x000000000001cb45      0x287 Core/Src/freertos.o
 .debug_macro   0x000000000001cdcc       0x5f Core/Src/freertos.o
 .debug_macro   0x000000000001ce2b      0x236 Core/Src/freertos.o
 .debug_macro   0x000000000001d061      0x126 Core/Src/freertos.o
 .debug_macro   0x000000000001d187      0x216 Core/Src/freertos.o
 .debug_macro   0x000000000001d39d       0x2e Core/Src/freertos.o
 .debug_macro   0x000000000001d3cb      0x113 Core/Src/freertos.o
 .debug_macro   0x000000000001d4de       0x22 Core/Src/freertos.o
 .debug_macro   0x000000000001d500       0x82 Core/Src/freertos.o
 .debug_macro   0x000000000001d582      0x861 Core/Src/freertos.o
 .debug_macro   0x000000000001dde3      0x1d5 Core/Src/freertos.o
 .debug_macro   0x000000000001dfb8      0x8d1 Core/Src/freertos.o
 .debug_macro   0x000000000001e889       0x4c Core/Src/freertos.o
 .debug_macro   0x000000000001e8d5      0x287 Core/Src/freertos.o
 .debug_macro   0x000000000001eb5c      0x12d Core/Src/freertos.o
 .debug_macro   0x000000000001ec89      0x136 Core/Src/freertos.o
 .debug_macro   0x000000000001edbf      0x315 Core/Src/main.o
 .debug_macro   0x000000000001f0d4       0xd6 Core/Src/main.o
 .debug_macro   0x000000000001f1aa       0x91 Core/Src/main.o
 .debug_macro   0x000000000001f23b       0x8d Core/Src/main.o
 .debug_macro   0x000000000001f2c8       0x7e Core/Src/main.o
 .debug_macro   0x000000000001f346       0x19 Core/Src/main.o
 .debug_macro   0x000000000001f35f       0xf2 Core/Src/main.o
 .debug_macro   0x000000000001f451       0x1c Core/Src/main.o
 .debug_macro   0x000000000001f46d       0x34 Core/Src/main.o
 .debug_macro   0x000000000001f4a1       0xfa Core/Src/main.o
 .debug_macro   0x000000000001f59b       0xe2 Core/Src/main.o
 .debug_macro   0x000000000001f67d       0x8e Core/Src/main.o
 .debug_macro   0x000000000001f70b      0x1ef Core/Src/stm32f2xx_hal_msp.o
 .debug_macro   0x000000000001f8fa      0x1e0 Core/Src/stm32f2xx_hal_timebase_tim.o
 .debug_macro   0x000000000001fada      0x1f9 Core/Src/stm32f2xx_it.o
 .debug_macro   0x000000000001fcd3      0x1e6 Core/Src/system_stm32f2xx.o
 .debug_macro   0x000000000001feb9      0x22e Drivers/STM32F2xx_HAL_Driver/Src/stm32f2xx_hal.o
 .debug_macro   0x00000000000200e7      0x1e0 Drivers/STM32F2xx_HAL_Driver/Src/stm32f2xx_hal_cortex.o
 .debug_macro   0x00000000000202c7      0x1e6 Drivers/STM32F2xx_HAL_Driver/Src/stm32f2xx_hal_dma.o
 .debug_macro   0x00000000000204ad      0x218 Drivers/STM32F2xx_HAL_Driver/Src/stm32f2xx_hal_gpio.o
 .debug_macro   0x00000000000206c5      0x20a Drivers/STM32F2xx_HAL_Driver/Src/stm32f2xx_hal_rcc.o
 .debug_macro   0x00000000000208cf      0x1e1 Drivers/STM32F2xx_HAL_Driver/Src/stm32f2xx_hal_sd.o
 .debug_macro   0x0000000000020ab0      0x1e1 Drivers/STM32F2xx_HAL_Driver/Src/stm32f2xx_hal_tim.o
 .debug_macro   0x0000000000020c91      0x1e0 Drivers/STM32F2xx_HAL_Driver/Src/stm32f2xx_hal_tim_ex.o
 .debug_macro   0x0000000000020e71      0x1e1 Drivers/STM32F2xx_HAL_Driver/Src/stm32f2xx_hal_uart.o
 .debug_macro   0x0000000000021052      0x1e1 Drivers/STM32F2xx_HAL_Driver/Src/stm32f2xx_ll_sdmmc.o
 .debug_macro   0x0000000000021233      0x30d FATFS/App/fatfs.o
 .debug_macro   0x0000000000021540      0x1f8 FATFS/Target/bsp_driver_sd.o
 .debug_macro   0x0000000000021738      0x1e9 FATFS/Target/fatfs_platform.o
 .debug_macro   0x0000000000021921      0x2fa Middlewares/Third_Party/FatFs/src/diskio.o
 .debug_macro   0x0000000000021c1b       0x16 Middlewares/Third_Party/FatFs/src/diskio.o
 .debug_macro   0x0000000000021c31       0x7c Middlewares/Third_Party/FatFs/src/diskio.o
 .debug_macro   0x0000000000021cad      0x707 Middlewares/Third_Party/FatFs/src/ff.o
 .debug_macro   0x00000000000223b4       0x58 Middlewares/Third_Party/FatFs/src/ff.o
 .debug_macro   0x000000000002240c      0x2fa Middlewares/Third_Party/FatFs/src/ff_gen_drv.o
 .debug_macro   0x0000000000022706      0x3dd Middlewares/Third_Party/FatFs/src/drivers/sd_diskio.o
 .debug_macro   0x0000000000022ae3       0x10 Middlewares/Third_Party/FatFs/src/drivers/sd_diskio.o
 .debug_macro   0x0000000000022af3       0x20 Middlewares/Third_Party/FatFs/src/drivers/sd_diskio.o
 .debug_macro   0x0000000000022b13       0xbd Middlewares/Third_Party/FatFs/src/drivers/sd_diskio.o
 .debug_macro   0x0000000000022bd0       0x4f Middlewares/Third_Party/FatFs/src/drivers/sd_diskio.o
 .debug_macro   0x0000000000022c1f      0x2e8 Middlewares/Third_Party/FatFs/src/option/ccsbcs.o
 .debug_macro   0x0000000000022f07      0x39b Middlewares/Third_Party/FatFs/src/option/syscall.o
 .debug_macro   0x00000000000232a2      0x10e Middlewares/Third_Party/FatFs/src/option/syscall.o
 .debug_macro   0x00000000000233b0       0x8d Middlewares/Third_Party/FatFs/src/option/syscall.o
 .debug_macro   0x000000000002343d      0x1f1 Middlewares/Third_Party/FreeRTOS/Source/CMSIS_RTOS/cmsis_os.o
 .debug_macro   0x000000000002362e       0xab Middlewares/Third_Party/FreeRTOS/Source/CMSIS_RTOS/cmsis_os.o
 .debug_macro   0x00000000000236d9      0x17a Middlewares/Third_Party/FreeRTOS/Source/list.o