Archive member included to satisfy reference by file (symbol)

c:/st/stm32cubeide_1.5.1/stm32cubeide/plugins/com.st.stm32cube.ide.mcu.externaltools.gnu-tools-for-stm32.7-2018-q2-update.win32_1.5.0.202011040924/tools/bin/../lib/gcc/arm-none-eabi/7.3.1/../../../../arm-none-eabi/lib/thumb/v7-m\libc_nano.a(lib_a-errno.o)
                              Core/Src/syscalls.o (__errno)
c:/st/stm32cubeide_1.5.1/stm32cubeide/plugins/com.st.stm32cube.ide.mcu.externaltools.gnu-tools-for-stm32.7-2018-q2-update.win32_1.5.0.202011040924/tools/bin/../lib/gcc/arm-none-eabi/7.3.1/../../../../arm-none-eabi/lib/thumb/v7-m\libc_nano.a(lib_a-exit.o)
                              c:/st/stm32cubeide_1.5.1/stm32cubeide/plugins/com.st.stm32cube.ide.mcu.externaltools.gnu-tools-for-stm32.7-2018-q2-update.win32_1.5.0.202011040924/tools/bin/../lib/gcc/arm-none-eabi/7.3.1/../../../../arm-none-eabi/lib/thumb/v7-m/crt0.o (exit)
c:/st/stm32cubeide_1.5.1/stm32cubeide/plugins/com.st.stm32cube.ide.mcu.externaltools.gnu-tools-for-stm32.7-2018-q2-update.win32_1.5.0.202011040924/tools/bin/../lib/gcc/arm-none-eabi/7.3.1/../../../../arm-none-eabi/lib/thumb/v7-m\libc_nano.a(lib_a-impure.o)
                              c:/st/stm32cubeide_1.5.1/stm32cubeide/plugins/com.st.stm32cube.ide.mcu.externaltools.gnu-tools-for-stm32.7-2018-q2-update.win32_1.5.0.202011040924/tools/bin/../lib/gcc/arm-none-eabi/7.3.1/../../../../arm-none-eabi/lib/thumb/v7-m\libc_nano.a(lib_a-exit.o) (_global_impure_ptr)
c:/st/stm32cubeide_1.5.1/stm32cubeide/plugins/com.st.stm32cube.ide.mcu.externaltools.gnu-tools-for-stm32.7-2018-q2-update.win32_1.5.0.202011040924/tools/bin/../lib/gcc/arm-none-eabi/7.3.1/../../../../arm-none-eabi/lib/thumb/v7-m\libc_nano.a(lib_a-init.o)
                              c:/st/stm32cubeide_1.5.1/stm32cubeide/plugins/com.st.stm32cube.ide.mcu.externaltools.gnu-tools-for-stm32.7-2018-q2-update.win32_1.5.0.202011040924/tools/bin/../lib/gcc/arm-none-eabi/7.3.1/../../../../arm-none-eabi/lib/thumb/v7-m/crt0.o (__libc_init_array)
c:/st/stm32cubeide_1.5.1/stm32cubeide/plugins/com.st.stm32cube.ide.mcu.externaltools.gnu-tools-for-stm32.7-2018-q2-update.win32_1.5.0.202011040924/tools/bin/../lib/gcc/arm-none-eabi/7.3.1/../../../../arm-none-eabi/lib/thumb/v7-m\libc_nano.a(lib_a-malloc.o)
                              Middlewares/Third_Party/FatFs/src/option/syscall.o (malloc)
c:/st/stm32cubeide_1.5.1/stm32cubeide/plugins/com.st.stm32cube.ide.mcu.externaltools.gnu-tools-for-stm32.7-2018-q2-update.win32_1.5.0.202011040924/tools/bin/../lib/gcc/arm-none-eabi/7.3.1/../../../../arm-none-eabi/lib/thumb/v7-m\libc_nano.a(lib_a-memcpy-stub.o)
                              Middlewares/Third_Party/FatFs/src/ff.o (memcpy)
c:/st/stm32cubeide_1.5.1/stm32cubeide/plugins/com.st.stm32cube.ide.mcu.externaltools.gnu-tools-for-stm32.7-2018-q2-update.win32_1.5.0.202011040924/tools/bin/../lib/gcc/arm-none-eabi/7.3.1/../../../../arm-none-eabi/lib/thumb/v7-m\libc_nano.a(lib_a-memset.o)
                              c:/st/stm32cubeide_1.5.1/stm32cubeide/plugins/com.st.stm32cube.ide.mcu.externaltools.gnu-tools-for-stm32.7-2018-q2-update.win32_1.5.0.202011040924/tools/bin/../lib/gcc/arm-none-eabi/7.3.1/../../../../arm-none-eabi/lib/thumb/v7-m/crt0.o (memset)
c:/st/stm32cubeide_1.5.1/stm32cubeide/plugins/com.st.stm32cube.ide.mcu.externaltools.gnu-tools-for-stm32.7-2018-q2-update.win32_1.5.0.202011040924/tools/bin/../lib/gcc/arm-none-eabi/7.3.1/../../../../arm-none-eabi/lib/thumb/v7-m\libc_nano.a(lib_a-nano-freer.o)
                              c:/st/stm32cubeide_1.5.1/stm32cubeide/plugins/com.st.stm32cube.ide.mcu.externaltools.gnu-tools-for-stm32.7-2018-q2-update.win32_1.5.0.202011040924/tools/bin/../lib/gcc/arm-none-eabi/7.3.1/../../../../arm-none-eabi/lib/thumb/v7-m\libc_nano.a(lib_a-malloc.o) (_free_r)
c:/st/stm32cubeide_1.5.1/stm32cubeide/plugins/com.st.stm32cube.ide.mcu.externaltools.gnu-tools-for-stm32.7-2018-q2-update.win32_1.5.0.202011040924/tools/bin/../lib/gcc/arm-none-eabi/7.3.1/../../../../arm-none-eabi/lib/thumb/v7-m\libc_nano.a(lib_a-nano-mallocr.o)
                              c:/st/stm32cubeide_1.5.1/stm32cubeide/plugins/com.st.stm32cube.ide.mcu.externaltools.gnu-tools-for-stm32.7-2018-q2-update.win32_1.5.0.202011040924/tools/bin/../lib/gcc/arm-none-eabi/7.3.1/../../../../arm-none-eabi/lib/thumb/v7-m\libc_nano.a(lib_a-malloc.o) (_malloc_r)
c:/st/stm32cubeide_1.5.1/stm32cubeide/plugins/com.st.stm32cube.ide.mcu.externaltools.gnu-tools-for-stm32.7-2018-q2-update.win32_1.5.0.202011040924/tools/bin/../lib/gcc/arm-none-eabi/7.3.1/../../../../arm-none-eabi/lib/thumb/v7-m\libc_nano.a(lib_a-sbrkr.o)
                              c:/st/stm32cubeide_1.5.1/stm32cubeide/plugins/com.st.stm32cube.ide.mcu.externaltools.gnu-tools-for-stm32.7-2018-q2-update.win32_1.5.0.202011040924/tools/bin/../lib/gcc/arm-none-eabi/7.3.1/../../../../arm-none-eabi/lib/thumb/v7-m\libc_nano.a(lib_a-nano-mallocr.o) (_sbrk_r)
[...]
Memory Configuration

Name             Origin             Length             Attributes
RAM              0x0000000020000000 0x0000000000020000 xrw
FLASH            0x0000000008000000 0x0000000000100000 xr
*default*        0x0000000000000000 0xffffffffffffffff

Linker script and memory map

LOAD c:/st/stm32cubeide_1.5.1/stm32cubeide/plugins/com.st.stm32cube.ide.mcu.externaltools.gnu-tools-for-stm32.7-2018-q2-update.win32_1.5.0.202011040924/tools/bin/../lib/gcc/arm-none-eabi/7.3.1/thumb/v7-m/crti.o
LOAD c:/st/stm32cubeide_1.5.1/stm32cubeide/plugins/com.st.stm32cube.ide.mcu.externaltools.gnu-tools-for-stm32.7-2018-q2-update.win32_1.5.0.202011040924/tools/bin/../lib/gcc/arm-none-eabi/7.3.1/thumb/v7-m/crtbegin.o
LOAD c:/st/stm32cubeide_1.5.1/stm32cubeide/plugins/com.st.stm32cube.ide.mcu.externaltools.gnu-tools-for-stm32.7-2018-q2-update.win32_1.5.0.202011040924/tools/bin/../lib/gcc/arm-none-eabi/7.3.1/../../../../arm-none-eabi/lib/thumb/v7-m/crt0.o
LOAD Core/Src/freertos.o
LOAD Core/Src/main.o
LOAD Core/Src/stm32f2xx_hal_msp.o
LOAD Core/Src/stm32f2xx_hal_timebase_tim.o
LOAD Core/Src/stm32f2xx_it.o
LOAD Core/Src/syscalls.o
LOAD Core/Src/sysmem.o
LOAD Core/Src/system_stm32f2xx.o
LOAD Core/Startup/startup_stm32f207zgtx.o
LOAD Drivers/STM32F2xx_HAL_Driver/Src/stm32f2xx_hal.o
LOAD Drivers/STM32F2xx_HAL_Driver/Src/stm32f2xx_hal_cortex.o
LOAD Drivers/STM32F2xx_HAL_Driver/Src/stm32f2xx_hal_dma.o
LOAD Drivers/STM32F2xx_HAL_Driver/Src/stm32f2xx_hal_dma_ex.o
LOAD Drivers/STM32F2xx_HAL_Driver/Src/stm32f2xx_hal_exti.o
LOAD Drivers/STM32F2xx_HAL_Driver/Src/stm32f2xx_hal_flash.o
LOAD Drivers/STM32F2xx_HAL_Driver/Src/stm32f2xx_hal_flash_ex.o
LOAD Drivers/STM32F2xx_HAL_Driver/Src/stm32f2xx_hal_gpio.o
LOAD Drivers/STM32F2xx_HAL_Driver/Src/stm32f2xx_hal_pwr.o
LOAD Drivers/STM32F2xx_HAL_Driver/Src/stm32f2xx_hal_pwr_ex.o
LOAD Drivers/STM32F2xx_HAL_Driver/Src/stm32f2xx_hal_rcc.o
LOAD Drivers/STM32F2xx_HAL_Driver/Src/stm32f2xx_hal_rcc_ex.o
LOAD Drivers/STM32F2xx_HAL_Driver/Src/stm32f2xx_hal_sd.o
LOAD Drivers/STM32F2xx_HAL_Driver/Src/stm32f2xx_hal_tim.o
LOAD Drivers/STM32F2xx_HAL_Driver/Src/stm32f2xx_hal_tim_ex.o
LOAD Drivers/STM32F2xx_HAL_Driver/Src/stm32f2xx_hal_uart.o
LOAD Drivers/STM32F2xx_HAL_Driver/Src/stm32f2xx_ll_sdmmc.o
LOAD FATFS/App/fatfs.o
LOAD FATFS/Target/bsp_driver_sd.o
LOAD FATFS/Target/fatfs_platform.o
LOAD Middlewares/Third_Party/FatFs/src/diskio.o
LOAD Middlewares/Third_Party/FatFs/src/ff.o
LOAD Middlewares/Third_Party/FatFs/src/ff_gen_drv.o
LOAD Middlewares/Third_Party/FatFs/src/drivers/sd_diskio.o
LOAD Middlewares/Third_Party/FatFs/src/option/cc949.o
LOAD Middlewares/Third_Party/FatFs/src/option/syscall.o
LOAD Middlewares/Third_Party/FreeRTOS/Source/CMSIS_RTOS/cmsis_os.o
LOAD Middlewares/Third_Party/FreeRTOS/Source/croutine.o
LOAD Middlewares/Third_Party/FreeRTOS/Source/event_groups.o
LOAD Middlewares/Third_Party/FreeRTOS/Source/list.o
LOAD Middlewares/Third_Party/FreeRTOS/Source/queue.o
LOAD Middlewares/Third_Party/FreeRTOS/Source/stream_buffer.o
LOAD Middlewares/Third_Party/FreeRTOS/Source/tasks.o
LOAD Middlewares/Third_Party/FreeRTOS/Source/timers.o
LOAD Middlewares/Third_Party/FreeRTOS/Source/portable/GCC/ARM_CM3/port.o
LOAD Middlewares/Third_Party/FreeRTOS/Source/portable/MemMang/heap_4.o
START GROUP
LOAD c:/st/stm32cubeide_1.5.1/stm32cubeide/plugins/com.st.stm32cube.ide.mcu.externaltools.gnu-tools-for-stm32.7-2018-q2-update.win32_1.5.0.202011040924/tools/bin/../lib/gcc/arm-none-eabi/7.3.1/../../../../arm-none-eabi/lib/thumb/v7-m\libc_nano.a
LOAD c:/st/stm32cubeide_1.5.1/stm32cubeide/plugins/com.st.stm32cube.ide.mcu.externaltools.gnu-tools-for-stm32.7-2018-q2-update.win32_1.5.0.202011040924/tools/bin/../lib/gcc/arm-none-eabi/7.3.1/../../../../arm-none-eabi/lib/thumb/v7-m\libm.a
END GROUP
START GROUP
LOAD c:/st/stm32cubeide_1.5.1/stm32cubeide/plugins/com.st.stm32cube.ide.mcu.externaltools.gnu-tools-for-stm32.7-2018-q2-update.win32_1.5.0.202011040924/tools/bin/../lib/gcc/arm-none-eabi/7.3.1/thumb/v7-m\libgcc.a
LOAD c:/st/stm32cubeide_1.5.1/stm32cubeide/plugins/com.st.stm32cube.ide.mcu.externaltools.gnu-tools-for-stm32.7-2018-q2-update.win32_1.5.0.202011040924/tools/bin/../lib/gcc/arm-none-eabi/7.3.1/../../../../arm-none-eabi/lib/thumb/v7-m\libc_nano.a
END GROUP
START GROUP
LOAD c:/st/stm32cubeide_1.5.1/stm32cubeide/plugins/com.st.stm32cube.ide.mcu.externaltools.gnu-tools-for-stm32.7-2018-q2-update.win32_1.5.0.202011040924/tools/bin/../lib/gcc/arm-none-eabi/7.3.1/thumb/v7-m\libgcc.a
LOAD c:/st/stm32cubeide_1.5.1/stm32cubeide/plugins/com.st.stm32cube.ide.mcu.externaltools.gnu-tools-for-stm32.7-2018-q2-update.win32_1.5.0.202011040924/tools/bin/../lib/gcc/arm-none-eabi/7.3.1/../../../../arm-none-eabi/lib/thumb/v7-m\libc_nano.a
LOAD c:/st/stm32cubeide_1.5.1/stm32cubeide/plugins/com.st.stm32cube.ide.mcu.externaltools.gnu-tools-for-stm32.7-2018-q2-update.win32_1.5.0.202011040924/tools/bin/../lib/gcc/arm-none-eabi/7.3.1/../../../../arm-none-eabi/lib/thumb/v7-m\libnosys.a
END GROUP
START GROUP
LOAD c:/st/stm32cubeide_1.5.1/stm32cubeide/plugins/com.st.stm32cube.ide.mcu.externaltools.gnu-tools-for-stm32.7-2018-q2-update.win32_1.5.0.202011040924/tools/bin/../lib/gcc/arm-none-eabi/7.3.1/thumb/v7-m\libgcc.a
LOAD c:/st/stm32cubeide_1.5.1/stm32cubeide/plugins/com.st.stm32cube.ide.mcu.externaltools.gnu-tools-for-stm32.7-2018-q2-update.win32_1.5.0.202011040924/tools/bin/../lib/gcc/arm-none-eabi/7.3.1/../../../../arm-none-eabi/lib/thumb/v7-m\libc_nano.a
LOAD c:/st/stm32cubeide_1.5.1/stm32cubeide/plugins/com.st.stm32cube.ide.mcu.externaltools.gnu-tools-for-stm32.7-2018-q2-update.win32_1.5.0.202011040924/tools/bin/../lib/gcc/arm-none-eabi/7.3.1/../../../../arm-none-eabi/lib/thumb/v7-m\libnosys.a
END GROUP
LOAD c:/st/stm32cubeide_1.5.1/stm32cubeide/plugins/com.st.stm32cube.ide.mcu.externaltools.gnu-tools-for-stm32.7-2018-q2-update.win32_1.5.0.202011040924/tools/bin/../lib/gcc/arm-none-eabi/7.3.1/thumb/v7-m/crtend.o
LOAD c:/st/stm32cubeide_1.5.1/stm32cubeide/plugins/com.st.stm32cube.ide.mcu.externaltools.gnu-tools-for-stm32.7-2018-q2-update.win32_1.5.0.202011040924/tools/bin/../lib/gcc/arm-none-eabi/7.3.1/thumb/v7-m/crtn.o
                0x0000000020020000                _estack = (ORIGIN (RAM) + LENGTH (RAM))
                0x0000000000000200                _Min_Heap_Size = 0x200
                0x0000000000000400                _Min_Stack_Size = 0x400

.isr_vector     0x0000000008000000      0x184
                0x0000000008000000                . = ALIGN (0x4)
 *(.isr_vector)
 .isr_vector    0x0000000008000000      0x184 Core/Startup/startup_stm32f207zgtx.o
                0x0000000008000000                g_pfnVectors
                0x0000000008000184                . = ALIGN (0x4)

.text           0x0000000008000190     0x950c
                0x0000000008000190                . = ALIGN (0x4)
 *(.text)
 .text          0x0000000008000190       0x40 c:/st/stm32cubeide_1.5.1/stm32cubeide/plugins/com.st.stm32cube.ide.mcu.externaltools.gnu-tools-for-stm32.7-2018-q2-update.win32_1.5.0.202011040924/tools/bin/../lib/gcc/arm-none-eabi/7.3.1/thumb/v7-m/crtbegin.o
 .text          0x00000000080001d0       0x30 c:/st/stm32cubeide_1.5.1/stm32cubeide/plugins/com.st.stm32cube.ide.mcu.externaltools.gnu-tools-for-stm32.7-2018-q2-update.win32_1.5.0.202011040924/tools/bin/../lib/gcc/arm-none-eabi/7.3.1/thumb/v7-m\libgcc.a(_aeabi_uldivmod.o)
                0x00000000080001d0                __aeabi_uldivmod
 .text          0x0000000008000200      0x2d0 c:/st/stm32cubeide_1.5.1/stm32cubeide/plugins/com.st.stm32cube.ide.mcu.externaltools.gnu-tools-for-stm32.7-2018-q2-update.win32_1.5.0.202011040924/tools/bin/../lib/gcc/arm-none-eabi/7.3.1/thumb/v7-m\libgcc.a(_udivmoddi4.o)
                0x0000000008000200                __udivmoddi4
 .text          0x00000000080004d0        0x4 c:/st/stm32cubeide_1.5.1/stm32cubeide/plugins/com.st.stm32cube.ide.mcu.externaltools.gnu-tools-for-stm32.7-2018-q2-update.win32_1.5.0.202011040924/tools/bin/../lib/gcc/arm-none-eabi/7.3.1/thumb/v7-m\libgcc.a(_dvmd_tls.o)
                0x00000000080004d0                __aeabi_idiv0
                0x00000000080004d0                __aeabi_ldiv0
 *(.text*)
 .text.vApplicationGetIdleTaskMemory
                0x00000000080004d4       0x1c Core/Src/freertos.o
                0x00000000080004d4                vApplicationGetIdleTaskMemory
 .text.LED_Task_Function
                0x00000000080004f0       0x70 Core/Src/main.o
                0x00000000080004f0                LED_Task_Function
 .text.uSD_Task_Function
                0x0000000008000560       0x94 Core/Src/main.o
                0x0000000008000560                uSD_Task_Function
 .text.HAL_GPIO_EXTI_Callback
                0x00000000080005f4      0x120 Core/Src/main.o
                0x00000000080005f4                HAL_GPIO_EXTI_Callback
 .text.SystemClock_Config
                0x0000000008000714       0x5c Core/Src/main.o
                0x0000000008000714                SystemClock_Config
 .text.startup.main
                0x0000000008000770      0x2bc Core/Src/main.o
                0x0000000008000770                main
 .text.HAL_TIM_PeriodElapsedCallback
                0x0000000008000a2c       0x14 Core/Src/main.o
                0x0000000008000a2c                HAL_TIM_PeriodElapsedCallback
 .text.Error_Handler
                0x0000000008000a40        0x4 Core/Src/main.o
                0x0000000008000a40                Error_Handler
 .text.HAL_MspInit
                0x0000000008000a44       0x44 Core/Src/stm32f2xx_hal_msp.o
                0x0000000008000a44                HAL_MspInit
 .text.HAL_SD_MspInit
                0x0000000008000a88      0x178 Core/Src/stm32f2xx_hal_msp.o
                0x0000000008000a88                HAL_SD_MspInit
 .text.HAL_UART_MspInit
                0x0000000008000c00       0x70 Core/Src/stm32f2xx_hal_msp.o
                0x0000000008000c00                HAL_UART_MspInit
 .text.HAL_InitTick
                0x0000000008000c70       0x80 Core/Src/stm32f2xx_hal_timebase_tim.o
                0x0000000008000c70                HAL_InitTick
 .text.NMI_Handler
                0x0000000008000cf0        0x4 Core/Src/stm32f2xx_it.o
                0x0000000008000cf0                NMI_Handler
 .text.HardFault_Handler
                0x0000000008000cf4        0x4 Core/Src/stm32f2xx_it.o
                0x0000000008000cf4                HardFault_Handler
 .text.MemManage_Handler
                0x0000000008000cf8        0x4 Core/Src/stm32f2xx_it.o
                0x0000000008000cf8                MemManage_Handler
 .text.BusFault_Handler
                0x0000000008000cfc        0x4 Core/Src/stm32f2xx_it.o
                0x0000000008000cfc                BusFault_Handler
 .text.UsageFault_Handler
                0x0000000008000d00        0x4 Core/Src/stm32f2xx_it.o
                0x0000000008000d00                UsageFault_Handler
 .text.DebugMon_Handler
                0x0000000008000d04        0x4 Core/Src/stm32f2xx_it.o
                0x0000000008000d04                DebugMon_Handler
 .text.EXTI9_5_IRQHandler
                0x0000000008000d08       0x14 Core/Src/stm32f2xx_it.o
                0x0000000008000d08                EXTI9_5_IRQHandler
 .text.TIM1_BRK_TIM9_IRQHandler
                0x0000000008000d1c        0xc Core/Src/stm32f2xx_it.o
                0x0000000008000d1c                TIM1_BRK_TIM9_IRQHandler
 .text.EXTI15_10_IRQHandler
                0x0000000008000d28       0x28 Core/Src/stm32f2xx_it.o
                0x0000000008000d28                EXTI15_10_IRQHandler
 .text.SDIO_IRQHandler
                0x0000000008000d50        0xc Core/Src/stm32f2xx_it.o
                0x0000000008000d50                SDIO_IRQHandler
 .text.DMA2_Stream3_IRQHandler
                0x0000000008000d5c        0xc Core/Src/stm32f2xx_it.o
                0x0000000008000d5c                DMA2_Stream3_IRQHandler
 .text.DMA2_Stream6_IRQHandler
                0x0000000008000d68        0xc Core/Src/stm32f2xx_it.o
                0x0000000008000d68                DMA2_Stream6_IRQHandler
 .text._sbrk    0x0000000008000d74       0x48 Core/Src/sysmem.o
                0x0000000008000d74                _sbrk
 .text.SystemInit
                0x0000000008000dbc       0x44 Core/Src/system_stm32f2xx.o
                0x0000000008000dbc                SystemInit
 .text.Reset_Handler
                0x0000000008000e00       0x50 Core/Startup/startup_stm32f207zgtx.o
                0x0000000008000e00                Reset_Handler
 .text.Default_Handler
                0x0000000008000e50        0x2 Core/Startup/startup_stm32f207zgtx.o
                0x0000000008000e50                RTC_Alarm_IRQHandler
                0x0000000008000e50                HASH_RNG_IRQHandler
                0x0000000008000e50                EXTI2_IRQHandler
                0x0000000008000e50                TIM8_CC_IRQHandler
                0x0000000008000e50                TIM1_CC_IRQHandler
                0x0000000008000e50                DMA2_Stream5_IRQHandler
                0x0000000008000e50                DMA1_Stream5_IRQHandler
                0x0000000008000e50                PVD_IRQHandler
                0x0000000008000e50                TAMP_STAMP_IRQHandler
                0x0000000008000e50                CAN2_RX1_IRQHandler
                0x0000000008000e50                EXTI3_IRQHandler
                0x0000000008000e50                TIM8_TRG_COM_TIM14_IRQHandler
                0x0000000008000e50                TIM1_UP_TIM10_IRQHandler
                0x0000000008000e50                TIM8_UP_TIM13_IRQHandler
                0x0000000008000e50                I2C3_ER_IRQHandler
                0x0000000008000e50                EXTI0_IRQHandler
                0x0000000008000e50                I2C2_EV_IRQHandler
                0x0000000008000e50                DMA1_Stream2_IRQHandler
                0x0000000008000e50                CAN1_RX0_IRQHandler
                0x0000000008000e50                OTG_HS_WKUP_IRQHandler
                0x0000000008000e50                CAN2_SCE_IRQHandler
                0x0000000008000e50                DMA2_Stream2_IRQHandler
                0x0000000008000e50                SPI1_IRQHandler
                0x0000000008000e50                TIM6_DAC_IRQHandler
                0x0000000008000e50                DCMI_IRQHandler
                0x0000000008000e50                CAN2_RX0_IRQHandler
                0x0000000008000e50                USART6_IRQHandler
                0x0000000008000e50                USART3_IRQHandler
                0x0000000008000e50                CAN1_RX1_IRQHandler
                0x0000000008000e50                UART5_IRQHandler
                0x0000000008000e50                DMA2_Stream0_IRQHandler
                0x0000000008000e50                TIM4_IRQHandler
                0x0000000008000e50                I2C1_EV_IRQHandler
                0x0000000008000e50                DMA1_Stream6_IRQHandler
                0x0000000008000e50                DMA1_Stream1_IRQHandler
                0x0000000008000e50                UART4_IRQHandler
                0x0000000008000e50                TIM3_IRQHandler
                0x0000000008000e50                RCC_IRQHandler
                0x0000000008000e50                TIM8_BRK_TIM12_IRQHandler
                0x0000000008000e50                Default_Handler
                0x0000000008000e50                ADC_IRQHandler
                0x0000000008000e50                DMA1_Stream7_IRQHandler
                0x0000000008000e50                TIM7_IRQHandler
                0x0000000008000e50                CAN2_TX_IRQHandler
                0x0000000008000e50                TIM5_IRQHandler
                0x0000000008000e50                DMA2_Stream7_IRQHandler
                0x0000000008000e50                I2C3_EV_IRQHandler
                0x0000000008000e50                RTC_WKUP_IRQHandler
                0x0000000008000e50                ETH_WKUP_IRQHandler
                0x0000000008000e50                SPI2_IRQHandler
                0x0000000008000e50                OTG_HS_EP1_IN_IRQHandler
                0x0000000008000e50                DMA1_Stream0_IRQHandler
                0x0000000008000e50                CAN1_TX_IRQHandler
                0x0000000008000e50                EXTI4_IRQHandler
                0x0000000008000e50                FSMC_IRQHandler
                0x0000000008000e50                ETH_IRQHandler
                0x0000000008000e50                OTG_HS_EP1_OUT_IRQHandler
                0x0000000008000e50                WWDG_IRQHandler
                0x0000000008000e50                TIM2_IRQHandler
                0x0000000008000e50                OTG_FS_WKUP_IRQHandler
                0x0000000008000e50                TIM1_TRG_COM_TIM11_IRQHandler
                0x0000000008000e50                OTG_HS_IRQHandler
                0x0000000008000e50                EXTI1_IRQHandler
                0x0000000008000e50                USART2_IRQHandler
                0x0000000008000e50                I2C2_ER_IRQHandler
                0x0000000008000e50                DMA2_Stream1_IRQHandler
                0x0000000008000e50                CAN1_SCE_IRQHandler
                0x0000000008000e50                FLASH_IRQHandler
                0x0000000008000e50                DMA2_Stream4_IRQHandler
                0x0000000008000e50                USART1_IRQHandler
                0x0000000008000e50                OTG_FS_IRQHandler
                0x0000000008000e50                SPI3_IRQHandler
                0x0000000008000e50                DMA1_Stream4_IRQHandler
                0x0000000008000e50                I2C1_ER_IRQHandler
                0x0000000008000e50                DMA1_Stream3_IRQHandler
 *fill*         0x0000000008000e52        0x2 
 .text.HAL_Init
                0x0000000008000e54       0x34 Drivers/STM32F2xx_HAL_Driver/Src/stm32f2xx_hal.o
                0x0000000008000e54                HAL_Init
 .text.HAL_IncTick
                0x0000000008000e88       0x18 Drivers/STM32F2xx_HAL_Driver/Src/stm32f2xx_hal.o
                0x0000000008000e88                HAL_IncTick
 .text.HAL_GetTick
                0x0000000008000ea0        0xc Drivers/STM32F2xx_HAL_Driver/Src/stm32f2xx_hal.o
                0x0000000008000ea0                HAL_GetTick
 .text.HAL_Delay
                0x0000000008000eac       0x2c Drivers/STM32F2xx_HAL_Driver/Src/stm32f2xx_hal.o
                0x0000000008000eac                HAL_Delay
 .text.HAL_NVIC_SetPriorityGrouping
                0x0000000008000ed8       0x24 Drivers/STM32F2xx_HAL_Driver/Src/stm32f2xx_hal_cortex.o
                0x0000000008000ed8                HAL_NVIC_SetPriorityGrouping
 .text.HAL_NVIC_SetPriority
                0x0000000008000efc       0x6c Drivers/STM32F2xx_HAL_Driver/Src/stm32f2xx_hal_cortex.o
                0x0000000008000efc                HAL_NVIC_SetPriority
 .text.HAL_NVIC_EnableIRQ
                0x0000000008000f68       0x1c Drivers/STM32F2xx_HAL_Driver/Src/stm32f2xx_hal_cortex.o
                0x0000000008000f68                HAL_NVIC_EnableIRQ
 .text.HAL_DMA_Init
                0x0000000008000f84      0x138 Drivers/STM32F2xx_HAL_Driver/Src/stm32f2xx_hal_dma.o
                0x0000000008000f84                HAL_DMA_Init
 .text.HAL_DMA_Start_IT
                0x00000000080010bc       0x84 Drivers/STM32F2xx_HAL_Driver/Src/stm32f2xx_hal_dma.o
                0x00000000080010bc                HAL_DMA_Start_IT
 .text.HAL_DMA_Abort_IT
                0x0000000008001140       0x28 Drivers/STM32F2xx_HAL_Driver/Src/stm32f2xx_hal_dma.o
                0x0000000008001140                HAL_DMA_Abort_IT
 .text.HAL_DMA_IRQHandler
                0x0000000008001168      0x1ac Drivers/STM32F2xx_HAL_Driver/Src/stm32f2xx_hal_dma.o
                0x0000000008001168                HAL_DMA_IRQHandler
 .text.HAL_DMA_GetError
                0x0000000008001314        0x4 Drivers/STM32F2xx_HAL_Driver/Src/stm32f2xx_hal_dma.o
                0x0000000008001314                HAL_DMA_GetError
 .text.HAL_GPIO_Init
                0x0000000008001318      0x210 Drivers/STM32F2xx_HAL_Driver/Src/stm32f2xx_hal_gpio.o
                0x0000000008001318                HAL_GPIO_Init
 .text.HAL_GPIO_ReadPin
                0x0000000008001528        0xc Drivers/STM32F2xx_HAL_Driver/Src/stm32f2xx_hal_gpio.o
                0x0000000008001528                HAL_GPIO_ReadPin
 .text.HAL_GPIO_WritePin
                0x0000000008001534        0x8 Drivers/STM32F2xx_HAL_Driver/Src/stm32f2xx_hal_gpio.o
                0x0000000008001534                HAL_GPIO_WritePin
 .text.HAL_GPIO_TogglePin
                0x000000000800153c       0x14 Drivers/STM32F2xx_HAL_Driver/Src/stm32f2xx_hal_gpio.o
                0x000000000800153c                HAL_GPIO_TogglePin
 .text.HAL_GPIO_EXTI_IRQHandler
                0x0000000008001550       0x18 Drivers/STM32F2xx_HAL_Driver/Src/stm32f2xx_hal_gpio.o
                0x0000000008001550                HAL_GPIO_EXTI_IRQHandler
 .text.HAL_RCC_OscConfig
                0x0000000008001568      0x384 Drivers/STM32F2xx_HAL_Driver/Src/stm32f2xx_hal_rcc.o
                0x0000000008001568                HAL_RCC_OscConfig
 .text.HAL_RCC_ClockConfig
                0x00000000080018ec      0x19c Drivers/STM32F2xx_HAL_Driver/Src/stm32f2xx_hal_rcc.o
                0x00000000080018ec                HAL_RCC_ClockConfig
 .text.HAL_RCC_GetPCLK1Freq
                0x0000000008001a88       0x30 Drivers/STM32F2xx_HAL_Driver/Src/stm32f2xx_hal_rcc.o
                0x0000000008001a88                HAL_RCC_GetPCLK1Freq
 .text.HAL_RCC_GetPCLK2Freq
                0x0000000008001ab8       0x30 Drivers/STM32F2xx_HAL_Driver/Src/stm32f2xx_hal_rcc.o
                0x0000000008001ab8                HAL_RCC_GetPCLK2Freq
 .text.HAL_RCC_GetClockConfig
                0x0000000008001ae8       0x40 Drivers/STM32F2xx_HAL_Driver/Src/stm32f2xx_hal_rcc.o
                0x0000000008001ae8                HAL_RCC_GetClockConfig
 .text.SD_DMATransmitCplt
                0x0000000008001b28       0x10 Drivers/STM32F2xx_HAL_Driver/Src/stm32f2xx_hal_sd.o
 .text.SD_FindSCR
                0x0000000008001b38       0xe4 Drivers/STM32F2xx_HAL_Driver/Src/stm32f2xx_hal_sd.o
 .text.HAL_SD_ReadBlocks_DMA
                0x0000000008001c1c      0x14c Drivers/STM32F2xx_HAL_Driver/Src/stm32f2xx_hal_sd.o
                0x0000000008001c1c                HAL_SD_ReadBlocks_DMA
 .text.HAL_SD_WriteBlocks_DMA
                0x0000000008001d68      0x148 Drivers/STM32F2xx_HAL_Driver/Src/stm32f2xx_hal_sd.o
                0x0000000008001d68                HAL_SD_WriteBlocks_DMA
 .text.HAL_SD_ErrorCallback
                0x0000000008001eb0        0x4 Drivers/STM32F2xx_HAL_Driver/Src/stm32f2xx_hal_sd.o
                0x0000000008001eb0                HAL_SD_ErrorCallback
 .text.SD_DMAReceiveCplt
                0x0000000008001eb4       0x48 Drivers/STM32F2xx_HAL_Driver/Src/stm32f2xx_hal_sd.o
 .text.SD_DMAError
                0x0000000008001efc       0x84 Drivers/STM32F2xx_HAL_Driver/Src/stm32f2xx_hal_sd.o
 .text.SD_DMATxAbort
                0x0000000008001f80       0x64 Drivers/STM32F2xx_HAL_Driver/Src/stm32f2xx_hal_sd.o
 .text.HAL_SD_IRQHandler
                0x0000000008001fe4      0x268 Drivers/STM32F2xx_HAL_Driver/Src/stm32f2xx_hal_sd.o
                0x0000000008001fe4                HAL_SD_IRQHandler
 .text.SD_DMARxAbort
                0x000000000800224c       0x64 Drivers/STM32F2xx_HAL_Driver/Src/stm32f2xx_hal_sd.o
 .text.HAL_SD_GetCardCSD
                0x00000000080022b0      0x174 Drivers/STM32F2xx_HAL_Driver/Src/stm32f2xx_hal_sd.o
                0x00000000080022b0                HAL_SD_GetCardCSD
 .text.HAL_SD_Init
                0x0000000008002424      0x234 Drivers/STM32F2xx_HAL_Driver/Src/stm32f2xx_hal_sd.o
                0x0000000008002424                HAL_SD_Init
 .text.HAL_SD_GetCardInfo
                0x0000000008002658       0x28 Drivers/STM32F2xx_HAL_Driver/Src/stm32f2xx_hal_sd.o
                0x0000000008002658                HAL_SD_GetCardInfo
 .text.HAL_SD_ConfigWideBusOperation
                0x0000000008002680      0x114 Drivers/STM32F2xx_HAL_Driver/Src/stm32f2xx_hal_sd.o
                0x0000000008002680                HAL_SD_ConfigWideBusOperation
 .text.HAL_SD_GetCardState
                0x0000000008002794       0x28 Drivers/STM32F2xx_HAL_Driver/Src/stm32f2xx_hal_sd.o
                0x0000000008002794                HAL_SD_GetCardState
 .text.HAL_TIM_Base_MspInit
                0x00000000080027bc        0x4 Drivers/STM32F2xx_HAL_Driver/Src/stm32f2xx_hal_tim.o
                0x00000000080027bc                HAL_TIM_Base_MspInit
 .text.HAL_TIM_Base_Init
                0x00000000080027c0      0x128 Drivers/STM32F2xx_HAL_Driver/Src/stm32f2xx_hal_tim.o
                0x00000000080027c0                HAL_TIM_Base_Init
 .text.HAL_TIM_Base_Start_IT
                0x00000000080028e8       0x78 Drivers/STM32F2xx_HAL_Driver/Src/stm32f2xx_hal_tim.o
                0x00000000080028e8                HAL_TIM_Base_Start_IT
 .text.HAL_TIM_OC_DelayElapsedCallback
                0x0000000008002960        0x4 Drivers/STM32F2xx_HAL_Driver/Src/stm32f2xx_hal_tim.o
                0x0000000008002960                HAL_TIM_OC_DelayElapsedCallback
 .text.HAL_TIM_IC_CaptureCallback
                0x0000000008002964        0x4 Drivers/STM32F2xx_HAL_Driver/Src/stm32f2xx_hal_tim.o
                0x0000000008002964                HAL_TIM_IC_CaptureCallback
 .text.HAL_TIM_PWM_PulseFinishedCallback
                0x0000000008002968        0x4 Drivers/STM32F2xx_HAL_Driver/Src/stm32f2xx_hal_tim.o
                0x0000000008002968                HAL_TIM_PWM_PulseFinishedCallback
 .text.HAL_TIM_TriggerCallback
                0x000000000800296c        0x4 Drivers/STM32F2xx_HAL_Driver/Src/stm32f2xx_hal_tim.o
                0x000000000800296c                HAL_TIM_TriggerCallback
 .text.HAL_TIM_IRQHandler
                0x0000000008002970      0x154 Drivers/STM32F2xx_HAL_Driver/Src/stm32f2xx_hal_tim.o
                0x0000000008002970                HAL_TIM_IRQHandler
 .text.HAL_TIMEx_CommutCallback
                0x0000000008002ac4        0x4 Drivers/STM32F2xx_HAL_Driver/Src/stm32f2xx_hal_tim_ex.o
                0x0000000008002ac4                HAL_TIMEx_CommutCallback
 .text.HAL_TIMEx_BreakCallback
                0x0000000008002ac8        0x4 Drivers/STM32F2xx_HAL_Driver/Src/stm32f2xx_hal_tim_ex.o
                0x0000000008002ac8                HAL_TIMEx_BreakCallback
 .text.HAL_UART_Init
                0x0000000008002acc      0x11c Drivers/STM32F2xx_HAL_Driver/Src/stm32f2xx_hal_uart.o
                0x0000000008002acc                HAL_UART_Init
 .text.SDMMC_GetCmdResp1.part.2
                0x0000000008002be8       0xc8 Drivers/STM32F2xx_HAL_Driver/Src/stm32f2xx_ll_sdmmc.o
 .text.SDIO_Init
                0x0000000008002cb0       0x38 Drivers/STM32F2xx_HAL_Driver/Src/stm32f2xx_ll_sdmmc.o
                0x0000000008002cb0                SDIO_Init
 .text.SDIO_ReadFIFO
                0x0000000008002ce8        0x8 Drivers/STM32F2xx_HAL_Driver/Src/stm32f2xx_ll_sdmmc.o
                0x0000000008002ce8                SDIO_ReadFIFO
 .text.SDIO_WriteFIFO
                0x0000000008002cf0        0xc Drivers/STM32F2xx_HAL_Driver/Src/stm32f2xx_ll_sdmmc.o
                0x0000000008002cf0                SDIO_WriteFIFO
 .text.SDIO_PowerState_ON
                0x0000000008002cfc       0x14 Drivers/STM32F2xx_HAL_Driver/Src/stm32f2xx_ll_sdmmc.o
                0x0000000008002cfc                SDIO_PowerState_ON
 .text.SDIO_GetPowerState
                0x0000000008002d10        0x8 Drivers/STM32F2xx_HAL_Driver/Src/stm32f2xx_ll_sdmmc.o
                0x0000000008002d10                SDIO_GetPowerState
 .text.SDIO_GetResponse
                0x0000000008002d18        0x8 Drivers/STM32F2xx_HAL_Driver/Src/stm32f2xx_ll_sdmmc.o
                0x0000000008002d18                SDIO_GetResponse
 .text.SDIO_ConfigData
                0x0000000008002d20       0x28 Drivers/STM32F2xx_HAL_Driver/Src/stm32f2xx_ll_sdmmc.o
                0x0000000008002d20                SDIO_ConfigData
 .text.SDMMC_CmdBlockLength
                0x0000000008002d48       0x80 Drivers/STM32F2xx_HAL_Driver/Src/stm32f2xx_ll_sdmmc.o
                0x0000000008002d48                SDMMC_CmdBlockLength
 .text.SDMMC_CmdReadSingleBlock
                0x0000000008002dc8       0x84 Drivers/STM32F2xx_HAL_Driver/Src/stm32f2xx_ll_sdmmc.o
                0x0000000008002dc8                SDMMC_CmdReadSingleBlock
 .text.SDMMC_CmdReadMultiBlock
                0x0000000008002e4c       0x84 Drivers/STM32F2xx_HAL_Driver/Src/stm32f2xx_ll_sdmmc.o
                0x0000000008002e4c                SDMMC_CmdReadMultiBlock
 .text.SDMMC_CmdWriteSingleBlock
                0x0000000008002ed0       0x80 Drivers/STM32F2xx_HAL_Driver/Src/stm32f2xx_ll_sdmmc.o
                0x0000000008002ed0                SDMMC_CmdWriteSingleBlock
 .text.SDMMC_CmdWriteMultiBlock
                0x0000000008002f50       0x84 Drivers/STM32F2xx_HAL_Driver/Src/stm32f2xx_ll_sdmmc.o
                0x0000000008002f50                SDMMC_CmdWriteMultiBlock
 .text.SDMMC_CmdStopTransfer
                0x0000000008002fd4       0x7c Drivers/STM32F2xx_HAL_Driver/Src/stm32f2xx_ll_sdmmc.o
                0x0000000008002fd4                SDMMC_CmdStopTransfer
 .text.SDMMC_CmdSelDesel
                0x0000000008003050       0x84 Drivers/STM32F2xx_HAL_Driver/Src/stm32f2xx_ll_sdmmc.o
                0x0000000008003050                SDMMC_CmdSelDesel
 .text.SDMMC_CmdGoIdleState
                0x00000000080030d4       0x54 Drivers/STM32F2xx_HAL_Driver/Src/stm32f2xx_ll_sdmmc.o
                0x00000000080030d4                SDMMC_CmdGoIdleState
 .text.SDMMC_CmdOperCond
                0x0000000008003128       0x80 Drivers/STM32F2xx_HAL_Driver/Src/stm32f2xx_ll_sdmmc.o
                0x0000000008003128                SDMMC_CmdOperCond
 .text.SDMMC_CmdAppCommand
                0x00000000080031a8       0x84 Drivers/STM32F2xx_HAL_Driver/Src/stm32f2xx_ll_sdmmc.o
                0x00000000080031a8                SDMMC_CmdAppCommand
 .text.SDMMC_CmdAppOperCommand
                0x000000000800322c       0x6c Drivers/STM32F2xx_HAL_Driver/Src/stm32f2xx_ll_sdmmc.o
                0x000000000800322c                SDMMC_CmdAppOperCommand
 .text.SDMMC_CmdBusWidth
                0x0000000008003298       0x84 Drivers/STM32F2xx_HAL_Driver/Src/stm32f2xx_ll_sdmmc.o
                0x0000000008003298                SDMMC_CmdBusWidth
 .text.SDMMC_CmdSendSCR
                0x000000000800331c       0x84 Drivers/STM32F2xx_HAL_Driver/Src/stm32f2xx_ll_sdmmc.o
                0x000000000800331c                SDMMC_CmdSendSCR
 .text.SDMMC_CmdSendCID
                0x00000000080033a0       0x74 Drivers/STM32F2xx_HAL_Driver/Src/stm32f2xx_ll_sdmmc.o
                0x00000000080033a0                SDMMC_CmdSendCID
 .text.SDMMC_CmdSendCSD
                0x0000000008003414       0x70 Drivers/STM32F2xx_HAL_Driver/Src/stm32f2xx_ll_sdmmc.o
                0x0000000008003414                SDMMC_CmdSendCSD
 .text.SDMMC_CmdSetRelAdd
                0x0000000008003484       0xa8 Drivers/STM32F2xx_HAL_Driver/Src/stm32f2xx_ll_sdmmc.o
                0x0000000008003484                SDMMC_CmdSetRelAdd
 .text.SDMMC_CmdSendStatus
                0x000000000800352c       0x84 Drivers/STM32F2xx_HAL_Driver/Src/stm32f2xx_ll_sdmmc.o
                0x000000000800352c                SDMMC_CmdSendStatus
 .text.MX_FATFS_Init
                0x00000000080035b0       0x1c FATFS/App/fatfs.o
                0x00000000080035b0                MX_FATFS_Init
 .text.get_fattime
                0x00000000080035cc        0x4 FATFS/App/fatfs.o
                0x00000000080035cc                get_fattime
 .text.BSP_SD_ReadBlocks_DMA
                0x00000000080035d0       0x1c FATFS/Target/bsp_driver_sd.o
                0x00000000080035d0                BSP_SD_ReadBlocks_DMA
 .text.BSP_SD_WriteBlocks_DMA
                0x00000000080035ec       0x1c FATFS/Target/bsp_driver_sd.o
                0x00000000080035ec                BSP_SD_WriteBlocks_DMA
 .text.BSP_SD_GetCardState
                0x0000000008003608       0x14 FATFS/Target/bsp_driver_sd.o
                0x0000000008003608                BSP_SD_GetCardState
 .text.BSP_SD_GetCardInfo
                0x000000000800361c        0xc FATFS/Target/bsp_driver_sd.o
                0x000000000800361c                BSP_SD_GetCardInfo
 .text.BSP_SD_AbortCallback
                0x0000000008003628        0x4 FATFS/Target/bsp_driver_sd.o
                0x0000000008003628                BSP_SD_AbortCallback
 .text.HAL_SD_AbortCallback
                0x000000000800362c        0x8 FATFS/Target/bsp_driver_sd.o
                0x000000000800362c                HAL_SD_AbortCallback
 .text.BSP_SD_WriteCpltCallback
                0x0000000008003634        0x4 FATFS/Target/bsp_driver_sd.o
                0x0000000008003634                BSP_SD_WriteCpltCallback
 .text.HAL_SD_TxCpltCallback
                0x0000000008003638        0x8 FATFS/Target/bsp_driver_sd.o
                0x0000000008003638                HAL_SD_TxCpltCallback
 .text.BSP_SD_ReadCpltCallback
                0x0000000008003640        0x4 FATFS/Target/bsp_driver_sd.o
                0x0000000008003640                BSP_SD_ReadCpltCallback
 .text.HAL_SD_RxCpltCallback
                0x0000000008003644        0x8 FATFS/Target/bsp_driver_sd.o
                0x0000000008003644                HAL_SD_RxCpltCallback
 .text.BSP_SD_IsDetected
                0x000000000800364c       0x20 FATFS/Target/bsp_driver_sd.o
                0x000000000800364c                BSP_SD_IsDetected
 .text.BSP_SD_Init
                0x000000000800366c       0x30 FATFS/Target/bsp_driver_sd.o
                0x000000000800366c                BSP_SD_Init
 .text.BSP_PlatformIsDetected
                0x000000000800369c       0x18 FATFS/Target/fatfs_platform.o
                0x000000000800369c                BSP_PlatformIsDetected
 .text.disk_status
                0x00000000080036b4       0x14 Middlewares/Third_Party/FatFs/src/diskio.o
                0x00000000080036b4                disk_status
 .text.disk_initialize
                0x00000000080036c8       0x20 Middlewares/Third_Party/FatFs/src/diskio.o
                0x00000000080036c8                disk_initialize
 .text.disk_read
                0x00000000080036e8       0x1c Middlewares/Third_Party/FatFs/src/diskio.o
                0x00000000080036e8                disk_read
 .text.disk_write
                0x0000000008003704       0x1c Middlewares/Third_Party/FatFs/src/diskio.o
                0x0000000008003704                disk_write
 .text.disk_ioctl
                0x0000000008003720       0x1c Middlewares/Third_Party/FatFs/src/diskio.o
                0x0000000008003720                disk_ioctl
 .text.unlikely.move_window.part.3
                0x000000000800373c       0x76 Middlewares/Third_Party/FatFs/src/ff.o
 *fill*         0x00000000080037b2        0x2 
 .text.sync_fs  0x00000000080037b4       0xd4 Middlewares/Third_Party/FatFs/src/ff.o
 .text.remove_chain.part.12
                0x0000000008003888      0x568 Middlewares/Third_Party/FatFs/src/ff.o
 .text.get_fat.part.9
                0x0000000008003df0      0x26c Middlewares/Third_Party/FatFs/src/ff.o
 .text.dir_next.constprop.16
                0x000000000800405c       0xa4 Middlewares/Third_Party/FatFs/src/ff.o
 .text.dir_find.part.11
                0x0000000008004100      0x520 Middlewares/Third_Party/FatFs/src/ff.o
 .text.put_fat.part.10
                0x0000000008004620      0x2c8 Middlewares/Third_Party/FatFs/src/ff.o
 .text.create_chain
                0x00000000080048e8      0x374 Middlewares/Third_Party/FatFs/src/ff.o
 .text.f_write.part.14
                0x0000000008004c5c      0x2d4 Middlewares/Third_Party/FatFs/src/ff.o
 .text.dir_sdi  0x0000000008004f30      0x338 Middlewares/Third_Party/FatFs/src/ff.o
 .text.dir_register
                0x0000000008005268      0xbc4 Middlewares/Third_Party/FatFs/src/ff.o
 .text.follow_path
                0x0000000008005e2c      0x320 Middlewares/Third_Party/FatFs/src/ff.o
 .text.f_mount  0x000000000800614c      0x538 Middlewares/Third_Party/FatFs/src/ff.o
                0x000000000800614c                f_mount
 .text.f_open   0x0000000008006684      0x8e8 Middlewares/Third_Party/FatFs/src/ff.o
                0x0000000008006684                f_open
 .text.f_write  0x0000000008006f6c       0xb4 Middlewares/Third_Party/FatFs/src/ff.o
                0x0000000008006f6c                f_write
 .text.f_close  0x0000000008007020      0x238 Middlewares/Third_Party/FatFs/src/ff.o
                0x0000000008007020                f_close
 .text.FATFS_LinkDriver
                0x0000000008007258       0x4c Middlewares/Third_Party/FatFs/src/ff_gen_drv.o
                0x0000000008007258                FATFS_LinkDriver
 .text.SD_initialize
                0x00000000080072a4       0x20 Middlewares/Third_Party/FatFs/src/drivers/sd_diskio.o
                0x00000000080072a4                SD_initialize
 .text.SD_status
                0x00000000080072c4       0x20 Middlewares/Third_Party/FatFs/src/drivers/sd_diskio.o
                0x00000000080072c4                SD_status
 .text.SD_read  0x00000000080072e4       0x28 Middlewares/Third_Party/FatFs/src/drivers/sd_diskio.o
                0x00000000080072e4                SD_read
 .text.SD_ioctl
                0x000000000800730c       0x60 Middlewares/Third_Party/FatFs/src/drivers/sd_diskio.o
                0x000000000800730c                SD_ioctl
 .text.SD_write
                0x000000000800736c       0x28 Middlewares/Third_Party/FatFs/src/drivers/sd_diskio.o
                0x000000000800736c                SD_write
 .text.ff_convert
                0x0000000008007394      0x1d0 Middlewares/Third_Party/FatFs/src/option/cc949.o
                0x0000000008007394                ff_convert
 .text.ff_wtoupper
                0x0000000008007564       0x30 Middlewares/Third_Party/FatFs/src/option/cc949.o
                0x0000000008007564                ff_wtoupper
 .text.ff_cre_syncobj
                0x0000000008007594       0x20 Middlewares/Third_Party/FatFs/src/option/syscall.o
                0x0000000008007594                ff_cre_syncobj
 .text.ff_del_syncobj
                0x00000000080075b4        0xc Middlewares/Third_Party/FatFs/src/option/syscall.o
                0x00000000080075b4                ff_del_syncobj
 .text.ff_req_grant
                0x00000000080075c0       0x14 Middlewares/Third_Party/FatFs/src/option/syscall.o
                0x00000000080075c0                ff_req_grant
 .text.ff_rel_grant
                0x00000000080075d4        0x4 Middlewares/Third_Party/FatFs/src/option/syscall.o
                0x00000000080075d4                ff_rel_grant
 .text.ff_memalloc
                0x00000000080075d8        0x4 Middlewares/Third_Party/FatFs/src/option/syscall.o
                0x00000000080075d8                ff_memalloc
 .text.ff_memfree
                0x00000000080075dc        0x4 Middlewares/Third_Party/FatFs/src/option/syscall.o
                0x00000000080075dc                ff_memfree
 .text.osKernelStart
                0x00000000080075e0        0xc Middlewares/Third_Party/FreeRTOS/Source/CMSIS_RTOS/cmsis_os.o
                0x00000000080075e0                osKernelStart
 .text.osThreadCreate
                0x00000000080075ec       0x54 Middlewares/Third_Party/FreeRTOS/Source/CMSIS_RTOS/cmsis_os.o
                0x00000000080075ec                osThreadCreate
 .text.osDelay  0x0000000008007640       0x10 Middlewares/Third_Party/FreeRTOS/Source/CMSIS_RTOS/cmsis_os.o
                0x0000000008007640                osDelay
 .text.osSemaphoreCreate
                0x0000000008007650       0x54 Middlewares/Third_Party/FreeRTOS/Source/CMSIS_RTOS/cmsis_os.o
                0x0000000008007650                osSemaphoreCreate
 .text.osSemaphoreWait
                0x00000000080076a4       0x58 Middlewares/Third_Party/FreeRTOS/Source/CMSIS_RTOS/cmsis_os.o
                0x00000000080076a4                osSemaphoreWait
 .text.osSemaphoreRelease
                0x00000000080076fc       0x50 Middlewares/Third_Party/FreeRTOS/Source/CMSIS_RTOS/cmsis_os.o
                0x00000000080076fc                osSemaphoreRelease
 .text.osSemaphoreDelete
                0x000000000800774c       0x14 Middlewares/Third_Party/FreeRTOS/Source/CMSIS_RTOS/cmsis_os.o
                0x000000000800774c                osSemaphoreDelete
 .text.vListInitialise
                0x0000000008007760       0x18 Middlewares/Third_Party/FreeRTOS/Source/list.o
                0x0000000008007760                vListInitialise
 .text.vListInitialiseItem
                0x0000000008007778        0x8 Middlewares/Third_Party/FreeRTOS/Source/list.o
                0x0000000008007778                vListInitialiseItem
 .text.vListInsertEnd
                0x0000000008007780       0x1c Middlewares/Third_Party/FreeRTOS/Source/list.o
                0x0000000008007780                vListInsertEnd
 .text.vListInsert
                0x000000000800779c       0x34 Middlewares/Third_Party/FreeRTOS/Source/list.o
                0x000000000800779c                vListInsert
 .text.uxListRemove
                0x00000000080077d0       0x28 Middlewares/Third_Party/FreeRTOS/Source/list.o
                0x00000000080077d0                uxListRemove
 .text.prvUnlockQueue
                0x00000000080077f8       0x94 Middlewares/Third_Party/FreeRTOS/Source/queue.o
 .text.xQueueGenericReset
                0x000000000800788c       0x84 Middlewares/Third_Party/FreeRTOS/Source/queue.o
                0x000000000800788c                xQueueGenericReset
 .text.xQueueGenericCreateStatic
                0x0000000008007910       0xa4 Middlewares/Third_Party/FreeRTOS/Source/queue.o
                0x0000000008007910                xQueueGenericCreateStatic
 .text.xQueueGenericCreate
                0x00000000080079b4       0x94 Middlewares/Third_Party/FreeRTOS/Source/queue.o
                0x00000000080079b4                xQueueGenericCreate
 .text.xQueueGenericSend
                0x0000000008007a48      0x324 Middlewares/Third_Party/FreeRTOS/Source/queue.o
                0x0000000008007a48                xQueueGenericSend
 .text.xQueueGiveFromISR
                0x0000000008007d6c       0xac Middlewares/Third_Party/FreeRTOS/Source/queue.o
                0x0000000008007d6c                xQueueGiveFromISR
 .text.xQueueSemaphoreTake
                0x0000000008007e18      0x314 Middlewares/Third_Party/FreeRTOS/Source/queue.o
                0x0000000008007e18                xQueueSemaphoreTake
 .text.xQueueReceiveFromISR
                0x000000000800812c       0xb8 Middlewares/Third_Party/FreeRTOS/Source/queue.o
                0x000000000800812c                xQueueReceiveFromISR
 .text.vQueueDelete
                0x00000000080081e4       0x94 Middlewares/Third_Party/FreeRTOS/Source/queue.o
                0x00000000080081e4                vQueueDelete
 .text.prvAddNewTaskToReadyList
                0x0000000008008278      0x110 Middlewares/Third_Party/FreeRTOS/Source/tasks.o
 .text.prvInitialiseNewTask.isra.2
                0x0000000008008388      0x110 Middlewares/Third_Party/FreeRTOS/Source/tasks.o
 .text.prvAddCurrentTaskToDelayedList
                0x0000000008008498       0x8c Middlewares/Third_Party/FreeRTOS/Source/tasks.o
 .text.prvIdleTask
                0x0000000008008524       0xa0 Middlewares/Third_Party/FreeRTOS/Source/tasks.o
 .text.xTaskCreateStatic
                0x00000000080085c4       0x70 Middlewares/Third_Party/FreeRTOS/Source/tasks.o
                0x00000000080085c4                xTaskCreateStatic
 .text.xTaskCreate
                0x0000000008008634      0x150 Middlewares/Third_Party/FreeRTOS/Source/tasks.o
                0x0000000008008634                xTaskCreate
 .text.vTaskStartScheduler
                0x0000000008008784       0xc0 Middlewares/Third_Party/FreeRTOS/Source/tasks.o
                0x0000000008008784                vTaskStartScheduler
 .text.vTaskSuspendAll
                0x0000000008008844       0x10 Middlewares/Third_Party/FreeRTOS/Source/tasks.o
                0x0000000008008844                vTaskSuspendAll
 .text.xTaskIncrementTick
                0x0000000008008854      0x158 Middlewares/Third_Party/FreeRTOS/Source/tasks.o
                0x0000000008008854                xTaskIncrementTick
 .text.xTaskResumeAll
                0x00000000080089ac      0x114 Middlewares/Third_Party/FreeRTOS/Source/tasks.o
                0x00000000080089ac                xTaskResumeAll
 .text.vTaskDelay
                0x0000000008008ac0       0x48 Middlewares/Third_Party/FreeRTOS/Source/tasks.o
                0x0000000008008ac0                vTaskDelay
 .text.vTaskSwitchContext
                0x0000000008008b08       0x7c Middlewares/Third_Party/FreeRTOS/Source/tasks.o
                0x0000000008008b08                vTaskSwitchContext
 .text.vTaskPlaceOnEventList
                0x0000000008008b84       0xa0 Middlewares/Third_Party/FreeRTOS/Source/tasks.o
                0x0000000008008b84                vTaskPlaceOnEventList
 .text.xTaskRemoveFromEventList
                0x0000000008008c24       0x8c Middlewares/Third_Party/FreeRTOS/Source/tasks.o
                0x0000000008008c24                xTaskRemoveFromEventList
 .text.vTaskInternalSetTimeOutState
                0x0000000008008cb0       0x18 Middlewares/Third_Party/FreeRTOS/Source/tasks.o
                0x0000000008008cb0                vTaskInternalSetTimeOutState
 .text.xTaskCheckForTimeOut
                0x0000000008008cc8       0x8c Middlewares/Third_Party/FreeRTOS/Source/tasks.o
                0x0000000008008cc8                xTaskCheckForTimeOut
 .text.vTaskMissedYield
                0x0000000008008d54        0xc Middlewares/Third_Party/FreeRTOS/Source/tasks.o
                0x0000000008008d54                vTaskMissedYield
 .text.xTaskGetSchedulerState
                0x0000000008008d60       0x20 Middlewares/Third_Party/FreeRTOS/Source/tasks.o
                0x0000000008008d60                xTaskGetSchedulerState
 .text.xTaskPriorityInherit
                0x0000000008008d80       0xac Middlewares/Third_Party/FreeRTOS/Source/tasks.o
                0x0000000008008d80                xTaskPriorityInherit
 .text.xTaskPriorityDisinherit
                0x0000000008008e2c       0xb8 Middlewares/Third_Party/FreeRTOS/Source/tasks.o
                0x0000000008008e2c                xTaskPriorityDisinherit
 .text.vTaskPriorityDisinheritAfterTimeout
                0x0000000008008ee4       0xbc Middlewares/Third_Party/FreeRTOS/Source/tasks.o
                0x0000000008008ee4                vTaskPriorityDisinheritAfterTimeout
 .text.pvTaskIncrementMutexHeldCount
                0x0000000008008fa0       0x18 Middlewares/Third_Party/FreeRTOS/Source/tasks.o
                0x0000000008008fa0                pvTaskIncrementMutexHeldCount
 .text.prvTaskExitError
                0x0000000008008fb8       0x40 Middlewares/Third_Party/FreeRTOS/Source/portable/GCC/ARM_CM3/port.o
 .text.unlikely.prvPortStartFirstTask
                0x0000000008008ff8       0x20 Middlewares/Third_Party/FreeRTOS/Source/portable/GCC/ARM_CM3/port.o
 .text.pxPortInitialiseStack
                0x0000000008009018       0x24 Middlewares/Third_Party/FreeRTOS/Source/portable/GCC/ARM_CM3/port.o
                0x0000000008009018                pxPortInitialiseStack
 *fill*         0x000000000800903c        0x4 
 .text.SVC_Handler
                0x0000000008009040       0x24 Middlewares/Third_Party/FreeRTOS/Source/portable/GCC/ARM_CM3/port.o
                0x0000000008009040                SVC_Handler
 .text.vPortEnterCritical
                0x0000000008009064       0x44 Middlewares/Third_Party/FreeRTOS/Source/portable/GCC/ARM_CM3/port.o
                0x0000000008009064                vPortEnterCritical
 .text.vPortExitCritical
                0x00000000080090a8       0x28 Middlewares/Third_Party/FreeRTOS/Source/portable/GCC/ARM_CM3/port.o
                0x00000000080090a8                vPortExitCritical
 .text.PendSV_Handler
                0x00000000080090d0       0x44 Middlewares/Third_Party/FreeRTOS/Source/portable/GCC/ARM_CM3/port.o
                0x00000000080090d0                PendSV_Handler
 .text.SysTick_Handler
                0x0000000008009114       0x2c Middlewares/Third_Party/FreeRTOS/Source/portable/GCC/ARM_CM3/port.o
                0x0000000008009114                SysTick_Handler
 .text.vPortSetupTimerInterrupt
                0x0000000008009140       0x3c Middlewares/Third_Party/FreeRTOS/Source/portable/GCC/ARM_CM3/port.o
                0x0000000008009140                vPortSetupTimerInterrupt
 .text.xPortStartScheduler
                0x000000000800917c       0xb8 Middlewares/Third_Party/FreeRTOS/Source/portable/GCC/ARM_CM3/port.o
                0x000000000800917c                xPortStartScheduler
 .text.vPortValidateInterruptPriority
                0x0000000008009234       0x5c Middlewares/Third_Party/FreeRTOS/Source/portable/GCC/ARM_CM3/port.o
                0x0000000008009234                vPortValidateInterruptPriority
 .text.unlikely.prvInsertBlockIntoFreeList
                0x0000000008009290       0x50 Middlewares/Third_Party/FreeRTOS/Source/portable/MemMang/heap_4.o
 .text.pvPortMalloc
                0x00000000080092e0      0x128 Middlewares/Third_Party/FreeRTOS/Source/portable/MemMang/heap_4.o
                0x00000000080092e0                pvPortMalloc
 .text.vPortFree
                0x0000000008009408       0x70 Middlewares/Third_Party/FreeRTOS/Source/portable/MemMang/heap_4.o
                0x0000000008009408                vPortFree
 .text.__errno  0x0000000008009478        0xc c:/st/stm32cubeide_1.5.1/stm32cubeide/plugins/com.st.stm32cube.ide.mcu.externaltools.gnu-tools-for-stm32.7-2018-q2-update.win32_1.5.0.202011040924/tools/bin/../lib/gcc/arm-none-eabi/7.3.1/../../../../arm-none-eabi/lib/thumb/v7-m\libc_nano.a(lib_a-errno.o)
                0x0000000008009478                __errno
 .text.__libc_init_array
                0x0000000008009484       0x48 c:/st/stm32cubeide_1.5.1/stm32cubeide/plugins/com.st.stm32cube.ide.mcu.externaltools.gnu-tools-for-stm32.7-2018-q2-update.win32_1.5.0.202011040924/tools/bin/../lib/gcc/arm-none-eabi/7.3.1/../../../../arm-none-eabi/lib/thumb/v7-m\libc_nano.a(lib_a-init.o)
                0x0000000008009484                __libc_init_array
 .text.malloc   0x00000000080094cc       0x10 c:/st/stm32cubeide_1.5.1/stm32cubeide/plugins/com.st.stm32cube.ide.mcu.externaltools.gnu-tools-for-stm32.7-2018-q2-update.win32_1.5.0.202011040924/tools/bin/../lib/gcc/arm-none-eabi/7.3.1/../../../../arm-none-eabi/lib/thumb/v7-m\libc_nano.a(lib_a-malloc.o)
                0x00000000080094cc                malloc
 .text.free     0x00000000080094dc       0x10 c:/st/stm32cubeide_1.5.1/stm32cubeide/plugins/com.st.stm32cube.ide.mcu.externaltools.gnu-tools-for-stm32.7-2018-q2-update.win32_1.5.0.202011040924/tools/bin/../lib/gcc/arm-none-eabi/7.3.1/../../../../arm-none-eabi/lib/thumb/v7-m\libc_nano.a(lib_a-malloc.o)
                0x00000000080094dc                free
 .text.memcpy   0x00000000080094ec       0x16 c:/st/stm32cubeide_1.5.1/stm32cubeide/plugins/com.st.stm32cube.ide.mcu.externaltools.gnu-tools-for-stm32.7-2018-q2-update.win32_1.5.0.202011040924/tools/bin/../lib/gcc/arm-none-eabi/7.3.1/../../../../arm-none-eabi/lib/thumb/v7-m\libc_nano.a(lib_a-memcpy-stub.o)
                0x00000000080094ec                memcpy
 .text.memset   0x0000000008009502       0x10 c:/st/stm32cubeide_1.5.1/stm32cubeide/plugins/com.st.stm32cube.ide.mcu.externaltools.gnu-tools-for-stm32.7-2018-q2-update.win32_1.5.0.202011040924/tools/bin/../lib/gcc/arm-none-eabi/7.3.1/../../../../arm-none-eabi/lib/thumb/v7-m\libc_nano.a(lib_a-memset.o)
                0x0000000008009502                memset
 *fill*         0x0000000008009512        0x2 
 .text._free_r  0x0000000008009514       0x98 c:/st/stm32cubeide_1.5.1/stm32cubeide/plugins/com.st.stm32cube.ide.mcu.externaltools.gnu-tools-for-stm32.7-2018-q2-update.win32_1.5.0.202011040924/tools/bin/../lib/gcc/arm-none-eabi/7.3.1/../../../../arm-none-eabi/lib/thumb/v7-m\libc_nano.a(lib_a-nano-freer.o)
                0x0000000008009514                _free_r
 .text._malloc_r
                0x00000000080095ac       0xb4 c:/st/stm32cubeide_1.5.1/stm32cubeide/plugins/com.st.stm32cube.ide.mcu.externaltools.gnu-tools-for-stm32.7-2018-q2-update.win32_1.5.0.202011040924/tools/bin/../lib/gcc/arm-none-eabi/7.3.1/../../../../arm-none-eabi/lib/thumb/v7-m\libc_nano.a(lib_a-nano-mallocr.o)
                0x00000000080095ac                _malloc_r
 .text._sbrk_r  0x0000000008009660       0x20 c:/st/stm32cubeide_1.5.1/stm32cubeide/plugins/com.st.stm32cube.ide.mcu.externaltools.gnu-tools-for-stm32.7-2018-q2-update.win32_1.5.0.202011040924/tools/bin/../lib/gcc/arm-none-eabi/7.3.1/../../../../arm-none-eabi/lib/thumb/v7-m\libc_nano.a(lib_a-sbrkr.o)
                0x0000000008009660                _sbrk_r
 .text.__malloc_lock
                0x0000000008009680        0x2 c:/st/stm32cubeide_1.5.1/stm32cubeide/plugins/com.st.stm32cube.ide.mcu.externaltools.gnu-tools-for-stm32.7-2018-q2-update.win32_1.5.0.202011040924/tools/bin/../lib/gcc/arm-none-eabi/7.3.1/../../../../arm-none-eabi/lib/thumb/v7-m\libc_nano.a(lib_a-mlock.o)
                0x0000000008009680                __malloc_lock
 .text.__malloc_unlock
                0x0000000008009682        0x2 c:/st/stm32cubeide_1.5.1/stm32cubeide/plugins/com.st.stm32cube.ide.mcu.externaltools.gnu-tools-for-stm32.7-2018-q2-update.win32_1.5.0.202011040924/tools/bin/../lib/gcc/arm-none-eabi/7.3.1/../../../../arm-none-eabi/lib/thumb/v7-m\libc_nano.a(lib_a-mlock.o)
                0x0000000008009682                __malloc_unlock
 *(.glue_7)
 .glue_7        0x0000000008009684        0x0 linker stubs
 *(.glue_7t)
 .glue_7t       0x0000000008009684        0x0 linker stubs
 *(.eh_frame)
 .eh_frame      0x0000000008009684        0x0 c:/st/stm32cubeide_1.5.1/stm32cubeide/plugins/com.st.stm32cube.ide.mcu.externaltools.gnu-tools-for-stm32.7-2018-q2-update.win32_1.5.0.202011040924/tools/bin/../lib/gcc/arm-none-eabi/7.3.1/thumb/v7-m/crtbegin.o
 *(.init)
 .init          0x0000000008009684        0x4 c:/st/stm32cubeide_1.5.1/stm32cubeide/plugins/com.st.stm32cube.ide.mcu.externaltools.gnu-tools-for-stm32.7-2018-q2-update.win32_1.5.0.202011040924/tools/bin/../lib/gcc/arm-none-eabi/7.3.1/thumb/v7-m/crti.o
                0x0000000008009684                _init
 .init          0x0000000008009688        0x8 c:/st/stm32cubeide_1.5.1/stm32cubeide/plugins/com.st.stm32cube.ide.mcu.externaltools.gnu-tools-for-stm32.7-2018-q2-update.win32_1.5.0.202011040924/tools/bin/../lib/gcc/arm-none-eabi/7.3.1/thumb/v7-m/crtn.o
 *(.fini)
 .fini          0x0000000008009690        0x4 c:/st/stm32cubeide_1.5.1/stm32cubeide/plugins/com.st.stm32cube.ide.mcu.externaltools.gnu-tools-for-stm32.7-2018-q2-update.win32_1.5.0.202011040924/tools/bin/../lib/gcc/arm-none-eabi/7.3.1/thumb/v7-m/crti.o
                0x0000000008009690                _fini
 .fini          0x0000000008009694        0x8 c:/st/stm32cubeide_1.5.1/stm32cubeide/plugins/com.st.stm32cube.ide.mcu.externaltools.gnu-tools-for-stm32.7-2018-q2-update.win32_1.5.0.202011040924/tools/bin/../lib/gcc/arm-none-eabi/7.3.1/thumb/v7-m/crtn.o
                0x000000000800969c                . = ALIGN (0x4)
                0x000000000800969c                _etext = .

.vfp11_veneer   0x000000000800969c        0x0
 .vfp11_veneer  0x000000000800969c        0x0 linker stubs

.v4_bx          0x000000000800969c        0x0
 .v4_bx         0x000000000800969c        0x0 linker stubs

.iplt           0x000000000800969c        0x0
 .iplt          0x000000000800969c        0x0 c:/st/stm32cubeide_1.5.1/stm32cubeide/plugins/com.st.stm32cube.ide.mcu.externaltools.gnu-tools-for-stm32.7-2018-q2-update.win32_1.5.0.202011040924/tools/bin/../lib/gcc/arm-none-eabi/7.3.1/thumb/v7-m/crtbegin.o

.rodata         0x000000000800969c    0x21928
                0x000000000800969c                . = ALIGN (0x4)
 *(.rodata)
 .rodata        0x000000000800969c       0x38 Core/Src/main.o
 *(.rodata*)
 .rodata.str1.4
                0x00000000080096d4       0x15 Core/Src/main.o
 *fill*         0x00000000080096e9        0x3 
 .rodata.AHBPrescTable
                0x00000000080096ec       0x10 Core/Src/system_stm32f2xx.o
                0x00000000080096ec                AHBPrescTable
 .rodata.APBPrescTable
                0x00000000080096fc        0x8 Core/Src/system_stm32f2xx.o
                0x00000000080096fc                APBPrescTable
 .rodata.flagBitshiftOffset.6860
                0x0000000008009704        0x8 Drivers/STM32F2xx_HAL_Driver/Src/stm32f2xx_hal_dma.o
 .rodata.follow_path.str1.4
                0x000000000800970c       0x13 Middlewares/Third_Party/FatFs/src/ff.o
 *fill*         0x000000000800971f        0x1 
 .rodata.SD_Driver
                0x0000000008009720       0x14 Middlewares/Third_Party/FatFs/src/drivers/sd_diskio.o
                0x0000000008009720                SD_Driver
 .rodata.oem2uni
                0x0000000008009734    0x10a64 Middlewares/Third_Party/FatFs/src/option/cc949.o
 .rodata.tbl_lower.7833
                0x000000000801a198      0x1e0 Middlewares/Third_Party/FatFs/src/option/cc949.o
 .rodata.tbl_upper.7834
                0x000000000801a378      0x1e0 Middlewares/Third_Party/FatFs/src/option/cc949.o
 .rodata.uni2oem
                0x000000000801a558    0x10a64 Middlewares/Third_Party/FatFs/src/option/cc949.o
 .rodata.vTaskStartScheduler.str1.4
                0x000000000802afbc        0x8 Middlewares/Third_Party/FreeRTOS/Source/tasks.o
                                          0x5 (size before relaxing)
                0x000000000802afc4                . = ALIGN (0x4)

.ARM.extab      0x000000000802afc4        0x0
                0x000000000802afc4                . = ALIGN (0x4)
 *(.ARM.extab* .gnu.linkonce.armextab.*)
                0x000000000802afc4                . = ALIGN (0x4)

.ARM            0x000000000802afc4        0x8
                0x000000000802afc4                . = ALIGN (0x4)
                0x000000000802afc4                __exidx_start = .
 *(.ARM.exidx*)
 .ARM.exidx     0x000000000802afc4        0x8 c:/st/stm32cubeide_1.5.1/stm32cubeide/plugins/com.st.stm32cube.ide.mcu.externaltools.gnu-tools-for-stm32.7-2018-q2-update.win32_1.5.0.202011040924/tools/bin/../lib/gcc/arm-none-eabi/7.3.1/thumb/v7-m\libgcc.a(_udivmoddi4.o)
                0x000000000802afcc                __exidx_end = .
                0x000000000802afcc                . = ALIGN (0x4)

.rel.dyn        0x000000000802afcc        0x0
 .rel.iplt      0x000000000802afcc        0x0 c:/st/stm32cubeide_1.5.1/stm32cubeide/plugins/com.st.stm32cube.ide.mcu.externaltools.gnu-tools-for-stm32.7-2018-q2-update.win32_1.5.0.202011040924/tools/bin/../lib/gcc/arm-none-eabi/7.3.1/thumb/v7-m/crtbegin.o

.preinit_array  0x000000000802afcc        0x0
                0x000000000802afcc                . = ALIGN (0x4)
                0x000000000802afcc                PROVIDE (__preinit_array_start = .)
 *(.preinit_array*)
                0x000000000802afcc                PROVIDE (__preinit_array_end = .)
                0x000000000802afcc                . = ALIGN (0x4)

.init_array     0x000000000802afcc        0x4
                0x000000000802afcc                . = ALIGN (0x4)
                0x000000000802afcc                PROVIDE (__init_array_start = .)
 *(SORT_BY_NAME(.init_array.*))
 *(.init_array*)
 .init_array    0x000000000802afcc        0x4 c:/st/stm32cubeide_1.5.1/stm32cubeide/plugins/com.st.stm32cube.ide.mcu.externaltools.gnu-tools-for-stm32.7-2018-q2-update.win32_1.5.0.202011040924/tools/bin/../lib/gcc/arm-none-eabi/7.3.1/thumb/v7-m/crtbegin.o
                0x000000000802afd0                PROVIDE (__init_array_end = .)
                0x000000000802afd0                . = ALIGN (0x4)

.fini_array     0x000000000802afd0        0x4
                0x000000000802afd0                . = ALIGN (0x4)
                [!provide]                        PROVIDE (__fini_array_start = .)
 *(SORT_BY_NAME(.fini_array.*))
 *(.fini_array*)
 .fini_array    0x000000000802afd0        0x4 c:/st/stm32cubeide_1.5.1/stm32cubeide/plugins/com.st.stm32cube.ide.mcu.externaltools.gnu-tools-for-stm32.7-2018-q2-update.win32_1.5.0.202011040924/tools/bin/../lib/gcc/arm-none-eabi/7.3.1/thumb/v7-m/crtbegin.o
                [!provide]                        PROVIDE (__fini_array_end = .)
                0x000000000802afd4                . = ALIGN (0x4)
                0x000000000802afd4                _sidata = LOADADDR (.data)

.data           0x0000000020000000       0xbc load address 0x000000000802afd4
                0x0000000020000000                . = ALIGN (0x4)
                0x0000000020000000                _sdata = .
 *(.data)
 *(.data*)
 .data.alaram   0x0000000020000000       0x32 Core/Src/main.o
                0x0000000020000000                alaram
 *fill*         0x0000000020000032        0x2 
 .data.fName    0x0000000020000034        0xe Core/Src/main.o
                0x0000000020000034                fName
 *fill*         0x0000000020000042        0x2 
 .data.SystemCoreClock
                0x0000000020000044        0x4 Core/Src/system_stm32f2xx.o
                0x0000000020000044                SystemCoreClock
 .data.uwTickFreq
                0x0000000020000048        0x1 Drivers/STM32F2xx_HAL_Driver/Src/stm32f2xx_hal.o
                0x0000000020000048                uwTickFreq
 *fill*         0x0000000020000049        0x3 
 .data.uwTickPrio
                0x000000002000004c        0x4 Drivers/STM32F2xx_HAL_Driver/Src/stm32f2xx_hal.o
                0x000000002000004c                uwTickPrio
 .data.Stat     0x0000000020000050        0x1 Middlewares/Third_Party/FatFs/src/drivers/sd_diskio.o
 *fill*         0x0000000020000051        0x3 
 .data.uxCriticalNesting
                0x0000000020000054        0x4 Middlewares/Third_Party/FreeRTOS/Source/portable/GCC/ARM_CM3/port.o
 .data._impure_ptr
                0x0000000020000058        0x4 c:/st/stm32cubeide_1.5.1/stm32cubeide/plugins/com.st.stm32cube.ide.mcu.externaltools.gnu-tools-for-stm32.7-2018-q2-update.win32_1.5.0.202011040924/tools/bin/../lib/gcc/arm-none-eabi/7.3.1/../../../../arm-none-eabi/lib/thumb/v7-m\libc_nano.a(lib_a-impure.o)
                0x0000000020000058                _impure_ptr
 .data.impure_data
                0x000000002000005c       0x60 c:/st/stm32cubeide_1.5.1/stm32cubeide/plugins/com.st.stm32cube.ide.mcu.externaltools.gnu-tools-for-stm32.7-2018-q2-update.win32_1.5.0.202011040924/tools/bin/../lib/gcc/arm-none-eabi/7.3.1/../../../../arm-none-eabi/lib/thumb/v7-m\libc_nano.a(lib_a-impure.o)
                0x00000000200000bc                . = ALIGN (0x4)
                0x00000000200000bc                _edata = .

.igot.plt       0x00000000200000bc        0x0 load address 0x000000000802b090
 .igot.plt      0x00000000200000bc        0x0 c:/st/stm32cubeide_1.5.1/stm32cubeide/plugins/com.st.stm32cube.ide.mcu.externaltools.gnu-tools-for-stm32.7-2018-q2-update.win32_1.5.0.202011040924/tools/bin/../lib/gcc/arm-none-eabi/7.3.1/thumb/v7-m/crtbegin.o
                0x00000000200000bc                . = ALIGN (0x4)

.bss            0x00000000200000bc     0x4af4 load address 0x000000000802b090
                0x00000000200000bc                _sbss = .
                0x00000000200000bc                __bss_start__ = _sbss
 *(.bss)
 .bss           0x00000000200000bc       0x1c c:/st/stm32cubeide_1.5.1/stm32cubeide/plugins/com.st.stm32cube.ide.mcu.externaltools.gnu-tools-for-stm32.7-2018-q2-update.win32_1.5.0.202011040924/tools/bin/../lib/gcc/arm-none-eabi/7.3.1/thumb/v7-m/crtbegin.o
 *(.bss*)
 .bss.xIdleStack
                0x00000000200000d8      0x200 Core/Src/freertos.o
 .bss.xIdleTaskTCBBuffer
                0x00000000200002d8       0x54 Core/Src/freertos.o
 .bss.bytesCnt  0x000000002000032c        0x4 Core/Src/main.o
                0x000000002000032c                bytesCnt
 .bss.fileOnce  0x0000000020000330        0x1 Core/Src/main.o
                0x0000000020000330                fileOnce
 *fill*         0x0000000020000331        0x3 
 .bss.__sbrk_heap_end
                0x0000000020000334        0x4 Core/Src/sysmem.o
 .bss.FatFs     0x0000000020000338        0x4 Middlewares/Third_Party/FatFs/src/ff.o
 .bss.Files     0x000000002000033c       0x18 Middlewares/Third_Party/FatFs/src/ff.o
 .bss.Fsid      0x0000000020000354        0x2 Middlewares/Third_Party/FatFs/src/ff.o
 *fill*         0x0000000020000356        0x2 
 .bss.disk      0x0000000020000358        0xc Middlewares/Third_Party/FatFs/src/ff_gen_drv.o
                0x0000000020000358                disk
 .bss.pxCurrentTCB
                0x0000000020000364        0x4 Middlewares/Third_Party/FreeRTOS/Source/tasks.o
                0x0000000020000364                pxCurrentTCB
 .bss.pxDelayedTaskList
                0x0000000020000368        0x4 Middlewares/Third_Party/FreeRTOS/Source/tasks.o
 .bss.pxOverflowDelayedTaskList
                0x000000002000036c        0x4 Middlewares/Third_Party/FreeRTOS/Source/tasks.o
 .bss.pxReadyTasksLists
                0x0000000020000370       0x8c Middlewares/Third_Party/FreeRTOS/Source/tasks.o
 .bss.uxCurrentNumberOfTasks
                0x00000000200003fc        0x4 Middlewares/Third_Party/FreeRTOS/Source/tasks.o
 .bss.uxDeletedTasksWaitingCleanUp
                0x0000000020000400        0x4 Middlewares/Third_Party/FreeRTOS/Source/tasks.o
 .bss.uxPendedTicks
                0x0000000020000404        0x4 Middlewares/Third_Party/FreeRTOS/Source/tasks.o
 .bss.uxSchedulerSuspended
                0x0000000020000408        0x4 Middlewares/Third_Party/FreeRTOS/Source/tasks.o
 .bss.uxTaskNumber
                0x000000002000040c        0x4 Middlewares/Third_Party/FreeRTOS/Source/tasks.o
 .bss.uxTopReadyPriority
                0x0000000020000410        0x4 Middlewares/Third_Party/FreeRTOS/Source/tasks.o
 .bss.xDelayedTaskList1
                0x0000000020000414       0x14 Middlewares/Third_Party/FreeRTOS/Source/tasks.o
 .bss.xDelayedTaskList2
                0x0000000020000428       0x14 Middlewares/Third_Party/FreeRTOS/Source/tasks.o
 .bss.xNextTaskUnblockTime
                0x000000002000043c        0x4 Middlewares/Third_Party/FreeRTOS/Source/tasks.o
 .bss.xNumOfOverflows
                0x0000000020000440        0x4 Middlewares/Third_Party/FreeRTOS/Source/tasks.o
 .bss.xPendingReadyList
                0x0000000020000444       0x14 Middlewares/Third_Party/FreeRTOS/Source/tasks.o
 .bss.xSchedulerRunning
                0x0000000020000458        0x4 Middlewares/Third_Party/FreeRTOS/Source/tasks.o
 .bss.xSuspendedTaskList
                0x000000002000045c       0x14 Middlewares/Third_Party/FreeRTOS/Source/tasks.o
 .bss.xTasksWaitingTermination
                0x0000000020000470       0x14 Middlewares/Third_Party/FreeRTOS/Source/tasks.o
 .bss.xTickCount
                0x0000000020000484        0x4 Middlewares/Third_Party/FreeRTOS/Source/tasks.o
 .bss.xYieldPending
                0x0000000020000488        0x4 Middlewares/Third_Party/FreeRTOS/Source/tasks.o
 .bss.ucMaxSysCallPriority
                0x000000002000048c        0x1 Middlewares/Third_Party/FreeRTOS/Source/portable/GCC/ARM_CM3/port.o
 *fill*         0x000000002000048d        0x3 
 .bss.ulMaxPRIGROUPValue
                0x0000000020000490        0x4 Middlewares/Third_Party/FreeRTOS/Source/portable/GCC/ARM_CM3/port.o
 .bss.pxEnd     0x0000000020000494        0x4 Middlewares/Third_Party/FreeRTOS/Source/portable/MemMang/heap_4.o
 .bss.ucHeap    0x0000000020000498     0x3c00 Middlewares/Third_Party/FreeRTOS/Source/portable/MemMang/heap_4.o
 .bss.xBlockAllocatedBit
                0x0000000020004098        0x4 Middlewares/Third_Party/FreeRTOS/Source/portable/MemMang/heap_4.o
 .bss.xFreeBytesRemaining
                0x000000002000409c        0x4 Middlewares/Third_Party/FreeRTOS/Source/portable/MemMang/heap_4.o
 .bss.xMinimumEverFreeBytesRemaining
                0x00000000200040a0        0x4 Middlewares/Third_Party/FreeRTOS/Source/portable/MemMang/heap_4.o
 .bss.xStart    0x00000000200040a4        0x8 Middlewares/Third_Party/FreeRTOS/Source/portable/MemMang/heap_4.o
 .bss.__malloc_free_list
                0x00000000200040ac        0x4 c:/st/stm32cubeide_1.5.1/stm32cubeide/plugins/com.st.stm32cube.ide.mcu.externaltools.gnu-tools-for-stm32.7-2018-q2-update.win32_1.5.0.202011040924/tools/bin/../lib/gcc/arm-none-eabi/7.3.1/../../../../arm-none-eabi/lib/thumb/v7-m\libc_nano.a(lib_a-nano-mallocr.o)
                0x00000000200040ac                __malloc_free_list
 .bss.__malloc_sbrk_start
                0x00000000200040b0        0x4 c:/st/stm32cubeide_1.5.1/stm32cubeide/plugins/com.st.stm32cube.ide.mcu.externaltools.gnu-tools-for-stm32.7-2018-q2-update.win32_1.5.0.202011040924/tools/bin/../lib/gcc/arm-none-eabi/7.3.1/../../../../arm-none-eabi/lib/thumb/v7-m\libc_nano.a(lib_a-nano-mallocr.o)
                0x00000000200040b0                __malloc_sbrk_start
 *(COMMON)
 COMMON         0x00000000200040b4      0x608 Core/Src/main.o
                0x00000000200040b4                hdma_sdio_rx
                0x0000000020004114                huart3
                0x0000000020004154                string
                0x0000000020004168                LED_TaskHandle
                0x000000002000416c                SDPath
                0x0000000020004170                SDFatFs
                0x00000000200043a4                hdma_sdio_tx
                0x0000000020004404                hsd
                0x0000000020004488                MyFile
                0x00000000200046b4                res
                0x00000000200046b8                uSD_TaskHandle
 COMMON         0x00000000200046bc       0x48 Core/Src/stm32f2xx_hal_timebase_tim.o
                0x00000000200046bc                htim9
 COMMON         0x0000000020004704        0x4 Drivers/STM32F2xx_HAL_Driver/Src/stm32f2xx_hal.o
                0x0000000020004704                uwTick
 COMMON         0x0000000020004708      0x464 FATFS/App/fatfs.o
                0x0000000020004708                retSD
                0x000000002000470c                SDFile
                0x0000000020004938                SDFatFS
 COMMON         0x0000000020004b6c       0x40 Middlewares/Third_Party/FreeRTOS/Source/queue.o
                0x0000000020004b6c                xQueueRegistry
 COMMON         0x0000000020004bac        0x4 c:/st/stm32cubeide_1.5.1/stm32cubeide/plugins/com.st.stm32cube.ide.mcu.externaltools.gnu-tools-for-stm32.7-2018-q2-update.win32_1.5.0.202011040924/tools/bin/../lib/gcc/arm-none-eabi/7.3.1/../../../../arm-none-eabi/lib/thumb/v7-m\libc_nano.a(lib_a-reent.o)
                0x0000000020004bac                errno
                0x0000000020004bb0                . = ALIGN (0x4)
                0x0000000020004bb0                _ebss = .
                0x0000000020004bb0                __bss_end__ = _ebss

._user_heap_stack
                0x0000000020004bb0      0x600 load address 0x000000000802b090
                0x0000000020004bb0                . = ALIGN (0x8)
                [!provide]                        PROVIDE (end = .)
                0x0000000020004bb0                PROVIDE (_end = .)
                0x0000000020004db0                . = (. + _Min_Heap_Size)
 *fill*         0x0000000020004bb0      0x200 
                0x00000000200051b0                . = (. + _Min_Stack_Size)
 *fill*         0x0000000020004db0      0x400 
                0x00000000200051b0                . = ALIGN (0x8)

/DISCARD/
 libc.a(*)
 libm.a(*)
 libgcc.a(*)

.ARM.attributes
                0x0000000000000000       0x29
 *(.ARM.attributes)
 .ARM.attributes
                0x0000000000000000       0x1d c:/st/stm32cubeide_1.5.1/stm32cubeide/plugins/com.st.stm32cube.ide.mcu.externaltools.gnu-tools-for-stm32.7-2018-q2-update.win32_1.5.0.202011040924/tools/bin/../lib/gcc/arm-none-eabi/7.3.1/thumb/v7-m/crti.o
 .ARM.attributes
                0x000000000000001d       0x2d c:/st/stm32cubeide_1.5.1/stm32cubeide/plugins/com.st.stm32cube.ide.mcu.externaltools.gnu-tools-for-stm32.7-2018-q2-update.win32_1.5.0.202011040924/tools/bin/../lib/gcc/arm-none-eabi/7.3.1/thumb/v7-m/crtbegin.o
 .ARM.attributes
                0x000000000000004a       0x33 Core/Src/freertos.o
 .ARM.attributes
                0x000000000000007d       0x33 Core/Src/main.o
 .ARM.attributes
                0x00000000000000b0       0x33 Core/Src/stm32f2xx_hal_msp.o
 .ARM.attributes
                0x00000000000000e3       0x33 Core/Src/stm32f2xx_hal_timebase_tim.o
 .ARM.attributes
                0x0000000000000116       0x33 Core/Src/stm32f2xx_it.o
 .ARM.attributes
                0x0000000000000149       0x33 Core/Src/sysmem.o
 .ARM.attributes
                0x000000000000017c       0x33 Core/Src/system_stm32f2xx.o
 .ARM.attributes
                0x00000000000001af       0x21 Core/Startup/startup_stm32f207zgtx.o
 .ARM.attributes
                0x00000000000001d0       0x33 Drivers/STM32F2xx_HAL_Driver/Src/stm32f2xx_hal.o
 .ARM.attributes
                0x0000000000000203       0x33 Drivers/STM32F2xx_HAL_Driver/Src/stm32f2xx_hal_cortex.o
 .ARM.attributes
                0x0000000000000236       0x33 Drivers/STM32F2xx_HAL_Driver/Src/stm32f2xx_hal_dma.o
 .ARM.attributes
                0x0000000000000269       0x33 Drivers/STM32F2xx_HAL_Driver/Src/stm32f2xx_hal_gpio.o
 .ARM.attributes
                0x000000000000029c       0x33 Drivers/STM32F2xx_HAL_Driver/Src/stm32f2xx_hal_rcc.o
 .ARM.attributes
                0x00000000000002cf       0x33 Drivers/STM32F2xx_HAL_Driver/Src/stm32f2xx_hal_sd.o
 .ARM.attributes
                0x0000000000000302       0x33 Drivers/STM32F2xx_HAL_Driver/Src/stm32f2xx_hal_tim.o
 .ARM.attributes
                0x0000000000000335       0x33 Drivers/STM32F2xx_HAL_Driver/Src/stm32f2xx_hal_tim_ex.o
 .ARM.attributes
                0x0000000000000368       0x33 Drivers/STM32F2xx_HAL_Driver/Src/stm32f2xx_hal_uart.o
 .ARM.attributes
                0x000000000000039b       0x33 Drivers/STM32F2xx_HAL_Driver/Src/stm32f2xx_ll_sdmmc.o
 .ARM.attributes
                0x00000000000003ce       0x33 FATFS/App/fatfs.o
 .ARM.attributes
                0x0000000000000401       0x33 FATFS/Target/bsp_driver_sd.o
 .ARM.attributes
                0x0000000000000434       0x33 FATFS/Target/fatfs_platform.o
 .ARM.attributes
                0x0000000000000467       0x33 Middlewares/Third_Party/FatFs/src/diskio.o
 .ARM.attributes
                0x000000000000049a       0x33 Middlewares/Third_Party/FatFs/src/ff.o
 .ARM.attributes
                0x00000000000004cd       0x33 Middlewares/Third_Party/FatFs/src/ff_gen_drv.o
 .ARM.attributes
                0x0000000000000500       0x33 Middlewares/Third_Party/FatFs/src/drivers/sd_diskio.o
 .ARM.attributes
                0x0000000000000533       0x33 Middlewares/Third_Party/FatFs/src/option/cc949.o
 .ARM.attributes
                0x0000000000000566       0x33 Middlewares/Third_Party/FatFs/src/option/syscall.o
 .ARM.attributes
                0x0000000000000599       0x33 Middlewares/Third_Party/FreeRTOS/Source/CMSIS_RTOS/cmsis_os.o
 .ARM.attributes
                0x00000000000005cc       0x33 Middlewares/Third_Party/FreeRTOS/Source/list.o
 .ARM.attributes
                0x00000000000005ff       0x33 Middlewares/Third_Party/FreeRTOS/Source/queue.o
 .ARM.attributes
                0x0000000000000632       0x33 Middlewares/Third_Party/FreeRTOS/Source/tasks.o
 .ARM.attributes
                0x0000000000000665       0x33 Middlewares/Third_Party/FreeRTOS/Source/portable/GCC/ARM_CM3/port.o
 .ARM.attributes
                0x0000000000000698       0x33 Middlewares/Third_Party/FreeRTOS/Source/portable/MemMang/heap_4.o
 .ARM.attributes
                0x00000000000006cb       0x2d c:/st/stm32cubeide_1.5.1/stm32cubeide/plugins/com.st.stm32cube.ide.mcu.externaltools.gnu-tools-for-stm32.7-2018-q2-update.win32_1.5.0.202011040924/tools/bin/../lib/gcc/arm-none-eabi/7.3.1/../../../../arm-none-eabi/lib/thumb/v7-m\libc_nano.a(lib_a-errno.o)
 .ARM.attributes
                0x00000000000006f8       0x2d c:/st/stm32cubeide_1.5.1/stm32cubeide/plugins/com.st.stm32cube.ide.mcu.externaltools.gnu-tools-for-stm32.7-2018-q2-update.win32_1.5.0.202011040924/tools/bin/../lib/gcc/arm-none-eabi/7.3.1/../../../../arm-none-eabi/lib/thumb/v7-m\libc_nano.a(lib_a-impure.o)
 .ARM.attributes
                0x0000000000000725       0x2d c:/st/stm32cubeide_1.5.1/stm32cubeide/plugins/com.st.stm32cube.ide.mcu.externaltools.gnu-tools-for-stm32.7-2018-q2-update.win32_1.5.0.202011040924/tools/bin/../lib/gcc/arm-none-eabi/7.3.1/../../../../arm-none-eabi/lib/thumb/v7-m\libc_nano.a(lib_a-init.o)
 .ARM.attributes
                0x0000000000000752       0x2d c:/st/stm32cubeide_1.5.1/stm32cubeide/plugins/com.st.stm32cube.ide.mcu.externaltools.gnu-tools-for-stm32.7-2018-q2-update.win32_1.5.0.202011040924/tools/bin/../lib/gcc/arm-none-eabi/7.3.1/../../../../arm-none-eabi/lib/thumb/v7-m\libc_nano.a(lib_a-malloc.o)
 .ARM.attributes
                0x000000000000077f       0x2d c:/st/stm32cubeide_1.5.1/stm32cubeide/plugins/com.st.stm32cube.ide.mcu.externaltools.gnu-tools-for-stm32.7-2018-q2-update.win32_1.5.0.202011040924/tools/bin/../lib/gcc/arm-none-eabi/7.3.1/../../../../arm-none-eabi/lib/thumb/v7-m\libc_nano.a(lib_a-memcpy-stub.o)
 .ARM.attributes
                0x00000000000007ac       0x2d c:/st/stm32cubeide_1.5.1/stm32cubeide/plugins/com.st.stm32cube.ide.mcu.externaltools.gnu-tools-for-stm32.7-2018-q2-update.win32_1.5.0.202011040924/tools/bin/../lib/gcc/arm-none-eabi/7.3.1/../../../../arm-none-eabi/lib/thumb/v7-m\libc_nano.a(lib_a-memset.o)
 .ARM.attributes
                0x00000000000007d9       0x2d c:/st/stm32cubeide_1.5.1/stm32cubeide/plugins/com.st.stm32cube.ide.mcu.externaltools.gnu-tools-for-stm32.7-2018-q2-update.win32_1.5.0.202011040924/tools/bin/../lib/gcc/arm-none-eabi/7.3.1/../../../../arm-none-eabi/lib/thumb/v7-m\libc_nano.a(lib_a-nano-freer.o)
 .ARM.attributes
                0x0000000000000806       0x2d c:/st/stm32cubeide_1.5.1/stm32cubeide/plugins/com.st.stm32cube.ide.mcu.externaltools.gnu-tools-for-stm32.7-2018-q2-update.win32_1.5.0.202011040924/tools/bin/../lib/gcc/arm-none-eabi/7.3.1/../../../../arm-none-eabi/lib/thumb/v7-m\libc_nano.a(lib_a-nano-mallocr.o)
 .ARM.attributes
                0x0000000000000833       0x2d c:/st/stm32cubeide_1.5.1/stm32cubeide/plugins/com.st.stm32cube.ide.mcu.externaltools.gnu-tools-for-stm32.7-2018-q2-update.win32_1.5.0.202011040924/tools/bin/../lib/gcc/arm-none-eabi/7.3.1/../../../../arm-none-eabi/lib/thumb/v7-m\libc_nano.a(lib_a-sbrkr.o)
 .ARM.attributes
                0x0000000000000860       0x2d c:/st/stm32cubeide_1.5.1/stm32cubeide/plugins/com.st.stm32cube.ide.mcu.externaltools.gnu-tools-for-stm32.7-2018-q2-update.win32_1.5.0.202011040924/tools/bin/../lib/gcc/arm-none-eabi/7.3.1/../../../../arm-none-eabi/lib/thumb/v7-m\libc_nano.a(lib_a-mlock.o)
 .ARM.attributes
                0x000000000000088d       0x2d c:/st/stm32cubeide_1.5.1/stm32cubeide/plugins/com.st.stm32cube.ide.mcu.externaltools.gnu-tools-for-stm32.7-2018-q2-update.win32_1.5.0.202011040924/tools/bin/../lib/gcc/arm-none-eabi/7.3.1/../../../../arm-none-eabi/lib/thumb/v7-m\libc_nano.a(lib_a-reent.o)
 .ARM.attributes
                0x00000000000008ba       0x1d c:/st/stm32cubeide_1.5.1/stm32cubeide/plugins/com.st.stm32cube.ide.mcu.externaltools.gnu-tools-for-stm32.7-2018-q2-update.win32_1.5.0.202011040924/tools/bin/../lib/gcc/arm-none-eabi/7.3.1/thumb/v7-m\libgcc.a(_aeabi_uldivmod.o)
 .ARM.attributes
                0x00000000000008d7       0x2d c:/st/stm32cubeide_1.5.1/stm32cubeide/plugins/com.st.stm32cube.ide.mcu.externaltools.gnu-tools-for-stm32.7-2018-q2-update.win32_1.5.0.202011040924/tools/bin/../lib/gcc/arm-none-eabi/7.3.1/thumb/v7-m\libgcc.a(_udivmoddi4.o)
 .ARM.attributes
                0x0000000000000904       0x1d c:/st/stm32cubeide_1.5.1/stm32cubeide/plugins/com.st.stm32cube.ide.mcu.externaltools.gnu-tools-for-stm32.7-2018-q2-update.win32_1.5.0.202011040924/tools/bin/../lib/gcc/arm-none-eabi/7.3.1/thumb/v7-m\libgcc.a(_dvmd_tls.o)
 .ARM.attributes
                0x0000000000000921       0x1d c:/st/stm32cubeide_1.5.1/stm32cubeide/plugins/com.st.stm32cube.ide.mcu.externaltools.gnu-tools-for-stm32.7-2018-q2-update.win32_1.5.0.202011040924/tools/bin/../lib/gcc/arm-none-eabi/7.3.1/thumb/v7-m/crtn.o
OUTPUT(RTOS_SDIO_TEST_F207ZG.elf elf32-littlearm)

.debug_info     0x0000000000000000    0x32390
 .debug_info    0x0000000000000000      0x341 Core/Src/freertos.o
 .debug_info    0x0000000000000341     0x2713 Core/Src/main.o
 .debug_info    0x0000000000002a54     0x112a Core/Src/stm32f2xx_hal_msp.o
 .debug_info    0x0000000000003b7e      0xc96 Core/Src/stm32f2xx_hal_timebase_tim.o
 .debug_info    0x0000000000004814      0xc06 Core/Src/stm32f2xx_it.o
 .debug_info    0x000000000000541a      0x99d Core/Src/sysmem.o
 .debug_info    0x0000000000005db7      0x559 Core/Src/system_stm32f2xx.o
 .debug_info    0x0000000000006310       0x22 Core/Startup/startup_stm32f207zgtx.o
 .debug_info    0x0000000000006332      0xa92 Drivers/STM32F2xx_HAL_Driver/Src/stm32f2xx_hal.o
 .debug_info    0x0000000000006dc4      0xf8a Drivers/STM32F2xx_HAL_Driver/Src/stm32f2xx_hal_cortex.o
 .debug_info    0x0000000000007d4e      0xb0e Drivers/STM32F2xx_HAL_Driver/Src/stm32f2xx_hal_dma.o
 .debug_info    0x000000000000885c      0x79e Drivers/STM32F2xx_HAL_Driver/Src/stm32f2xx_hal_gpio.o
 .debug_info    0x0000000000008ffa      0xd49 Drivers/STM32F2xx_HAL_Driver/Src/stm32f2xx_hal_rcc.o
 .debug_info    0x0000000000009d43     0x280d Drivers/STM32F2xx_HAL_Driver/Src/stm32f2xx_hal_sd.o
 .debug_info    0x000000000000c550     0x42ee Drivers/STM32F2xx_HAL_Driver/Src/stm32f2xx_hal_tim.o
 .debug_info    0x000000000001083e     0x18bd Drivers/STM32F2xx_HAL_Driver/Src/stm32f2xx_hal_tim_ex.o
 .debug_info    0x00000000000120fb     0x17f3 Drivers/STM32F2xx_HAL_Driver/Src/stm32f2xx_hal_uart.o
 .debug_info    0x00000000000138ee     0x21b1 Drivers/STM32F2xx_HAL_Driver/Src/stm32f2xx_ll_sdmmc.o
 .debug_info    0x0000000000015a9f      0x5e7 FATFS/App/fatfs.o
 .debug_info    0x0000000000016086      0xbcd FATFS/Target/bsp_driver_sd.o
 .debug_info    0x0000000000016c53      0x28d FATFS/Target/fatfs_platform.o
 .debug_info    0x0000000000016ee0      0x505 Middlewares/Third_Party/FatFs/src/diskio.o
 .debug_info    0x00000000000173e5     0xd235 Middlewares/Third_Party/FatFs/src/ff.o
 .debug_info    0x000000000002461a      0x5ea Middlewares/Third_Party/FatFs/src/ff_gen_drv.o
 .debug_info    0x0000000000024c04      0xefe Middlewares/Third_Party/FatFs/src/drivers/sd_diskio.o
 .debug_info    0x0000000000025b02      0x2d1 Middlewares/Third_Party/FatFs/src/option/cc949.o
 .debug_info    0x0000000000025dd3      0xdd0 Middlewares/Third_Party/FatFs/src/option/syscall.o
 .debug_info    0x0000000000026ba3     0x2d62 Middlewares/Third_Party/FreeRTOS/Source/CMSIS_RTOS/cmsis_os.o
 .debug_info    0x0000000000029905      0xac0 Middlewares/Third_Party/FreeRTOS/Source/list.o
 .debug_info    0x000000000002a3c5     0x3ad1 Middlewares/Third_Party/FreeRTOS/Source/queue.o
 .debug_info    0x000000000002de96     0x3348 Middlewares/Third_Party/FreeRTOS/Source/tasks.o
 .debug_info    0x00000000000311de      0x507 Middlewares/Third_Party/FreeRTOS/Source/portable/GCC/ARM_CM3/port.o
 .debug_info    0x00000000000316e5      0xcab Middlewares/Third_Party/FreeRTOS/Source/portable/MemMang/heap_4.o

.debug_abbrev   0x0000000000000000     0x53e1
 .debug_abbrev  0x0000000000000000      0x109 Core/Src/freertos.o
 .debug_abbrev  0x0000000000000109      0x443 Core/Src/main.o
 .debug_abbrev  0x000000000000054c      0x209 Core/Src/stm32f2xx_hal_msp.o
 .debug_abbrev  0x0000000000000755      0x1ee Core/Src/stm32f2xx_hal_timebase_tim.o
 .debug_abbrev  0x0000000000000943      0x203 Core/Src/stm32f2xx_it.o
 .debug_abbrev  0x0000000000000b46      0x1c6 Core/Src/sysmem.o
 .debug_abbrev  0x0000000000000d0c      0x12b Core/Src/system_stm32f2xx.o
 .debug_abbrev  0x0000000000000e37       0x12 Core/Startup/startup_stm32f207zgtx.o
 .debug_abbrev  0x0000000000000e49      0x28c Drivers/STM32F2xx_HAL_Driver/Src/stm32f2xx_hal.o
 .debug_abbrev  0x00000000000010d5      0x320 Drivers/STM32F2xx_HAL_Driver/Src/stm32f2xx_hal_cortex.o
 .debug_abbrev  0x00000000000013f5      0x32b Drivers/STM32F2xx_HAL_Driver/Src/stm32f2xx_hal_dma.o
 .debug_abbrev  0x0000000000001720      0x1fa Drivers/STM32F2xx_HAL_Driver/Src/stm32f2xx_hal_gpio.o
 .debug_abbrev  0x000000000000191a      0x322 Drivers/STM32F2xx_HAL_Driver/Src/stm32f2xx_hal_rcc.o
 .debug_abbrev  0x0000000000001c3c      0x37c Drivers/STM32F2xx_HAL_Driver/Src/stm32f2xx_hal_sd.o
 .debug_abbrev  0x0000000000001fb8      0x34b Drivers/STM32F2xx_HAL_Driver/Src/stm32f2xx_hal_tim.o
 .debug_abbrev  0x0000000000002303      0x30f Drivers/STM32F2xx_HAL_Driver/Src/stm32f2xx_hal_tim_ex.o
 .debug_abbrev  0x0000000000002612      0x323 Drivers/STM32F2xx_HAL_Driver/Src/stm32f2xx_hal_uart.o
 .debug_abbrev  0x0000000000002935      0x2d9 Drivers/STM32F2xx_HAL_Driver/Src/stm32f2xx_ll_sdmmc.o
 .debug_abbrev  0x0000000000002c0e      0x1a7 FATFS/App/fatfs.o
 .debug_abbrev  0x0000000000002db5      0x28c FATFS/Target/bsp_driver_sd.o
 .debug_abbrev  0x0000000000003041      0x121 FATFS/Target/fatfs_platform.o
 .debug_abbrev  0x0000000000003162      0x1a8 Middlewares/Third_Party/FatFs/src/diskio.o
 .debug_abbrev  0x000000000000330a      0x40b Middlewares/Third_Party/FatFs/src/ff.o
 .debug_abbrev  0x0000000000003715      0x229 Middlewares/Third_Party/FatFs/src/ff_gen_drv.o
 .debug_abbrev  0x000000000000393e      0x2b4 Middlewares/Third_Party/FatFs/src/drivers/sd_diskio.o
 .debug_abbrev  0x0000000000003bf2      0x10d Middlewares/Third_Party/FatFs/src/option/cc949.o
 .debug_abbrev  0x0000000000003cff      0x259 Middlewares/Third_Party/FatFs/src/option/syscall.o
 .debug_abbrev  0x0000000000003f58      0x48c Middlewares/Third_Party/FreeRTOS/Source/CMSIS_RTOS/cmsis_os.o
 .debug_abbrev  0x00000000000043e4      0x1ed Middlewares/Third_Party/FreeRTOS/Source/list.o
 .debug_abbrev  0x00000000000045d1      0x438 Middlewares/Third_Party/FreeRTOS/Source/queue.o
 .debug_abbrev  0x0000000000004a09      0x486 Middlewares/Third_Party/FreeRTOS/Source/tasks.o
 .debug_abbrev  0x0000000000004e8f      0x23b Middlewares/Third_Party/FreeRTOS/Source/portable/GCC/ARM_CM3/port.o
 .debug_abbrev  0x00000000000050ca      0x317 Middlewares/Third_Party/FreeRTOS/Source/portable/MemMang/heap_4.o

.debug_aranges  0x0000000000000000     0x1408
 .debug_aranges
                0x0000000000000000       0x20 Core/Src/freertos.o
 .debug_aranges
                0x0000000000000020       0x58 Core/Src/main.o
 .debug_aranges
                0x0000000000000078       0x40 Core/Src/stm32f2xx_hal_msp.o
 .debug_aranges
                0x00000000000000b8       0x30 Core/Src/stm32f2xx_hal_timebase_tim.o
 .debug_aranges
                0x00000000000000e8       0x70 Core/Src/stm32f2xx_it.o
 .debug_aranges
                0x0000000000000158       0x20 Core/Src/sysmem.o
 .debug_aranges
                0x0000000000000178       0x28 Core/Src/system_stm32f2xx.o
 .debug_aranges
                0x00000000000001a0       0x28 Core/Startup/startup_stm32f207zgtx.o
 .debug_aranges
                0x00000000000001c8       0xe8 Drivers/STM32F2xx_HAL_Driver/Src/stm32f2xx_hal.o
 .debug_aranges
                0x00000000000002b0       0xa8 Drivers/STM32F2xx_HAL_Driver/Src/stm32f2xx_hal_cortex.o
 .debug_aranges
                0x0000000000000358       0x78 Drivers/STM32F2xx_HAL_Driver/Src/stm32f2xx_hal_dma.o
 .debug_aranges
                0x00000000000003d0       0x58 Drivers/STM32F2xx_HAL_Driver/Src/stm32f2xx_hal_gpio.o
 .debug_aranges
                0x0000000000000428       0x88 Drivers/STM32F2xx_HAL_Driver/Src/stm32f2xx_hal_rcc.o
 .debug_aranges
                0x00000000000004b0       0xf0 Drivers/STM32F2xx_HAL_Driver/Src/stm32f2xx_hal_sd.o
 .debug_aranges
                0x00000000000005a0      0x278 Drivers/STM32F2xx_HAL_Driver/Src/stm32f2xx_hal_tim.o
 .debug_aranges
                0x0000000000000818      0x110 Drivers/STM32F2xx_HAL_Driver/Src/stm32f2xx_hal_tim_ex.o
 .debug_aranges
                0x0000000000000928      0x158 Drivers/STM32F2xx_HAL_Driver/Src/stm32f2xx_hal_uart.o
 .debug_aranges
                0x0000000000000a80      0x140 Drivers/STM32F2xx_HAL_Driver/Src/stm32f2xx_ll_sdmmc.o
 .debug_aranges
                0x0000000000000bc0       0x28 FATFS/App/fatfs.o
 .debug_aranges
                0x0000000000000be8       0x88 FATFS/Target/bsp_driver_sd.o
 .debug_aranges
                0x0000000000000c70       0x20 FATFS/Target/fatfs_platform.o
 .debug_aranges
                0x0000000000000c90       0x48 Middlewares/Third_Party/FatFs/src/diskio.o
 .debug_aranges
                0x0000000000000cd8      0x160 Middlewares/Third_Party/FatFs/src/ff.o
 .debug_aranges
                0x0000000000000e38       0x40 Middlewares/Third_Party/FatFs/src/ff_gen_drv.o
 .debug_aranges
                0x0000000000000e78       0x40 Middlewares/Third_Party/FatFs/src/drivers/sd_diskio.o
 .debug_aranges
                0x0000000000000eb8       0x28 Middlewares/Third_Party/FatFs/src/option/cc949.o
 .debug_aranges
                0x0000000000000ee0       0x48 Middlewares/Third_Party/FatFs/src/option/syscall.o
 .debug_aranges
                0x0000000000000f28      0x190 Middlewares/Third_Party/FreeRTOS/Source/CMSIS_RTOS/cmsis_os.o
 .debug_aranges
                0x00000000000010b8       0x40 Middlewares/Third_Party/FreeRTOS/Source/list.o
 .debug_aranges
                0x00000000000010f8       0xd0 Middlewares/Third_Party/FreeRTOS/Source/queue.o
 .debug_aranges
                0x00000000000011c8      0x180 Middlewares/Third_Party/FreeRTOS/Source/tasks.o
 .debug_aranges
                0x0000000000001348       0x78 Middlewares/Third_Party/FreeRTOS/Source/portable/GCC/ARM_CM3/port.o
 .debug_aranges
                0x00000000000013c0       0x48 Middlewares/Third_Party/FreeRTOS/Source/portable/MemMang/heap_4.o

.debug_ranges   0x0000000000000000     0x6dd0
 .debug_ranges  0x0000000000000000       0x10 Core/Src/freertos.o
 .debug_ranges  0x0000000000000010      0x1d8 Core/Src/main.o
 .debug_ranges  0x00000000000001e8      0x100 Core/Src/stm32f2xx_hal_msp.o
 .debug_ranges  0x00000000000002e8       0x48 Core/Src/stm32f2xx_hal_timebase_tim.o
 .debug_ranges  0x0000000000000330       0x60 Core/Src/stm32f2xx_it.o
 .debug_ranges  0x0000000000000390       0x10 Core/Src/sysmem.o
 .debug_ranges  0x00000000000003a0       0x18 Core/Src/system_stm32f2xx.o
 .debug_ranges  0x00000000000003b8       0x20 Core/Startup/startup_stm32f207zgtx.o
 .debug_ranges  0x00000000000003d8       0xd8 Drivers/STM32F2xx_HAL_Driver/Src/stm32f2xx_hal.o
 .debug_ranges  0x00000000000004b0      0x160 Drivers/STM32F2xx_HAL_Driver/Src/stm32f2xx_hal_cortex.o
 .debug_ranges  0x0000000000000610      0x140 Drivers/STM32F2xx_HAL_Driver/Src/stm32f2xx_hal_dma.o
 .debug_ranges  0x0000000000000750       0x68 Drivers/STM32F2xx_HAL_Driver/Src/stm32f2xx_hal_gpio.o
 .debug_ranges  0x00000000000007b8      0x1e8 Drivers/STM32F2xx_HAL_Driver/Src/stm32f2xx_hal_rcc.o
 .debug_ranges  0x00000000000009a0      0x440 Drivers/STM32F2xx_HAL_Driver/Src/stm32f2xx_hal_sd.o
 .debug_ranges  0x0000000000000de0      0x8a0 Drivers/STM32F2xx_HAL_Driver/Src/stm32f2xx_hal_tim.o
 .debug_ranges  0x0000000000001680      0x250 Drivers/STM32F2xx_HAL_Driver/Src/stm32f2xx_hal_tim_ex.o
 .debug_ranges  0x00000000000018d0      0x320 Drivers/STM32F2xx_HAL_Driver/Src/stm32f2xx_hal_uart.o
 .debug_ranges  0x0000000000001bf0      0xd38 Drivers/STM32F2xx_HAL_Driver/Src/stm32f2xx_ll_sdmmc.o
 .debug_ranges  0x0000000000002928       0x18 FATFS/App/fatfs.o
 .debug_ranges  0x0000000000002940       0x78 FATFS/Target/bsp_driver_sd.o
 .debug_ranges  0x00000000000029b8       0x10 FATFS/Target/fatfs_platform.o
 .debug_ranges  0x00000000000029c8       0x38 Middlewares/Third_Party/FatFs/src/diskio.o
 .debug_ranges  0x0000000000002a00     0x34e0 Middlewares/Third_Party/FatFs/src/ff.o
 .debug_ranges  0x0000000000005ee0       0x70 Middlewares/Third_Party/FatFs/src/ff_gen_drv.o
 .debug_ranges  0x0000000000005f50       0x30 Middlewares/Third_Party/FatFs/src/drivers/sd_diskio.o
 .debug_ranges  0x0000000000005f80       0x18 Middlewares/Third_Party/FatFs/src/option/cc949.o
 .debug_ranges  0x0000000000005f98       0x38 Middlewares/Third_Party/FatFs/src/option/syscall.o
 .debug_ranges  0x0000000000005fd0      0x2d0 Middlewares/Third_Party/FreeRTOS/Source/CMSIS_RTOS/cmsis_os.o
 .debug_ranges  0x00000000000062a0       0x30 Middlewares/Third_Party/FreeRTOS/Source/list.o
 .debug_ranges  0x00000000000062d0      0x618 Middlewares/Third_Party/FreeRTOS/Source/queue.o
 .debug_ranges  0x00000000000068e8      0x420 Middlewares/Third_Party/FreeRTOS/Source/tasks.o
 .debug_ranges  0x0000000000006d08       0x90 Middlewares/Third_Party/FreeRTOS/Source/portable/GCC/ARM_CM3/port.o
 .debug_ranges  0x0000000000006d98       0x38 Middlewares/Third_Party/FreeRTOS/Source/portable/MemMang/heap_4.o

.debug_macro    0x0000000000000000    0x24150
 .debug_macro   0x0000000000000000      0x257 Core/Src/freertos.o
 .debug_macro   0x0000000000000257      0xa5a Core/Src/freertos.o
 .debug_macro   0x0000000000000cb1      0x174 Core/Src/freertos.o
 .debug_macro   0x0000000000000e25       0x22 Core/Src/freertos.o
 .debug_macro   0x0000000000000e47       0x8e Core/Src/freertos.o
 .debug_macro   0x0000000000000ed5       0x51 Core/Src/freertos.o
 .debug_macro   0x0000000000000f26       0xef Core/Src/freertos.o
 .debug_macro   0x0000000000001015       0x6a Core/Src/freertos.o
 .debug_macro   0x000000000000107f      0x1df Core/Src/freertos.o
 .debug_macro   0x000000000000125e       0xd6 Core/Src/freertos.o
 .debug_macro   0x0000000000001334      0x15a Core/Src/freertos.o
 .debug_macro   0x000000000000148e       0xd7 Core/Src/freertos.o
 .debug_macro   0x0000000000001565       0x10 Core/Src/freertos.o
 .debug_macro   0x0000000000001575       0x1f Core/Src/freertos.o
 .debug_macro   0x0000000000001594      0x4b7 Core/Src/freertos.o
 .debug_macro   0x0000000000001a4b       0xb5 Core/Src/freertos.o
 .debug_macro   0x0000000000001b00       0x8c Core/Src/freertos.o
 .debug_macro   0x0000000000001b8c      0x244 Core/Src/freertos.o
 .debug_macro   0x0000000000001dd0       0x2e Core/Src/freertos.o
 .debug_macro   0x0000000000001dfe       0x22 Core/Src/freertos.o