stm32f2xx_it.c:74:6:NMI_Handler	0	static
stm32f2xx_it.c:87:6:HardFault_Handler	0	static
stm32f2xx_it.c:102:6:MemManage_Handler	0	static
stm32f2xx_it.c:117:6:BusFault_Handler	0	static
stm32f2xx_it.c:132:6:UsageFault_Handler	0	static
stm32f2xx_it.c:147:6:DebugMon_Handler	0	static
stm32f2xx_it.c:167:6:EXTI9_5_IRQHandler	8	static
stm32f2xx_it.c:182:6:TIM1_BRK_TIM9_IRQHandler	0	static
stm32f2xx_it.c:196:6:EXTI15_10_IRQHandler	8	static
stm32f2xx_it.c:213:6:SDIO_IRQHandler	0	static
stm32f2xx_it.c:227:6:DMA2_Stream3_IRQHandler	0	static
stm32f2xx_it.c:241:6:DMA2_Stream6_IRQHandler	0	static
